
===========================================================================
 report_power
============================================================================
======================= nom_ff_n40C_1v95 Corner ===================================

Group                    Internal    Switching      Leakage        Total
                            Power        Power        Power        Power (Watts)
------------------------------------------------------------------------
Sequential           2.113389e-05 3.456919e-06 5.805177e-11 2.459087e-05  20.8%
Combinational        9.783023e-06 1.264254e-05 2.383508e-10 2.242580e-05  19.0%
Clock                5.853122e-05 1.272298e-05 2.636781e-10 7.125446e-05  60.2%
Macro                0.000000e+00 0.000000e+00 0.000000e+00 0.000000e+00   0.0%
Pad                  0.000000e+00 0.000000e+00 0.000000e+00 0.000000e+00   0.0%
------------------------------------------------------------------------
Total                8.944813e-05 2.882244e-05 5.600806e-10 1.182711e-04 100.0%
                            75.6%        24.4%         0.0%

