
===========================================================================
report_checks -path_delay max (Setup)
============================================================================
======================= max_ss_100C_1v60 Corner ===================================

Startpoint: up_down (input port clocked by clk)
Endpoint: _49_ (rising edge-triggered flip-flop clocked by clk)
Path Group: clk
Path Type: max

Fanout         Cap        Slew       Delay        Time   Description
---------------------------------------------------------------------------------------------
                                  0.000000    0.000000   clock clk (rise edge)
                                  0.000000    0.000000   clock network delay (propagated)
                                  1.000000    1.000000 v input external delay
     1    0.002510    0.000000    0.000000    1.000000 v up_down (in)
                                                         up_down (net)
                      0.000155    0.000077    1.000077 v input3/A (sky130_fd_sc_hd__buf_1)
     5    0.013309    0.159425    0.217186    1.217263 v input3/X (sky130_fd_sc_hd__buf_1)
                                                         net3 (net)
                      0.159425    0.000545    1.217808 v _41_/A1 (sky130_fd_sc_hd__o31ai_1)
     2    0.008224    0.573410    0.644965    1.862774 ^ _41_/Y (sky130_fd_sc_hd__o31ai_1)
                                                         _19_ (net)
                      0.573410    0.000810    1.863584 ^ _44_/C (sky130_fd_sc_hd__nand4_1)
     1    0.003572    0.211506    0.378330    2.241914 v _44_/Y (sky130_fd_sc_hd__nand4_1)
                                                         _22_ (net)
                      0.211507    0.000267    2.242181 v _45_/A3 (sky130_fd_sc_hd__a31o_1)
     1    0.002328    0.061816    0.440247    2.682428 v _45_/X (sky130_fd_sc_hd__a31o_1)
                                                         _03_ (net)
                      0.061816    0.000097    2.682525 v _49_/D (sky130_fd_sc_hd__dfxtp_1)
                                              2.682525   data arrival time

                                 10.000000   10.000000   clock clk (rise edge)
                                  0.000000   10.000000   clock source latency
     1    0.009391    0.000000    0.000000   10.000000 ^ clk (in)
                                                         clk (net)
                      0.000580    0.000290   10.000291 ^ clkbuf_0_clk/A (sky130_fd_sc_hd__clkbuf_16)
     2    0.017948    0.064756    0.188326   10.188617 ^ clkbuf_0_clk/X (sky130_fd_sc_hd__clkbuf_16)
                                                         clknet_0_clk (net)
                      0.064768    0.001083   10.189699 ^ clkbuf_1_0__f_clk/A (sky130_fd_sc_hd__clkbuf_16)
     2    0.004908    0.047685    0.195558   10.385258 ^ clkbuf_1_0__f_clk/X (sky130_fd_sc_hd__clkbuf_16)
                                                         clknet_1_0__leaf_clk (net)
                      0.047686    0.000294   10.385551 ^ _49_/CLK (sky130_fd_sc_hd__dfxtp_1)
                                  0.000000   10.385551   clock reconvergence pessimism
                                 -0.271587   10.113964   library setup time
                                             10.113964   data required time
---------------------------------------------------------------------------------------------
                                             10.113964   data required time
                                             -2.682525   data arrival time
---------------------------------------------------------------------------------------------
                                              7.431439   slack (MET)


Startpoint: _46_ (rising edge-triggered flip-flop clocked by clk)
Endpoint: counter[0] (output port clocked by clk)
Path Group: clk
Path Type: max

Fanout         Cap        Slew       Delay        Time   Description
---------------------------------------------------------------------------------------------
                                  0.000000    0.000000   clock clk (rise edge)
                                  0.000000    0.000000   clock source latency
     1    0.009391    0.000000    0.000000    0.000000 ^ clk (in)
                                                         clk (net)
                      0.000580    0.000290    0.000290 ^ clkbuf_0_clk/A (sky130_fd_sc_hd__clkbuf_16)
     2    0.017948    0.064756    0.188326    0.188616 ^ clkbuf_0_clk/X (sky130_fd_sc_hd__clkbuf_16)
                                                         clknet_0_clk (net)
                      0.064768    0.001069    0.189685 ^ clkbuf_1_1__f_clk/A (sky130_fd_sc_hd__clkbuf_16)
     2    0.005540    0.048556    0.196749    0.386434 ^ clkbuf_1_1__f_clk/X (sky130_fd_sc_hd__clkbuf_16)
                                                         clknet_1_1__leaf_clk (net)
                      0.048556    0.000307    0.386741 ^ _46_/CLK (sky130_fd_sc_hd__dfxtp_1)
     7    0.025590    0.386852    0.851104    1.237845 ^ _46_/Q (sky130_fd_sc_hd__dfxtp_1)
                                                         net4 (net)
                      0.386852    0.000643    1.238489 ^ output4/A (sky130_fd_sc_hd__buf_1)
     1    0.000402    0.038649    0.223897    1.462386 ^ output4/X (sky130_fd_sc_hd__buf_1)
                                                         counter[0] (net)
                      0.038649    0.000011    1.462397 ^ counter[0] (out)
                                              1.462397   data arrival time

                                 10.000000   10.000000   clock clk (rise edge)
                                  0.000000   10.000000   clock network delay (propagated)
                                  0.000000   10.000000   clock reconvergence pessimism
                                 -1.000000    9.000000   output external delay
                                              9.000000   data required time
---------------------------------------------------------------------------------------------
                                              9.000000   data required time
                                             -1.462397   data arrival time
---------------------------------------------------------------------------------------------
                                              7.537604   slack (MET)


Startpoint: _47_ (rising edge-triggered flip-flop clocked by clk)
Endpoint: counter[1] (output port clocked by clk)
Path Group: clk
Path Type: max

Fanout         Cap        Slew       Delay        Time   Description
---------------------------------------------------------------------------------------------
                                  0.000000    0.000000   clock clk (rise edge)
                                  0.000000    0.000000   clock source latency
     1    0.009391    0.000000    0.000000    0.000000 ^ clk (in)
                                                         clk (net)
                      0.000580    0.000290    0.000290 ^ clkbuf_0_clk/A (sky130_fd_sc_hd__clkbuf_16)
     2    0.017948    0.064756    0.188326    0.188616 ^ clkbuf_0_clk/X (sky130_fd_sc_hd__clkbuf_16)
                                                         clknet_0_clk (net)
                      0.064768    0.001082    0.189699 ^ clkbuf_1_0__f_clk/A (sky130_fd_sc_hd__clkbuf_16)
     2    0.004908    0.047685    0.195559    0.385257 ^ clkbuf_1_0__f_clk/X (sky130_fd_sc_hd__clkbuf_16)
                                                         clknet_1_0__leaf_clk (net)
                      0.047686    0.000267    0.385524 ^ _47_/CLK (sky130_fd_sc_hd__dfxtp_1)
     6    0.021883    0.333776    0.813440    1.198964 ^ _47_/Q (sky130_fd_sc_hd__dfxtp_1)
                                                         net5 (net)
                      0.333776    0.000694    1.199658 ^ output5/A (sky130_fd_sc_hd__buf_1)
     1    0.000505    0.039199    0.211234    1.410893 ^ output5/X (sky130_fd_sc_hd__buf_1)
                                                         counter[1] (net)
                      0.039199    0.000015    1.410908 ^ counter[1] (out)
                                              1.410908   data arrival time

                                 10.000000   10.000000   clock clk (rise edge)
                                  0.000000   10.000000   clock network delay (propagated)
                                  0.000000   10.000000   clock reconvergence pessimism
                                 -1.000000    9.000000   output external delay
                                              9.000000   data required time
---------------------------------------------------------------------------------------------
                                              9.000000   data required time
                                             -1.410908   data arrival time
---------------------------------------------------------------------------------------------
                                              7.589092   slack (MET)


Startpoint: _46_ (rising edge-triggered flip-flop clocked by clk)
Endpoint: _48_ (rising edge-triggered flip-flop clocked by clk)
Path Group: clk
Path Type: max

Fanout         Cap        Slew       Delay        Time   Description
---------------------------------------------------------------------------------------------
                                  0.000000    0.000000   clock clk (rise edge)
                                  0.000000    0.000000   clock source latency
     1    0.009391    0.000000    0.000000    0.000000 ^ clk (in)
                                                         clk (net)
                      0.000580    0.000290    0.000290 ^ clkbuf_0_clk/A (sky130_fd_sc_hd__clkbuf_16)
     2    0.017948    0.064756    0.188326    0.188616 ^ clkbuf_0_clk/X (sky130_fd_sc_hd__clkbuf_16)
                                                         clknet_0_clk (net)
                      0.064768    0.001069    0.189685 ^ clkbuf_1_1__f_clk/A (sky130_fd_sc_hd__clkbuf_16)
     2    0.005540    0.048556    0.196749    0.386434 ^ clkbuf_1_1__f_clk/X (sky130_fd_sc_hd__clkbuf_16)
                                                         clknet_1_1__leaf_clk (net)
                      0.048556    0.000307    0.386741 ^ _46_/CLK (sky130_fd_sc_hd__dfxtp_1)
     7    0.025590    0.386852    0.851104    1.237845 ^ _46_/Q (sky130_fd_sc_hd__dfxtp_1)
                                                         net4 (net)
                      0.386859    0.002279    1.240124 ^ _29_/A (sky130_fd_sc_hd__xor2_1)
     2    0.004093    0.135394    0.251123    1.491247 v _29_/X (sky130_fd_sc_hd__xor2_1)
                                                         _09_ (net)
                      0.135394    0.000130    1.491377 v _30_/B (sky130_fd_sc_hd__or2_1)
     2    0.007937    0.141538    0.540825    2.032202 v _30_/X (sky130_fd_sc_hd__or2_1)
                                                         _10_ (net)
                      0.141538    0.000547    2.032749 v _38_/A (sky130_fd_sc_hd__xnor2_1)
     1    0.002880    0.190882    0.273017    2.305766 ^ _38_/Y (sky130_fd_sc_hd__xnor2_1)
                                                         _17_ (net)
                      0.190882    0.000218    2.305984 ^ _40_/A2 (sky130_fd_sc_hd__o21ai_1)
     1    0.002016    0.084928    0.146068    2.452052 v _40_/Y (sky130_fd_sc_hd__o21ai_1)
                                                         _02_ (net)
                      0.084928    0.000091    2.452144 v _48_/D (sky130_fd_sc_hd__dfxtp_1)
                                              2.452144   data arrival time

                                 10.000000   10.000000   clock clk (rise edge)
                                  0.000000   10.000000   clock source latency
     1    0.009391    0.000000    0.000000   10.000000 ^ clk (in)
                                                         clk (net)
                      0.000580    0.000290   10.000291 ^ clkbuf_0_clk/A (sky130_fd_sc_hd__clkbuf_16)
     2    0.017948    0.064756    0.188326   10.188617 ^ clkbuf_0_clk/X (sky130_fd_sc_hd__clkbuf_16)
                                                         clknet_0_clk (net)
                      0.064768    0.001069   10.189686 ^ clkbuf_1_1__f_clk/A (sky130_fd_sc_hd__clkbuf_16)
     2    0.005540    0.048556    0.196748   10.386435 ^ clkbuf_1_1__f_clk/X (sky130_fd_sc_hd__clkbuf_16)
                                                         clknet_1_1__leaf_clk (net)
                      0.048557    0.000358   10.386792 ^ _48_/CLK (sky130_fd_sc_hd__dfxtp_1)
                                  0.000000   10.386792   clock reconvergence pessimism
                                 -0.280963   10.105829   library setup time
                                             10.105829   data required time
---------------------------------------------------------------------------------------------
                                             10.105829   data required time
                                             -2.452144   data arrival time
---------------------------------------------------------------------------------------------
                                              7.653686   slack (MET)


Startpoint: _48_ (rising edge-triggered flip-flop clocked by clk)
Endpoint: counter[2] (output port clocked by clk)
Path Group: clk
Path Type: max

Fanout         Cap        Slew       Delay        Time   Description
---------------------------------------------------------------------------------------------
                                  0.000000    0.000000   clock clk (rise edge)
                                  0.000000    0.000000   clock source latency
     1    0.009391    0.000000    0.000000    0.000000 ^ clk (in)
                                                         clk (net)
                      0.000580    0.000290    0.000290 ^ clkbuf_0_clk/A (sky130_fd_sc_hd__clkbuf_16)
     2    0.017948    0.064756    0.188326    0.188616 ^ clkbuf_0_clk/X (sky130_fd_sc_hd__clkbuf_16)
                                                         clknet_0_clk (net)
                      0.064768    0.001069    0.189685 ^ clkbuf_1_1__f_clk/A (sky130_fd_sc_hd__clkbuf_16)
     2    0.005540    0.048556    0.196749    0.386434 ^ clkbuf_1_1__f_clk/X (sky130_fd_sc_hd__clkbuf_16)
                                                         clknet_1_1__leaf_clk (net)
                      0.048557    0.000358    0.386792 ^ _48_/CLK (sky130_fd_sc_hd__dfxtp_1)
     5    0.016897    0.262831    0.762370    1.149161 ^ _48_/Q (sky130_fd_sc_hd__dfxtp_1)
                                                         net6 (net)
                      0.262831    0.001000    1.150161 ^ output6/A (sky130_fd_sc_hd__buf_1)
     1    0.000565    0.038725    0.193009    1.343171 ^ output6/X (sky130_fd_sc_hd__buf_1)
                                                         counter[2] (net)
                      0.038725    0.000015    1.343185 ^ counter[2] (out)
                                              1.343185   data arrival time

                                 10.000000   10.000000   clock clk (rise edge)
                                  0.000000   10.000000   clock network delay (propagated)
                                  0.000000   10.000000   clock reconvergence pessimism
                                 -1.000000    9.000000   output external delay
                                              9.000000   data required time
---------------------------------------------------------------------------------------------
                                              9.000000   data required time
                                             -1.343185   data arrival time
---------------------------------------------------------------------------------------------
                                              7.656815   slack (MET)


Startpoint: _46_ (rising edge-triggered flip-flop clocked by clk)
Endpoint: _47_ (rising edge-triggered flip-flop clocked by clk)
Path Group: clk
Path Type: max

Fanout         Cap        Slew       Delay        Time   Description
---------------------------------------------------------------------------------------------
                                  0.000000    0.000000   clock clk (rise edge)
                                  0.000000    0.000000   clock source latency
     1    0.009391    0.000000    0.000000    0.000000 ^ clk (in)
                                                         clk (net)
                      0.000580    0.000290    0.000290 ^ clkbuf_0_clk/A (sky130_fd_sc_hd__clkbuf_16)
     2    0.017948    0.064756    0.188326    0.188616 ^ clkbuf_0_clk/X (sky130_fd_sc_hd__clkbuf_16)
                                                         clknet_0_clk (net)
                      0.064768    0.001069    0.189685 ^ clkbuf_1_1__f_clk/A (sky130_fd_sc_hd__clkbuf_16)
     2    0.005540    0.048556    0.196749    0.386434 ^ clkbuf_1_1__f_clk/X (sky130_fd_sc_hd__clkbuf_16)
                                                         clknet_1_1__leaf_clk (net)
                      0.048556    0.000307    0.386741 ^ _46_/CLK (sky130_fd_sc_hd__dfxtp_1)
     7    0.025590    0.386852    0.851104    1.237845 ^ _46_/Q (sky130_fd_sc_hd__dfxtp_1)
                                                         net4 (net)
                      0.386859    0.002279    1.240124 ^ _29_/A (sky130_fd_sc_hd__xor2_1)
     2    0.004410    0.228432    0.373079    1.613204 ^ _29_/X (sky130_fd_sc_hd__xor2_1)
                                                         _09_ (net)
                      0.228432    0.000140    1.613344 ^ _30_/B (sky130_fd_sc_hd__or2_1)
     2    0.008308    0.140796    0.286659    1.900003 ^ _30_/X (sky130_fd_sc_hd__or2_1)
                                                         _10_ (net)
                      0.140796    0.000612    1.900615 ^ _32_/A (sky130_fd_sc_hd__nand2_1)
     1    0.003486    0.085104    0.132115    2.032730 v _32_/Y (sky130_fd_sc_hd__nand2_1)
                                                         _12_ (net)
                      0.085104    0.000272    2.033002 v _34_/A3 (sky130_fd_sc_hd__a31o_1)
     1    0.002366    0.062098    0.383442    2.416444 v _34_/X (sky130_fd_sc_hd__a31o_1)
                                                         _01_ (net)
                      0.062098    0.000162    2.416606 v _47_/D (sky130_fd_sc_hd__dfxtp_1)
                                              2.416606   data arrival time

                                 10.000000   10.000000   clock clk (rise edge)
                                  0.000000   10.000000   clock source latency
     1    0.009391    0.000000    0.000000   10.000000 ^ clk (in)
                                                         clk (net)
                      0.000580    0.000290   10.000291 ^ clkbuf_0_clk/A (sky130_fd_sc_hd__clkbuf_16)
     2    0.017948    0.064756    0.188326   10.188617 ^ clkbuf_0_clk/X (sky130_fd_sc_hd__clkbuf_16)
                                                         clknet_0_clk (net)
                      0.064768    0.001083   10.189699 ^ clkbuf_1_0__f_clk/A (sky130_fd_sc_hd__clkbuf_16)
     2    0.004908    0.047685    0.195558   10.385258 ^ clkbuf_1_0__f_clk/X (sky130_fd_sc_hd__clkbuf_16)
                                                         clknet_1_0__leaf_clk (net)
                      0.047686    0.000266   10.385524 ^ _47_/CLK (sky130_fd_sc_hd__dfxtp_1)
                                  0.000000   10.385524   clock reconvergence pessimism
                                 -0.271704   10.113819   library setup time
                                             10.113819   data required time
---------------------------------------------------------------------------------------------
                                             10.113819   data required time
                                             -2.416606   data arrival time
---------------------------------------------------------------------------------------------
                                              7.697214   slack (MET)


Startpoint: _49_ (rising edge-triggered flip-flop clocked by clk)
Endpoint: counter[3] (output port clocked by clk)
Path Group: clk
Path Type: max

Fanout         Cap        Slew       Delay        Time   Description
---------------------------------------------------------------------------------------------
                                  0.000000    0.000000   clock clk (rise edge)
                                  0.000000    0.000000   clock source latency
     1    0.009391    0.000000    0.000000    0.000000 ^ clk (in)
                                                         clk (net)
                      0.000580    0.000290    0.000290 ^ clkbuf_0_clk/A (sky130_fd_sc_hd__clkbuf_16)
     2    0.017948    0.064756    0.188326    0.188616 ^ clkbuf_0_clk/X (sky130_fd_sc_hd__clkbuf_16)
                                                         clknet_0_clk (net)
                      0.064768    0.001082    0.189699 ^ clkbuf_1_0__f_clk/A (sky130_fd_sc_hd__clkbuf_16)
     2    0.004908    0.047685    0.195559    0.385257 ^ clkbuf_1_0__f_clk/X (sky130_fd_sc_hd__clkbuf_16)
                                                         clknet_1_0__leaf_clk (net)
                      0.047686    0.000294    0.385551 ^ _49_/CLK (sky130_fd_sc_hd__dfxtp_1)
     3    0.010778    0.177153    0.699107    1.084658 ^ _49_/Q (sky130_fd_sc_hd__dfxtp_1)
                                                         net7 (net)
                      0.177153    0.000532    1.085191 ^ output7/A (sky130_fd_sc_hd__buf_1)
     1    0.000326    0.033353    0.159800    1.244990 ^ output7/X (sky130_fd_sc_hd__buf_1)
                                                         counter[3] (net)
                      0.033353    0.000009    1.244999 ^ counter[3] (out)
                                              1.244999   data arrival time

                                 10.000000   10.000000   clock clk (rise edge)
                                  0.000000   10.000000   clock network delay (propagated)
                                  0.000000   10.000000   clock reconvergence pessimism
                                 -1.000000    9.000000   output external delay
                                              9.000000   data required time
---------------------------------------------------------------------------------------------
                                              9.000000   data required time
                                             -1.244999   data arrival time
---------------------------------------------------------------------------------------------
                                              7.755001   slack (MET)


Startpoint: enable (input port clocked by clk)
Endpoint: _46_ (rising edge-triggered flip-flop clocked by clk)
Path Group: clk
Path Type: max

Fanout         Cap        Slew       Delay        Time   Description
---------------------------------------------------------------------------------------------
                                  0.000000    0.000000   clock clk (rise edge)
                                  0.000000    0.000000   clock network delay (propagated)
                                  1.000000    1.000000 ^ input external delay
     1    0.002555    0.000000    0.000000    1.000000 ^ enable (in)
                                                         enable (net)
                      0.000161    0.000080    1.000080 ^ input1/A (sky130_fd_sc_hd__buf_1)
     5    0.016602    0.320028    0.299050    1.299130 ^ input1/X (sky130_fd_sc_hd__buf_1)
                                                         net1 (net)
                      0.320029    0.000479    1.299609 ^ _26_/A (sky130_fd_sc_hd__nor2_1)
     3    0.010338    0.129756    0.236309    1.535918 v _26_/Y (sky130_fd_sc_hd__nor2_1)
                                                         _07_ (net)
                      0.129757    0.000641    1.536559 v _27_/A2 (sky130_fd_sc_hd__a21oi_1)
     1    0.003558    0.189481    0.268749    1.805308 ^ _27_/Y (sky130_fd_sc_hd__a21oi_1)
                                                         _08_ (net)
                      0.189481    0.000271    1.805579 ^ _28_/B1 (sky130_fd_sc_hd__o21ai_1)
     1    0.002392    0.102381    0.163270    1.968850 v _28_/Y (sky130_fd_sc_hd__o21ai_1)
                                                         _00_ (net)
                      0.102390    0.000158    1.969007 v _46_/D (sky130_fd_sc_hd__dfxtp_1)
                                              1.969007   data arrival time

                                 10.000000   10.000000   clock clk (rise edge)
                                  0.000000   10.000000   clock source latency
     1    0.009391    0.000000    0.000000   10.000000 ^ clk (in)
                                                         clk (net)
                      0.000580    0.000290   10.000291 ^ clkbuf_0_clk/A (sky130_fd_sc_hd__clkbuf_16)
     2    0.017948    0.064756    0.188326   10.188617 ^ clkbuf_0_clk/X (sky130_fd_sc_hd__clkbuf_16)
                                                         clknet_0_clk (net)
                      0.064768    0.001069   10.189686 ^ clkbuf_1_1__f_clk/A (sky130_fd_sc_hd__clkbuf_16)
     2    0.005540    0.048556    0.196748   10.386435 ^ clkbuf_1_1__f_clk/X (sky130_fd_sc_hd__clkbuf_16)
                                                         clknet_1_1__leaf_clk (net)
                      0.048556    0.000306   10.386741 ^ _46_/CLK (sky130_fd_sc_hd__dfxtp_1)
                                  0.000000   10.386741   clock reconvergence pessimism
                                 -0.288223   10.098517   library setup time
                                             10.098517   data required time
---------------------------------------------------------------------------------------------
                                             10.098517   data required time
                                             -1.969007   data arrival time
---------------------------------------------------------------------------------------------
                                              8.129510   slack (MET)



