
===========================================================================
report_checks -path_delay min (Hold)
============================================================================
======================= min_ss_100C_1v60 Corner ===================================

Startpoint: _46_ (rising edge-triggered flip-flop clocked by clk)
Endpoint: _46_ (rising edge-triggered flip-flop clocked by clk)
Path Group: clk
Path Type: min

Fanout         Cap        Slew       Delay        Time   Description
---------------------------------------------------------------------------------------------
                                  0.000000    0.000000   clock clk (rise edge)
                                  0.000000    0.000000   clock source latency
     1    0.010531    0.084740    0.055000    0.055000 ^ clk (in)
                                                         clk (net)
                      0.084740    0.000000    0.055000 ^ clkbuf_0_clk/A (sky130_fd_sc_hd__clkbuf_16)
     2    0.018060    0.065006    0.225531    0.280531 ^ clkbuf_0_clk/X (sky130_fd_sc_hd__clkbuf_16)
                                                         clknet_0_clk (net)
                      0.065006    0.000198    0.280729 ^ clkbuf_1_0__f_clk/A (sky130_fd_sc_hd__clkbuf_16)
     2    0.005837    0.048947    0.197459    0.478188 ^ clkbuf_1_0__f_clk/X (sky130_fd_sc_hd__clkbuf_16)
                                                         clknet_1_0__leaf_clk (net)
                      0.048947    0.000057    0.478244 ^ _46_/CLK (sky130_fd_sc_hd__dfxtp_1)
     7    0.025235    0.230746    0.714484    1.192728 v _46_/Q (sky130_fd_sc_hd__dfxtp_1)
                                                         net4 (net)
                      0.230746    0.000349    1.193077 v _27_/A1 (sky130_fd_sc_hd__a21oi_1)
     1    0.002786    0.150676    0.268778    1.461855 ^ _27_/Y (sky130_fd_sc_hd__a21oi_1)
                                                         _08_ (net)
                      0.150676    0.000029    1.461884 ^ _28_/B1 (sky130_fd_sc_hd__o21ai_1)
     1    0.004100    0.087505    0.169095    1.630979 v _28_/Y (sky130_fd_sc_hd__o21ai_1)
                                                         _00_ (net)
                      0.087505    0.000069    1.631048 v _46_/D (sky130_fd_sc_hd__dfxtp_1)
                                              1.631048   data arrival time

                                  0.000000    0.000000   clock clk (rise edge)
                                  0.000000    0.000000   clock source latency
     1    0.010531    0.084740    0.055000    0.055000 ^ clk (in)
                                                         clk (net)
                      0.084740    0.000000    0.055000 ^ clkbuf_0_clk/A (sky130_fd_sc_hd__clkbuf_16)
     2    0.018060    0.065006    0.225531    0.280531 ^ clkbuf_0_clk/X (sky130_fd_sc_hd__clkbuf_16)
                                                         clknet_0_clk (net)
                      0.065006    0.000198    0.280729 ^ clkbuf_1_0__f_clk/A (sky130_fd_sc_hd__clkbuf_16)
     2    0.005837    0.048947    0.197459    0.478188 ^ clkbuf_1_0__f_clk/X (sky130_fd_sc_hd__clkbuf_16)
                                                         clknet_1_0__leaf_clk (net)
                      0.048947    0.000057    0.478244 ^ _46_/CLK (sky130_fd_sc_hd__dfxtp_1)
                                  0.250000    0.728244   clock uncertainty
                                  0.000000    0.728244   clock reconvergence pessimism
                                 -0.116807    0.611438   library hold time
                                              0.611438   data required time
---------------------------------------------------------------------------------------------
                                              0.611438   data required time
                                             -1.631048   data arrival time
---------------------------------------------------------------------------------------------
                                              1.019610   slack (MET)


Startpoint: _47_ (rising edge-triggered flip-flop clocked by clk)
Endpoint: _47_ (rising edge-triggered flip-flop clocked by clk)
Path Group: clk
Path Type: min

Fanout         Cap        Slew       Delay        Time   Description
---------------------------------------------------------------------------------------------
                                  0.000000    0.000000   clock clk (rise edge)
                                  0.000000    0.000000   clock source latency
     1    0.010531    0.084740    0.055000    0.055000 ^ clk (in)
                                                         clk (net)
                      0.084740    0.000000    0.055000 ^ clkbuf_0_clk/A (sky130_fd_sc_hd__clkbuf_16)
     2    0.018060    0.065006    0.225531    0.280531 ^ clkbuf_0_clk/X (sky130_fd_sc_hd__clkbuf_16)
                                                         clknet_0_clk (net)
                      0.065006    0.000227    0.280758 ^ clkbuf_1_1__f_clk/A (sky130_fd_sc_hd__clkbuf_16)
     2    0.005249    0.048147    0.196342    0.477100 ^ clkbuf_1_1__f_clk/X (sky130_fd_sc_hd__clkbuf_16)
                                                         clknet_1_1__leaf_clk (net)
                      0.048147    0.000059    0.477159 ^ _47_/CLK (sky130_fd_sc_hd__dfxtp_1)
     6    0.022756    0.346175    0.822736    1.299895 ^ _47_/Q (sky130_fd_sc_hd__dfxtp_1)
                                                         net5 (net)
                      0.346175    0.000333    1.300228 ^ _33_/A1 (sky130_fd_sc_hd__a21o_1)
     1    0.003561    0.073184    0.312811    1.613039 ^ _33_/X (sky130_fd_sc_hd__a21o_1)
                                                         _13_ (net)
                      0.073184    0.000041    1.613080 ^ _34_/B1 (sky130_fd_sc_hd__a31o_1)
     1    0.002219    0.063120    0.154162    1.767242 ^ _34_/X (sky130_fd_sc_hd__a31o_1)
                                                         _01_ (net)
                      0.063120    0.000022    1.767264 ^ _47_/D (sky130_fd_sc_hd__dfxtp_1)
                                              1.767264   data arrival time

                                  0.000000    0.000000   clock clk (rise edge)
                                  0.000000    0.000000   clock source latency
     1    0.010531    0.084740    0.055000    0.055000 ^ clk (in)
                                                         clk (net)
                      0.084740    0.000000    0.055000 ^ clkbuf_0_clk/A (sky130_fd_sc_hd__clkbuf_16)
     2    0.018060    0.065006    0.225531    0.280531 ^ clkbuf_0_clk/X (sky130_fd_sc_hd__clkbuf_16)
                                                         clknet_0_clk (net)
                      0.065006    0.000227    0.280758 ^ clkbuf_1_1__f_clk/A (sky130_fd_sc_hd__clkbuf_16)
     2    0.005249    0.048147    0.196342    0.477100 ^ clkbuf_1_1__f_clk/X (sky130_fd_sc_hd__clkbuf_16)
                                                         clknet_1_1__leaf_clk (net)
                      0.048147    0.000059    0.477159 ^ _47_/CLK (sky130_fd_sc_hd__dfxtp_1)
                                  0.250000    0.727159   clock uncertainty
                                  0.000000    0.727159   clock reconvergence pessimism
                                 -0.073892    0.653267   library hold time
                                              0.653267   data required time
---------------------------------------------------------------------------------------------
                                              0.653267   data required time
                                             -1.767264   data arrival time
---------------------------------------------------------------------------------------------
                                              1.113997   slack (MET)


Startpoint: _48_ (rising edge-triggered flip-flop clocked by clk)
Endpoint: _48_ (rising edge-triggered flip-flop clocked by clk)
Path Group: clk
Path Type: min

Fanout         Cap        Slew       Delay        Time   Description
---------------------------------------------------------------------------------------------
                                  0.000000    0.000000   clock clk (rise edge)
                                  0.000000    0.000000   clock source latency
     1    0.010531    0.084740    0.055000    0.055000 ^ clk (in)
                                                         clk (net)
                      0.084740    0.000000    0.055000 ^ clkbuf_0_clk/A (sky130_fd_sc_hd__clkbuf_16)
     2    0.018060    0.065006    0.225531    0.280531 ^ clkbuf_0_clk/X (sky130_fd_sc_hd__clkbuf_16)
                                                         clknet_0_clk (net)
                      0.065006    0.000198    0.280729 ^ clkbuf_1_0__f_clk/A (sky130_fd_sc_hd__clkbuf_16)
     2    0.005837    0.048947    0.197459    0.478188 ^ clkbuf_1_0__f_clk/X (sky130_fd_sc_hd__clkbuf_16)
                                                         clknet_1_0__leaf_clk (net)
                      0.048947    0.000049    0.478237 ^ _48_/CLK (sky130_fd_sc_hd__dfxtp_1)
     5    0.013754    0.134152    0.642311    1.120548 v _48_/Q (sky130_fd_sc_hd__dfxtp_1)
                                                         net6 (net)
                      0.134152    0.000228    1.120776 v _36_/C (sky130_fd_sc_hd__nand3_1)
     2    0.006325    0.137824    0.189419    1.310195 ^ _36_/Y (sky130_fd_sc_hd__nand3_1)
                                                         _15_ (net)
                      0.137824    0.000058    1.310253 ^ _37_/B (sky130_fd_sc_hd__nand2_1)
     1    0.004841    0.102186    0.155764    1.466017 v _37_/Y (sky130_fd_sc_hd__nand2_1)
                                                         _16_ (net)
                      0.102186    0.000026    1.466043 v _38_/B (sky130_fd_sc_hd__xnor2_1)
     1    0.003052    0.077508    0.230835    1.696878 ^ _38_/Y (sky130_fd_sc_hd__xnor2_1)
                                                         _17_ (net)
                      0.077508    0.000028    1.696905 ^ _40_/A2 (sky130_fd_sc_hd__o21ai_1)
     1    0.002372    0.062547    0.110178    1.807084 v _40_/Y (sky130_fd_sc_hd__o21ai_1)
                                                         _02_ (net)
                      0.062547    0.000015    1.807099 v _48_/D (sky130_fd_sc_hd__dfxtp_1)
                                              1.807099   data arrival time

                                  0.000000    0.000000   clock clk (rise edge)
                                  0.000000    0.000000   clock source latency
     1    0.010531    0.084740    0.055000    0.055000 ^ clk (in)
                                                         clk (net)
                      0.084740    0.000000    0.055000 ^ clkbuf_0_clk/A (sky130_fd_sc_hd__clkbuf_16)
     2    0.018060    0.065006    0.225531    0.280531 ^ clkbuf_0_clk/X (sky130_fd_sc_hd__clkbuf_16)
                                                         clknet_0_clk (net)
                      0.065006    0.000198    0.280729 ^ clkbuf_1_0__f_clk/A (sky130_fd_sc_hd__clkbuf_16)
     2    0.005837    0.048947    0.197459    0.478188 ^ clkbuf_1_0__f_clk/X (sky130_fd_sc_hd__clkbuf_16)
                                                         clknet_1_0__leaf_clk (net)
                      0.048947    0.000049    0.478237 ^ _48_/CLK (sky130_fd_sc_hd__dfxtp_1)
                                  0.250000    0.728237   clock uncertainty
                                  0.000000    0.728237   clock reconvergence pessimism
                                 -0.107375    0.620861   library hold time
                                              0.620861   data required time
---------------------------------------------------------------------------------------------
                                              0.620861   data required time
                                             -1.807099   data arrival time
---------------------------------------------------------------------------------------------
                                              1.186237   slack (MET)


Startpoint: _49_ (rising edge-triggered flip-flop clocked by clk)
Endpoint: _49_ (rising edge-triggered flip-flop clocked by clk)
Path Group: clk
Path Type: min

Fanout         Cap        Slew       Delay        Time   Description
---------------------------------------------------------------------------------------------
                                  0.000000    0.000000   clock clk (rise edge)
                                  0.000000    0.000000   clock source latency
     1    0.010531    0.084740    0.055000    0.055000 ^ clk (in)
                                                         clk (net)
                      0.084740    0.000000    0.055000 ^ clkbuf_0_clk/A (sky130_fd_sc_hd__clkbuf_16)
     2    0.018060    0.065006    0.225531    0.280531 ^ clkbuf_0_clk/X (sky130_fd_sc_hd__clkbuf_16)
                                                         clknet_0_clk (net)
                      0.065006    0.000227    0.280758 ^ clkbuf_1_1__f_clk/A (sky130_fd_sc_hd__clkbuf_16)
     2    0.005249    0.048147    0.196342    0.477100 ^ clkbuf_1_1__f_clk/X (sky130_fd_sc_hd__clkbuf_16)
                                                         clknet_1_1__leaf_clk (net)
                      0.048147    0.000068    0.477168 ^ _49_/CLK (sky130_fd_sc_hd__dfxtp_1)
     3    0.008776    0.149197    0.678525    1.155693 ^ _49_/Q (sky130_fd_sc_hd__dfxtp_1)
                                                         net7 (net)
                      0.149197    0.000127    1.155820 ^ _43_/B1 (sky130_fd_sc_hd__a31o_1)
     1    0.002775    0.073534    0.193932    1.349751 ^ _43_/X (sky130_fd_sc_hd__a31o_1)
                                                         _21_ (net)
                      0.073534    0.000014    1.349765 ^ _45_/A2 (sky130_fd_sc_hd__a31o_1)
     1    0.003240    0.083774    0.291638    1.641404 ^ _45_/X (sky130_fd_sc_hd__a31o_1)
                                                         _03_ (net)
                      0.083774    0.000040    1.641444 ^ hold4/A (sky130_fd_sc_hd__dlygate4sd3_1)
     1    0.001745    0.081058    1.030479    2.671923 ^ hold4/X (sky130_fd_sc_hd__dlygate4sd3_1)
                                                         net11 (net)
                      0.081058    0.000008    2.671930 ^ _49_/D (sky130_fd_sc_hd__dfxtp_1)
                                              2.671930   data arrival time

                                  0.000000    0.000000   clock clk (rise edge)
                                  0.000000    0.000000   clock source latency
     1    0.010531    0.084740    0.055000    0.055000 ^ clk (in)
                                                         clk (net)
                      0.084740    0.000000    0.055000 ^ clkbuf_0_clk/A (sky130_fd_sc_hd__clkbuf_16)
     2    0.018060    0.065006    0.225531    0.280531 ^ clkbuf_0_clk/X (sky130_fd_sc_hd__clkbuf_16)
                                                         clknet_0_clk (net)
                      0.065006    0.000227    0.280758 ^ clkbuf_1_1__f_clk/A (sky130_fd_sc_hd__clkbuf_16)
     2    0.005249    0.048147    0.196342    0.477100 ^ clkbuf_1_1__f_clk/X (sky130_fd_sc_hd__clkbuf_16)
                                                         clknet_1_1__leaf_clk (net)
                      0.048147    0.000068    0.477168 ^ _49_/CLK (sky130_fd_sc_hd__dfxtp_1)
                                  0.250000    0.727168   clock uncertainty
                                  0.000000    0.727168   clock reconvergence pessimism
                                 -0.078068    0.649100   library hold time
                                              0.649100   data required time
---------------------------------------------------------------------------------------------
                                              0.649100   data required time
                                             -2.671930   data arrival time
---------------------------------------------------------------------------------------------
                                              2.022830   slack (MET)


Startpoint: _49_ (rising edge-triggered flip-flop clocked by clk)
Endpoint: counter[3] (output port clocked by clk)
Path Group: clk
Path Type: min

Fanout         Cap        Slew       Delay        Time   Description
---------------------------------------------------------------------------------------------
                                  0.000000    0.000000   clock clk (rise edge)
                                  0.000000    0.000000   clock source latency
     1    0.010531    0.084740    0.055000    0.055000 ^ clk (in)
                                                         clk (net)
                      0.084740    0.000000    0.055000 ^ clkbuf_0_clk/A (sky130_fd_sc_hd__clkbuf_16)
     2    0.018060    0.065006    0.225531    0.280531 ^ clkbuf_0_clk/X (sky130_fd_sc_hd__clkbuf_16)
                                                         clknet_0_clk (net)
                      0.065006    0.000227    0.280758 ^ clkbuf_1_1__f_clk/A (sky130_fd_sc_hd__clkbuf_16)
     2    0.005249    0.048147    0.196342    0.477100 ^ clkbuf_1_1__f_clk/X (sky130_fd_sc_hd__clkbuf_16)
                                                         clknet_1_1__leaf_clk (net)
                      0.048147    0.000068    0.477168 ^ _49_/CLK (sky130_fd_sc_hd__dfxtp_1)
     3    0.008263    0.091115    0.604209    1.081377 v _49_/Q (sky130_fd_sc_hd__dfxtp_1)
                                                         net7 (net)
                      0.091115    0.000044    1.081421 v output7/A (sky130_fd_sc_hd__buf_2)
     1    0.034115    0.165149    0.354333    1.435754 v output7/X (sky130_fd_sc_hd__buf_2)
                                                         counter[3] (net)
                      0.165149    0.000243    1.435997 v counter[3] (out)
                                              1.435997   data arrival time

                                  0.000000    0.000000   clock clk (rise edge)
                                  0.000000    0.000000   clock network delay (propagated)
                                  0.250000    0.250000   clock uncertainty
                                  0.000000    0.250000   clock reconvergence pessimism
                                 -2.000000   -1.750000   output external delay
                                             -1.750000   data required time
---------------------------------------------------------------------------------------------
                                             -1.750000   data required time
                                             -1.435997   data arrival time
---------------------------------------------------------------------------------------------
                                              3.185997   slack (MET)


Startpoint: _48_ (rising edge-triggered flip-flop clocked by clk)
Endpoint: counter[2] (output port clocked by clk)
Path Group: clk
Path Type: min

Fanout         Cap        Slew       Delay        Time   Description
---------------------------------------------------------------------------------------------
                                  0.000000    0.000000   clock clk (rise edge)
                                  0.000000    0.000000   clock source latency
     1    0.010531    0.084740    0.055000    0.055000 ^ clk (in)
                                                         clk (net)
                      0.084740    0.000000    0.055000 ^ clkbuf_0_clk/A (sky130_fd_sc_hd__clkbuf_16)
     2    0.018060    0.065006    0.225531    0.280531 ^ clkbuf_0_clk/X (sky130_fd_sc_hd__clkbuf_16)
                                                         clknet_0_clk (net)
                      0.065006    0.000198    0.280729 ^ clkbuf_1_0__f_clk/A (sky130_fd_sc_hd__clkbuf_16)
     2    0.005837    0.048947    0.197459    0.478188 ^ clkbuf_1_0__f_clk/X (sky130_fd_sc_hd__clkbuf_16)
                                                         clknet_1_0__leaf_clk (net)
                      0.048947    0.000049    0.478237 ^ _48_/CLK (sky130_fd_sc_hd__dfxtp_1)
     5    0.013754    0.134152    0.642311    1.120548 v _48_/Q (sky130_fd_sc_hd__dfxtp_1)
                                                         net6 (net)
                      0.134152    0.000144    1.120692 v output6/A (sky130_fd_sc_hd__buf_2)
     1    0.034701    0.167544    0.376918    1.497610 v output6/X (sky130_fd_sc_hd__buf_2)
                                                         counter[2] (net)
                      0.167544    0.000304    1.497914 v counter[2] (out)
                                              1.497914   data arrival time

                                  0.000000    0.000000   clock clk (rise edge)
                                  0.000000    0.000000   clock network delay (propagated)
                                  0.250000    0.250000   clock uncertainty
                                  0.000000    0.250000   clock reconvergence pessimism
                                 -2.000000   -1.750000   output external delay
                                             -1.750000   data required time
---------------------------------------------------------------------------------------------
                                             -1.750000   data required time
                                             -1.497914   data arrival time
---------------------------------------------------------------------------------------------
                                              3.247914   slack (MET)


Startpoint: _47_ (rising edge-triggered flip-flop clocked by clk)
Endpoint: counter[1] (output port clocked by clk)
Path Group: clk
Path Type: min

Fanout         Cap        Slew       Delay        Time   Description
---------------------------------------------------------------------------------------------
                                  0.000000    0.000000   clock clk (rise edge)
                                  0.000000    0.000000   clock source latency
     1    0.010531    0.084740    0.055000    0.055000 ^ clk (in)
                                                         clk (net)
                      0.084740    0.000000    0.055000 ^ clkbuf_0_clk/A (sky130_fd_sc_hd__clkbuf_16)
     2    0.018060    0.065006    0.225531    0.280531 ^ clkbuf_0_clk/X (sky130_fd_sc_hd__clkbuf_16)
                                                         clknet_0_clk (net)
                      0.065006    0.000227    0.280758 ^ clkbuf_1_1__f_clk/A (sky130_fd_sc_hd__clkbuf_16)
     2    0.005249    0.048147    0.196342    0.477100 ^ clkbuf_1_1__f_clk/X (sky130_fd_sc_hd__clkbuf_16)
                                                         clknet_1_1__leaf_clk (net)
                      0.048147    0.000059    0.477159 ^ _47_/CLK (sky130_fd_sc_hd__dfxtp_1)
     6    0.021600    0.200128    0.691218    1.168377 v _47_/Q (sky130_fd_sc_hd__dfxtp_1)
                                                         net5 (net)
                      0.200128    0.000039    1.168416 v output5/A (sky130_fd_sc_hd__buf_2)
     1    0.034736    0.167788    0.408808    1.577224 v output5/X (sky130_fd_sc_hd__buf_2)
                                                         counter[1] (net)
                      0.167788    0.000356    1.577581 v counter[1] (out)
                                              1.577581   data arrival time

                                  0.000000    0.000000   clock clk (rise edge)
                                  0.000000    0.000000   clock network delay (propagated)
                                  0.250000    0.250000   clock uncertainty
                                  0.000000    0.250000   clock reconvergence pessimism
                                 -2.000000   -1.750000   output external delay
                                             -1.750000   data required time
---------------------------------------------------------------------------------------------
                                             -1.750000   data required time
                                             -1.577581   data arrival time
---------------------------------------------------------------------------------------------
                                              3.327581   slack (MET)


Startpoint: _46_ (rising edge-triggered flip-flop clocked by clk)
Endpoint: counter[0] (output port clocked by clk)
Path Group: clk
Path Type: min

Fanout         Cap        Slew       Delay        Time   Description
---------------------------------------------------------------------------------------------
                                  0.000000    0.000000   clock clk (rise edge)
                                  0.000000    0.000000   clock source latency
     1    0.010531    0.084740    0.055000    0.055000 ^ clk (in)
                                                         clk (net)
                      0.084740    0.000000    0.055000 ^ clkbuf_0_clk/A (sky130_fd_sc_hd__clkbuf_16)
     2    0.018060    0.065006    0.225531    0.280531 ^ clkbuf_0_clk/X (sky130_fd_sc_hd__clkbuf_16)
                                                         clknet_0_clk (net)
                      0.065006    0.000198    0.280729 ^ clkbuf_1_0__f_clk/A (sky130_fd_sc_hd__clkbuf_16)
     2    0.005837    0.048947    0.197459    0.478188 ^ clkbuf_1_0__f_clk/X (sky130_fd_sc_hd__clkbuf_16)
                                                         clknet_1_0__leaf_clk (net)
                      0.048947    0.000057    0.478244 ^ _46_/CLK (sky130_fd_sc_hd__dfxtp_1)
     7    0.025235    0.230746    0.714484    1.192728 v _46_/Q (sky130_fd_sc_hd__dfxtp_1)
                                                         net4 (net)
                      0.230746    0.000550    1.193278 v output4/A (sky130_fd_sc_hd__buf_2)
     1    0.035105    0.169350    0.424612    1.617890 v output4/X (sky130_fd_sc_hd__buf_2)
                                                         counter[0] (net)
                      0.169350    0.000473    1.618363 v counter[0] (out)
                                              1.618363   data arrival time

                                  0.000000    0.000000   clock clk (rise edge)
                                  0.000000    0.000000   clock network delay (propagated)
                                  0.250000    0.250000   clock uncertainty
                                  0.000000    0.250000   clock reconvergence pessimism
                                 -2.000000   -1.750000   output external delay
                                             -1.750000   data required time
---------------------------------------------------------------------------------------------
                                             -1.750000   data required time
                                             -1.618363   data arrival time
---------------------------------------------------------------------------------------------
                                              3.368363   slack (MET)



