
===========================================================================
report_checks -path_delay min (Hold)
============================================================================
======================= min_ss_100C_1v60 Corner ===================================

Startpoint: _46_ (rising edge-triggered flip-flop clocked by clk)
Endpoint: _46_ (rising edge-triggered flip-flop clocked by clk)
Path Group: clk
Path Type: min

Fanout         Cap        Slew       Delay        Time   Description
---------------------------------------------------------------------------------------------
                                  0.000000    0.000000   clock clk (rise edge)
                                  0.000000    0.000000   clock source latency
     1    0.010559    0.084934    0.055140    0.055140 ^ clk (in)
                                                         clk (net)
                      0.084934    0.000000    0.055140 ^ clkbuf_0_clk/A (sky130_fd_sc_hd__clkbuf_16)
     2    0.018401    0.065432    0.226101    0.281241 ^ clkbuf_0_clk/X (sky130_fd_sc_hd__clkbuf_16)
                                                         clknet_0_clk (net)
                      0.065432    0.000213    0.281454 ^ clkbuf_1_0__f_clk/A (sky130_fd_sc_hd__clkbuf_16)
     2    0.005917    0.049054    0.197802    0.479256 ^ clkbuf_1_0__f_clk/X (sky130_fd_sc_hd__clkbuf_16)
                                                         clknet_1_0__leaf_clk (net)
                      0.049054    0.000049    0.479305 ^ _46_/CLK (sky130_fd_sc_hd__dfxtp_1)
     7    0.023060    0.212394    0.700880    1.180185 v _46_/Q (sky130_fd_sc_hd__dfxtp_1)
                                                         net4 (net)
                      0.212394    0.000129    1.180314 v _27_/A1 (sky130_fd_sc_hd__a21oi_1)
     1    0.002104    0.129105    0.244950    1.425264 ^ _27_/Y (sky130_fd_sc_hd__a21oi_1)
                                                         _08_ (net)
                      0.129105    0.000008    1.425272 ^ _28_/B1 (sky130_fd_sc_hd__o21ai_1)
     1    0.001938    0.058355    0.131711    1.556983 v _28_/Y (sky130_fd_sc_hd__o21ai_1)
                                                         _00_ (net)
                      0.058355    0.000017    1.557000 v _46_/D (sky130_fd_sc_hd__dfxtp_1)
                                              1.557000   data arrival time

                                  0.000000    0.000000   clock clk (rise edge)
                                  0.000000    0.000000   clock source latency
     1    0.010559    0.084934    0.055140    0.055140 ^ clk (in)
                                                         clk (net)
                      0.084934    0.000000    0.055140 ^ clkbuf_0_clk/A (sky130_fd_sc_hd__clkbuf_16)
     2    0.018401    0.065432    0.226101    0.281241 ^ clkbuf_0_clk/X (sky130_fd_sc_hd__clkbuf_16)
                                                         clknet_0_clk (net)
                      0.065432    0.000213    0.281454 ^ clkbuf_1_0__f_clk/A (sky130_fd_sc_hd__clkbuf_16)
     2    0.005917    0.049054    0.197802    0.479256 ^ clkbuf_1_0__f_clk/X (sky130_fd_sc_hd__clkbuf_16)
                                                         clknet_1_0__leaf_clk (net)
                      0.049054    0.000049    0.479305 ^ _46_/CLK (sky130_fd_sc_hd__dfxtp_1)
                                  0.250000    0.729305   clock uncertainty
                                  0.000000    0.729305   clock reconvergence pessimism
                                 -0.105765    0.623540   library hold time
                                              0.623540   data required time
---------------------------------------------------------------------------------------------
                                              0.623540   data required time
                                             -1.557000   data arrival time
---------------------------------------------------------------------------------------------
                                              0.933460   slack (MET)


Startpoint: _47_ (rising edge-triggered flip-flop clocked by clk)
Endpoint: _47_ (rising edge-triggered flip-flop clocked by clk)
Path Group: clk
Path Type: min

Fanout         Cap        Slew       Delay        Time   Description
---------------------------------------------------------------------------------------------
                                  0.000000    0.000000   clock clk (rise edge)
                                  0.000000    0.000000   clock source latency
     1    0.010559    0.084934    0.055140    0.055140 ^ clk (in)
                                                         clk (net)
                      0.084934    0.000000    0.055140 ^ clkbuf_0_clk/A (sky130_fd_sc_hd__clkbuf_16)
     2    0.018401    0.065432    0.226101    0.281241 ^ clkbuf_0_clk/X (sky130_fd_sc_hd__clkbuf_16)
                                                         clknet_0_clk (net)
                      0.065432    0.000243    0.281484 ^ clkbuf_1_1__f_clk/A (sky130_fd_sc_hd__clkbuf_16)
     2    0.007126    0.050671    0.200090    0.481575 ^ clkbuf_1_1__f_clk/X (sky130_fd_sc_hd__clkbuf_16)
                                                         clknet_1_1__leaf_clk (net)
                      0.050672    0.000091    0.481666 ^ _47_/CLK (sky130_fd_sc_hd__dfxtp_1)
     6    0.023202    0.352507    0.828544    1.310210 ^ _47_/Q (sky130_fd_sc_hd__dfxtp_1)
                                                         net5 (net)
                      0.352507    0.000357    1.310567 ^ _33_/A1 (sky130_fd_sc_hd__a21o_1)
     1    0.002616    0.066154    0.304311    1.614878 ^ _33_/X (sky130_fd_sc_hd__a21o_1)
                                                         _13_ (net)
                      0.066154    0.000010    1.614888 ^ _34_/B1 (sky130_fd_sc_hd__a31o_1)
     1    0.003513    0.079900    0.167490    1.782379 ^ _34_/X (sky130_fd_sc_hd__a31o_1)
                                                         _01_ (net)
                      0.079900    0.000050    1.782429 ^ _47_/D (sky130_fd_sc_hd__dfxtp_1)
                                              1.782429   data arrival time

                                  0.000000    0.000000   clock clk (rise edge)
                                  0.000000    0.000000   clock source latency
     1    0.010559    0.084934    0.055140    0.055140 ^ clk (in)
                                                         clk (net)
                      0.084934    0.000000    0.055140 ^ clkbuf_0_clk/A (sky130_fd_sc_hd__clkbuf_16)
     2    0.018401    0.065432    0.226101    0.281241 ^ clkbuf_0_clk/X (sky130_fd_sc_hd__clkbuf_16)
                                                         clknet_0_clk (net)
                      0.065432    0.000243    0.281484 ^ clkbuf_1_1__f_clk/A (sky130_fd_sc_hd__clkbuf_16)
     2    0.007126    0.050671    0.200090    0.481575 ^ clkbuf_1_1__f_clk/X (sky130_fd_sc_hd__clkbuf_16)
                                                         clknet_1_1__leaf_clk (net)
                      0.050672    0.000091    0.481666 ^ _47_/CLK (sky130_fd_sc_hd__dfxtp_1)
                                  0.250000    0.731666   clock uncertainty
                                  0.000000    0.731666   clock reconvergence pessimism
                                 -0.077397    0.654269   library hold time
                                              0.654269   data required time
---------------------------------------------------------------------------------------------
                                              0.654269   data required time
                                             -1.782429   data arrival time
---------------------------------------------------------------------------------------------
                                              1.128160   slack (MET)


Startpoint: _48_ (rising edge-triggered flip-flop clocked by clk)
Endpoint: _48_ (rising edge-triggered flip-flop clocked by clk)
Path Group: clk
Path Type: min

Fanout         Cap        Slew       Delay        Time   Description
---------------------------------------------------------------------------------------------
                                  0.000000    0.000000   clock clk (rise edge)
                                  0.000000    0.000000   clock source latency
     1    0.010559    0.084934    0.055140    0.055140 ^ clk (in)
                                                         clk (net)
                      0.084934    0.000000    0.055140 ^ clkbuf_0_clk/A (sky130_fd_sc_hd__clkbuf_16)
     2    0.018401    0.065432    0.226101    0.281241 ^ clkbuf_0_clk/X (sky130_fd_sc_hd__clkbuf_16)
                                                         clknet_0_clk (net)
                      0.065432    0.000213    0.281454 ^ clkbuf_1_0__f_clk/A (sky130_fd_sc_hd__clkbuf_16)
     2    0.005917    0.049054    0.197802    0.479256 ^ clkbuf_1_0__f_clk/X (sky130_fd_sc_hd__clkbuf_16)
                                                         clknet_1_0__leaf_clk (net)
                      0.049054    0.000057    0.479313 ^ _48_/CLK (sky130_fd_sc_hd__dfxtp_1)
     5    0.014772    0.142669    0.648800    1.128113 v _48_/Q (sky130_fd_sc_hd__dfxtp_1)
                                                         net6 (net)
                      0.142669    0.000239    1.128352 v _36_/C (sky130_fd_sc_hd__nand3_1)
     2    0.006371    0.136191    0.194041    1.322393 ^ _36_/Y (sky130_fd_sc_hd__nand3_1)
                                                         _15_ (net)
                      0.136191    0.000048    1.322441 ^ _37_/B (sky130_fd_sc_hd__nand2_1)
     1    0.004819    0.101845    0.154882    1.477323 v _37_/Y (sky130_fd_sc_hd__nand2_1)
                                                         _16_ (net)
                      0.101845    0.000024    1.477347 v _38_/B (sky130_fd_sc_hd__xnor2_1)
     1    0.002968    0.076387    0.228515    1.705862 ^ _38_/Y (sky130_fd_sc_hd__xnor2_1)
                                                         _17_ (net)
                      0.076387    0.000026    1.705888 ^ _40_/A2 (sky130_fd_sc_hd__o21ai_1)
     1    0.002813    0.066722    0.114995    1.820883 v _40_/Y (sky130_fd_sc_hd__o21ai_1)
                                                         _02_ (net)
                      0.066722    0.000031    1.820914 v _48_/D (sky130_fd_sc_hd__dfxtp_1)
                                              1.820914   data arrival time

                                  0.000000    0.000000   clock clk (rise edge)
                                  0.000000    0.000000   clock source latency
     1    0.010559    0.084934    0.055140    0.055140 ^ clk (in)
                                                         clk (net)
                      0.084934    0.000000    0.055140 ^ clkbuf_0_clk/A (sky130_fd_sc_hd__clkbuf_16)
     2    0.018401    0.065432    0.226101    0.281241 ^ clkbuf_0_clk/X (sky130_fd_sc_hd__clkbuf_16)
                                                         clknet_0_clk (net)
                      0.065432    0.000213    0.281454 ^ clkbuf_1_0__f_clk/A (sky130_fd_sc_hd__clkbuf_16)
     2    0.005917    0.049054    0.197802    0.479256 ^ clkbuf_1_0__f_clk/X (sky130_fd_sc_hd__clkbuf_16)
                                                         clknet_1_0__leaf_clk (net)
                      0.049054    0.000057    0.479313 ^ _48_/CLK (sky130_fd_sc_hd__dfxtp_1)
                                  0.250000    0.729313   clock uncertainty
                                  0.000000    0.729313   clock reconvergence pessimism
                                 -0.108927    0.620386   library hold time
                                              0.620386   data required time
---------------------------------------------------------------------------------------------
                                              0.620386   data required time
                                             -1.820914   data arrival time
---------------------------------------------------------------------------------------------
                                              1.200528   slack (MET)


Startpoint: _49_ (rising edge-triggered flip-flop clocked by clk)
Endpoint: _49_ (rising edge-triggered flip-flop clocked by clk)
Path Group: clk
Path Type: min

Fanout         Cap        Slew       Delay        Time   Description
---------------------------------------------------------------------------------------------
                                  0.000000    0.000000   clock clk (rise edge)
                                  0.000000    0.000000   clock source latency
     1    0.010559    0.084934    0.055140    0.055140 ^ clk (in)
                                                         clk (net)
                      0.084934    0.000000    0.055140 ^ clkbuf_0_clk/A (sky130_fd_sc_hd__clkbuf_16)
     2    0.018401    0.065432    0.226101    0.281241 ^ clkbuf_0_clk/X (sky130_fd_sc_hd__clkbuf_16)
                                                         clknet_0_clk (net)
                      0.065432    0.000243    0.281484 ^ clkbuf_1_1__f_clk/A (sky130_fd_sc_hd__clkbuf_16)
     2    0.007126    0.050671    0.200090    0.481575 ^ clkbuf_1_1__f_clk/X (sky130_fd_sc_hd__clkbuf_16)
                                                         clknet_1_1__leaf_clk (net)
                      0.050671    0.000068    0.481643 ^ _49_/CLK (sky130_fd_sc_hd__dfxtp_1)
     3    0.007455    0.130913    0.665757    1.147400 ^ _49_/Q (sky130_fd_sc_hd__dfxtp_1)
                                                         net7 (net)
                      0.130913    0.000087    1.147487 ^ _43_/B1 (sky130_fd_sc_hd__a31o_1)
     1    0.002886    0.072172    0.187516    1.335003 ^ _43_/X (sky130_fd_sc_hd__a31o_1)
                                                         _21_ (net)
                      0.072172    0.000025    1.335029 ^ _45_/A2 (sky130_fd_sc_hd__a31o_1)
     1    0.002357    0.074632    0.278779    1.613808 ^ _45_/X (sky130_fd_sc_hd__a31o_1)
                                                         _03_ (net)
                      0.074632    0.000023    1.613831 ^ hold4/A (sky130_fd_sc_hd__dlygate4sd3_1)
     1    0.001741    0.080996    1.026606    2.640436 ^ hold4/X (sky130_fd_sc_hd__dlygate4sd3_1)
                                                         net11 (net)
                      0.080996    0.000008    2.640444 ^ _49_/D (sky130_fd_sc_hd__dfxtp_1)
                                              2.640444   data arrival time

                                  0.000000    0.000000   clock clk (rise edge)
                                  0.000000    0.000000   clock source latency
     1    0.010559    0.084934    0.055140    0.055140 ^ clk (in)
                                                         clk (net)
                      0.084934    0.000000    0.055140 ^ clkbuf_0_clk/A (sky130_fd_sc_hd__clkbuf_16)
     2    0.018401    0.065432    0.226101    0.281241 ^ clkbuf_0_clk/X (sky130_fd_sc_hd__clkbuf_16)
                                                         clknet_0_clk (net)
                      0.065432    0.000243    0.281484 ^ clkbuf_1_1__f_clk/A (sky130_fd_sc_hd__clkbuf_16)
     2    0.007126    0.050671    0.200090    0.481575 ^ clkbuf_1_1__f_clk/X (sky130_fd_sc_hd__clkbuf_16)
                                                         clknet_1_1__leaf_clk (net)
                      0.050671    0.000068    0.481643 ^ _49_/CLK (sky130_fd_sc_hd__dfxtp_1)
                                  0.250000    0.731643   clock uncertainty
                                  0.000000    0.731643   clock reconvergence pessimism
                                 -0.077652    0.653991   library hold time
                                              0.653991   data required time
---------------------------------------------------------------------------------------------
                                              0.653991   data required time
                                             -2.640444   data arrival time
---------------------------------------------------------------------------------------------
                                              1.986453   slack (MET)


Startpoint: _49_ (rising edge-triggered flip-flop clocked by clk)
Endpoint: counter[3] (output port clocked by clk)
Path Group: clk
Path Type: min

Fanout         Cap        Slew       Delay        Time   Description
---------------------------------------------------------------------------------------------
                                  0.000000    0.000000   clock clk (rise edge)
                                  0.000000    0.000000   clock source latency
     1    0.010559    0.084934    0.055140    0.055140 ^ clk (in)
                                                         clk (net)
                      0.084934    0.000000    0.055140 ^ clkbuf_0_clk/A (sky130_fd_sc_hd__clkbuf_16)
     2    0.018401    0.065432    0.226101    0.281241 ^ clkbuf_0_clk/X (sky130_fd_sc_hd__clkbuf_16)
                                                         clknet_0_clk (net)
                      0.065432    0.000243    0.281484 ^ clkbuf_1_1__f_clk/A (sky130_fd_sc_hd__clkbuf_16)
     2    0.007126    0.050671    0.200090    0.481575 ^ clkbuf_1_1__f_clk/X (sky130_fd_sc_hd__clkbuf_16)
                                                         clknet_1_1__leaf_clk (net)
                      0.050671    0.000068    0.481643 ^ _49_/CLK (sky130_fd_sc_hd__dfxtp_1)
     3    0.006942    0.080537    0.596191    1.077834 v _49_/Q (sky130_fd_sc_hd__dfxtp_1)
                                                         net7 (net)
                      0.080537    0.000042    1.077875 v output7/A (sky130_fd_sc_hd__buf_2)
     1    0.034080    0.165000    0.349115    1.426990 v output7/X (sky130_fd_sc_hd__buf_2)
                                                         counter[3] (net)
                      0.165000    0.000251    1.427241 v counter[3] (out)
                                              1.427241   data arrival time

                                  0.000000    0.000000   clock clk (rise edge)
                                  0.000000    0.000000   clock network delay (propagated)
                                  0.250000    0.250000   clock uncertainty
                                  0.000000    0.250000   clock reconvergence pessimism
                                 -2.000000   -1.750000   output external delay
                                             -1.750000   data required time
---------------------------------------------------------------------------------------------
                                             -1.750000   data required time
                                             -1.427241   data arrival time
---------------------------------------------------------------------------------------------
                                              3.177241   slack (MET)


Startpoint: _48_ (rising edge-triggered flip-flop clocked by clk)
Endpoint: counter[2] (output port clocked by clk)
Path Group: clk
Path Type: min

Fanout         Cap        Slew       Delay        Time   Description
---------------------------------------------------------------------------------------------
                                  0.000000    0.000000   clock clk (rise edge)
                                  0.000000    0.000000   clock source latency
     1    0.010559    0.084934    0.055140    0.055140 ^ clk (in)
                                                         clk (net)
                      0.084934    0.000000    0.055140 ^ clkbuf_0_clk/A (sky130_fd_sc_hd__clkbuf_16)
     2    0.018401    0.065432    0.226101    0.281241 ^ clkbuf_0_clk/X (sky130_fd_sc_hd__clkbuf_16)
                                                         clknet_0_clk (net)
                      0.065432    0.000213    0.281454 ^ clkbuf_1_0__f_clk/A (sky130_fd_sc_hd__clkbuf_16)
     2    0.005917    0.049054    0.197802    0.479256 ^ clkbuf_1_0__f_clk/X (sky130_fd_sc_hd__clkbuf_16)
                                                         clknet_1_0__leaf_clk (net)
                      0.049054    0.000057    0.479313 ^ _48_/CLK (sky130_fd_sc_hd__dfxtp_1)
     5    0.014772    0.142669    0.648800    1.128113 v _48_/Q (sky130_fd_sc_hd__dfxtp_1)
                                                         net6 (net)
                      0.142669    0.000091    1.128204 v output6/A (sky130_fd_sc_hd__buf_2)
     1    0.034725    0.167651    0.381103    1.509306 v output6/X (sky130_fd_sc_hd__buf_2)
                                                         counter[2] (net)
                      0.167651    0.000304    1.509610 v counter[2] (out)
                                              1.509610   data arrival time

                                  0.000000    0.000000   clock clk (rise edge)
                                  0.000000    0.000000   clock network delay (propagated)
                                  0.250000    0.250000   clock uncertainty
                                  0.000000    0.250000   clock reconvergence pessimism
                                 -2.000000   -1.750000   output external delay
                                             -1.750000   data required time
---------------------------------------------------------------------------------------------
                                             -1.750000   data required time
                                             -1.509610   data arrival time
---------------------------------------------------------------------------------------------
                                              3.259610   slack (MET)


Startpoint: _47_ (rising edge-triggered flip-flop clocked by clk)
Endpoint: counter[1] (output port clocked by clk)
Path Group: clk
Path Type: min

Fanout         Cap        Slew       Delay        Time   Description
---------------------------------------------------------------------------------------------
                                  0.000000    0.000000   clock clk (rise edge)
                                  0.000000    0.000000   clock source latency
     1    0.010559    0.084934    0.055140    0.055140 ^ clk (in)
                                                         clk (net)
                      0.084934    0.000000    0.055140 ^ clkbuf_0_clk/A (sky130_fd_sc_hd__clkbuf_16)
     2    0.018401    0.065432    0.226101    0.281241 ^ clkbuf_0_clk/X (sky130_fd_sc_hd__clkbuf_16)
                                                         clknet_0_clk (net)
                      0.065432    0.000243    0.281484 ^ clkbuf_1_1__f_clk/A (sky130_fd_sc_hd__clkbuf_16)
     2    0.007126    0.050671    0.200090    0.481575 ^ clkbuf_1_1__f_clk/X (sky130_fd_sc_hd__clkbuf_16)
                                                         clknet_1_1__leaf_clk (net)
                      0.050672    0.000091    0.481666 ^ _47_/CLK (sky130_fd_sc_hd__dfxtp_1)
     6    0.022046    0.203823    0.695288    1.176954 v _47_/Q (sky130_fd_sc_hd__dfxtp_1)
                                                         net5 (net)
                      0.203823    0.000059    1.177014 v output5/A (sky130_fd_sc_hd__buf_2)
     1    0.034852    0.168261    0.410949    1.587962 v output5/X (sky130_fd_sc_hd__buf_2)
                                                         counter[1] (net)
                      0.168261    0.000376    1.588338 v counter[1] (out)
                                              1.588338   data arrival time

                                  0.000000    0.000000   clock clk (rise edge)
                                  0.000000    0.000000   clock network delay (propagated)
                                  0.250000    0.250000   clock uncertainty
                                  0.000000    0.250000   clock reconvergence pessimism
                                 -2.000000   -1.750000   output external delay
                                             -1.750000   data required time
---------------------------------------------------------------------------------------------
                                             -1.750000   data required time
                                             -1.588338   data arrival time
---------------------------------------------------------------------------------------------
                                              3.338338   slack (MET)


Startpoint: _46_ (rising edge-triggered flip-flop clocked by clk)
Endpoint: counter[0] (output port clocked by clk)
Path Group: clk
Path Type: min

Fanout         Cap        Slew       Delay        Time   Description
---------------------------------------------------------------------------------------------
                                  0.000000    0.000000   clock clk (rise edge)
                                  0.000000    0.000000   clock source latency
     1    0.010559    0.084934    0.055140    0.055140 ^ clk (in)
                                                         clk (net)
                      0.084934    0.000000    0.055140 ^ clkbuf_0_clk/A (sky130_fd_sc_hd__clkbuf_16)
     2    0.018401    0.065432    0.226101    0.281241 ^ clkbuf_0_clk/X (sky130_fd_sc_hd__clkbuf_16)
                                                         clknet_0_clk (net)
                      0.065432    0.000213    0.281454 ^ clkbuf_1_0__f_clk/A (sky130_fd_sc_hd__clkbuf_16)
     2    0.005917    0.049054    0.197802    0.479256 ^ clkbuf_1_0__f_clk/X (sky130_fd_sc_hd__clkbuf_16)
                                                         clknet_1_0__leaf_clk (net)
                      0.049054    0.000049    0.479305 ^ _46_/CLK (sky130_fd_sc_hd__dfxtp_1)
     7    0.023060    0.212394    0.700880    1.180185 v _46_/Q (sky130_fd_sc_hd__dfxtp_1)
                                                         net4 (net)
                      0.212394    0.000259    1.180444 v output4/A (sky130_fd_sc_hd__buf_2)
     1    0.034510    0.166894    0.414033    1.594477 v output4/X (sky130_fd_sc_hd__buf_2)
                                                         counter[0] (net)
                      0.166894    0.000307    1.594784 v counter[0] (out)
                                              1.594784   data arrival time

                                  0.000000    0.000000   clock clk (rise edge)
                                  0.000000    0.000000   clock network delay (propagated)
                                  0.250000    0.250000   clock uncertainty
                                  0.000000    0.250000   clock reconvergence pessimism
                                 -2.000000   -1.750000   output external delay
                                             -1.750000   data required time
---------------------------------------------------------------------------------------------
                                             -1.750000   data required time
                                             -1.594784   data arrival time
---------------------------------------------------------------------------------------------
                                              3.344784   slack (MET)



