Clock: clk
Sources: clk 
Generated: no
Virtual: yes
Propagated: no
Period: 10.000000

===========================================================================
report_clock_properties
============================================================================
Clock                   Period          Waveform
----------------------------------------------------
clk                  10.000000    0.000000  5.000000

===========================================================================
report_clock_latency
============================================================================
Clock clk
rise -> rise
    min     max
0.000000 0.000000 source latency
0.182887         network latency _47_/CLK
        0.183332 network latency _48_/CLK
---------------
0.182887 0.183332 latency
        0.000445 skew

fall -> fall
    min     max
0.000000 0.000000 source latency
0.185167         network latency _47_/CLK
        0.185544 network latency _48_/CLK
---------------
0.185167 0.185544 latency
        0.000377 skew



===========================================================================
report_clock_min_period
============================================================================
clk period_min = 0.97 fmax = 1030.30
