
===========================================================================
report_checks -path_delay min (Hold)
============================================================================
======================= nom_ff_n40C_1v95 Corner ===================================

Startpoint: _46_ (rising edge-triggered flip-flop clocked by clk)
Endpoint: _46_ (rising edge-triggered flip-flop clocked by clk)
Path Group: clk
Path Type: min

Fanout         Cap        Slew       Delay        Time   Description
---------------------------------------------------------------------------------------------
                                  0.000000    0.000000   clock clk (rise edge)
                                  0.000000    0.000000   clock source latency
     1    0.010792    0.041198    0.027034    0.027034 ^ clk (in)
                                                         clk (net)
                      0.041200    0.000000    0.027034 ^ clkbuf_0_clk/A (sky130_fd_sc_hd__clkbuf_16)
     2    0.018457    0.030161    0.086287    0.113321 ^ clkbuf_0_clk/X (sky130_fd_sc_hd__clkbuf_16)
                                                         clknet_0_clk (net)
                      0.030163    0.000490    0.113811 ^ clkbuf_1_0__f_clk/A (sky130_fd_sc_hd__clkbuf_16)
     2    0.006531    0.022048    0.074790    0.188601 ^ clkbuf_1_0__f_clk/X (sky130_fd_sc_hd__clkbuf_16)
                                                         clknet_1_0__leaf_clk (net)
                      0.022048    0.000165    0.188766 ^ _46_/CLK (sky130_fd_sc_hd__dfxtp_1)
     7    0.026345    0.088728    0.241018    0.429784 v _46_/Q (sky130_fd_sc_hd__dfxtp_1)
                                                         net4 (net)
                      0.088734    0.000737    0.430521 v _27_/A1 (sky130_fd_sc_hd__a21oi_1)
     1    0.003017    0.049086    0.103297    0.533818 ^ _27_/Y (sky130_fd_sc_hd__a21oi_1)
                                                         _08_ (net)
                      0.049086    0.000091    0.533910 ^ _28_/B1 (sky130_fd_sc_hd__o21ai_1)
     1    0.004555    0.027482    0.032376    0.566286 v _28_/Y (sky130_fd_sc_hd__o21ai_1)
                                                         _00_ (net)
                      0.027493    0.000162    0.566448 v _46_/D (sky130_fd_sc_hd__dfxtp_1)
                                              0.566448   data arrival time

                                  0.000000    0.000000   clock clk (rise edge)
                                  0.000000    0.000000   clock source latency
     1    0.010792    0.041198    0.027034    0.027034 ^ clk (in)
                                                         clk (net)
                      0.041200    0.000000    0.027034 ^ clkbuf_0_clk/A (sky130_fd_sc_hd__clkbuf_16)
     2    0.018457    0.030161    0.086287    0.113321 ^ clkbuf_0_clk/X (sky130_fd_sc_hd__clkbuf_16)
                                                         clknet_0_clk (net)
                      0.030163    0.000490    0.113811 ^ clkbuf_1_0__f_clk/A (sky130_fd_sc_hd__clkbuf_16)
     2    0.006531    0.022048    0.074790    0.188601 ^ clkbuf_1_0__f_clk/X (sky130_fd_sc_hd__clkbuf_16)
                                                         clknet_1_0__leaf_clk (net)
                      0.022048    0.000165    0.188766 ^ _46_/CLK (sky130_fd_sc_hd__dfxtp_1)
                                  0.250000    0.438766   clock uncertainty
                                  0.000000    0.438766   clock reconvergence pessimism
                                 -0.039383    0.399383   library hold time
                                              0.399383   data required time
---------------------------------------------------------------------------------------------
                                              0.399383   data required time
                                             -0.566448   data arrival time
---------------------------------------------------------------------------------------------
                                              0.167065   slack (MET)


Startpoint: _47_ (rising edge-triggered flip-flop clocked by clk)
Endpoint: _47_ (rising edge-triggered flip-flop clocked by clk)
Path Group: clk
Path Type: min

Fanout         Cap        Slew       Delay        Time   Description
---------------------------------------------------------------------------------------------
                                  0.000000    0.000000   clock clk (rise edge)
                                  0.000000    0.000000   clock source latency
     1    0.010792    0.041198    0.027034    0.027034 ^ clk (in)
                                                         clk (net)
                      0.041200    0.000000    0.027034 ^ clkbuf_0_clk/A (sky130_fd_sc_hd__clkbuf_16)
     2    0.018457    0.030161    0.086287    0.113321 ^ clkbuf_0_clk/X (sky130_fd_sc_hd__clkbuf_16)
                                                         clknet_0_clk (net)
                      0.030163    0.000527    0.113848 ^ clkbuf_1_1__f_clk/A (sky130_fd_sc_hd__clkbuf_16)
     2    0.005897    0.021612    0.074250    0.188097 ^ clkbuf_1_1__f_clk/X (sky130_fd_sc_hd__clkbuf_16)
                                                         clknet_1_1__leaf_clk (net)
                      0.021613    0.000156    0.188253 ^ _47_/CLK (sky130_fd_sc_hd__dfxtp_1)
     6    0.023713    0.170420    0.281423    0.469676 ^ _47_/Q (sky130_fd_sc_hd__dfxtp_1)
                                                         net5 (net)
                      0.170420    0.000696    0.470372 ^ _33_/A1 (sky130_fd_sc_hd__a21o_1)
     1    0.003777    0.032796    0.081276    0.551648 ^ _33_/X (sky130_fd_sc_hd__a21o_1)
                                                         _13_ (net)
                      0.032796    0.000117    0.551766 ^ _34_/B1 (sky130_fd_sc_hd__a31o_1)
     1    0.002503    0.025346    0.049653    0.601418 ^ _34_/X (sky130_fd_sc_hd__a31o_1)
                                                         _01_ (net)
                      0.025346    0.000072    0.601490 ^ _47_/D (sky130_fd_sc_hd__dfxtp_1)
                                              0.601490   data arrival time

                                  0.000000    0.000000   clock clk (rise edge)
                                  0.000000    0.000000   clock source latency
     1    0.010792    0.041198    0.027034    0.027034 ^ clk (in)
                                                         clk (net)
                      0.041200    0.000000    0.027034 ^ clkbuf_0_clk/A (sky130_fd_sc_hd__clkbuf_16)
     2    0.018457    0.030161    0.086287    0.113321 ^ clkbuf_0_clk/X (sky130_fd_sc_hd__clkbuf_16)
                                                         clknet_0_clk (net)
                      0.030163    0.000527    0.113848 ^ clkbuf_1_1__f_clk/A (sky130_fd_sc_hd__clkbuf_16)
     2    0.005897    0.021612    0.074250    0.188097 ^ clkbuf_1_1__f_clk/X (sky130_fd_sc_hd__clkbuf_16)
                                                         clknet_1_1__leaf_clk (net)
                      0.021613    0.000156    0.188253 ^ _47_/CLK (sky130_fd_sc_hd__dfxtp_1)
                                  0.250000    0.438253   clock uncertainty
                                  0.000000    0.438253   clock reconvergence pessimism
                                 -0.017123    0.421129   library hold time
                                              0.421129   data required time
---------------------------------------------------------------------------------------------
                                              0.421129   data required time
                                             -0.601490   data arrival time
---------------------------------------------------------------------------------------------
                                              0.180361   slack (MET)


Startpoint: _48_ (rising edge-triggered flip-flop clocked by clk)
Endpoint: _48_ (rising edge-triggered flip-flop clocked by clk)
Path Group: clk
Path Type: min

Fanout         Cap        Slew       Delay        Time   Description
---------------------------------------------------------------------------------------------
                                  0.000000    0.000000   clock clk (rise edge)
                                  0.000000    0.000000   clock source latency
     1    0.010792    0.041198    0.027034    0.027034 ^ clk (in)
                                                         clk (net)
                      0.041200    0.000000    0.027034 ^ clkbuf_0_clk/A (sky130_fd_sc_hd__clkbuf_16)
     2    0.018457    0.030161    0.086287    0.113321 ^ clkbuf_0_clk/X (sky130_fd_sc_hd__clkbuf_16)
                                                         clknet_0_clk (net)
                      0.030163    0.000490    0.113811 ^ clkbuf_1_0__f_clk/A (sky130_fd_sc_hd__clkbuf_16)
     2    0.006531    0.022048    0.074790    0.188601 ^ clkbuf_1_0__f_clk/X (sky130_fd_sc_hd__clkbuf_16)
                                                         clknet_1_0__leaf_clk (net)
                      0.022048    0.000150    0.188751 ^ _48_/CLK (sky130_fd_sc_hd__dfxtp_1)
     5    0.014438    0.052535    0.212846    0.401597 v _48_/Q (sky130_fd_sc_hd__dfxtp_1)
                                                         net6 (net)
                      0.052538    0.000399    0.401996 v _35_/B1 (sky130_fd_sc_hd__a21o_1)
     1    0.003210    0.020254    0.076863    0.478859 v _35_/X (sky130_fd_sc_hd__a21o_1)
                                                         _14_ (net)
                      0.020254    0.000099    0.478958 v _37_/A (sky130_fd_sc_hd__nand2_1)
     1    0.005140    0.042041    0.044068    0.523026 ^ _37_/Y (sky130_fd_sc_hd__nand2_1)
                                                         _16_ (net)
                      0.042041    0.000108    0.523133 ^ _38_/B (sky130_fd_sc_hd__xnor2_1)
     1    0.002821    0.021837    0.034974    0.558107 v _38_/Y (sky130_fd_sc_hd__xnor2_1)
                                                         _17_ (net)
                      0.021837    0.000081    0.558189 v _40_/A2 (sky130_fd_sc_hd__o21ai_1)
     1    0.002601    0.036716    0.069865    0.628053 ^ _40_/Y (sky130_fd_sc_hd__o21ai_1)
                                                         _02_ (net)
                      0.036716    0.000055    0.628108 ^ _48_/D (sky130_fd_sc_hd__dfxtp_1)
                                              0.628108   data arrival time

                                  0.000000    0.000000   clock clk (rise edge)
                                  0.000000    0.000000   clock source latency
     1    0.010792    0.041198    0.027034    0.027034 ^ clk (in)
                                                         clk (net)
                      0.041200    0.000000    0.027034 ^ clkbuf_0_clk/A (sky130_fd_sc_hd__clkbuf_16)
     2    0.018457    0.030161    0.086287    0.113321 ^ clkbuf_0_clk/X (sky130_fd_sc_hd__clkbuf_16)
                                                         clknet_0_clk (net)
                      0.030163    0.000490    0.113811 ^ clkbuf_1_0__f_clk/A (sky130_fd_sc_hd__clkbuf_16)
     2    0.006531    0.022048    0.074790    0.188601 ^ clkbuf_1_0__f_clk/X (sky130_fd_sc_hd__clkbuf_16)
                                                         clknet_1_0__leaf_clk (net)
                      0.022048    0.000150    0.188751 ^ _48_/CLK (sky130_fd_sc_hd__dfxtp_1)
                                  0.250000    0.438751   clock uncertainty
                                  0.000000    0.438751   clock reconvergence pessimism
                                 -0.017919    0.420832   library hold time
                                              0.420832   data required time
---------------------------------------------------------------------------------------------
                                              0.420832   data required time
                                             -0.628108   data arrival time
---------------------------------------------------------------------------------------------
                                              0.207276   slack (MET)


Startpoint: _49_ (rising edge-triggered flip-flop clocked by clk)
Endpoint: _49_ (rising edge-triggered flip-flop clocked by clk)
Path Group: clk
Path Type: min

Fanout         Cap        Slew       Delay        Time   Description
---------------------------------------------------------------------------------------------
                                  0.000000    0.000000   clock clk (rise edge)
                                  0.000000    0.000000   clock source latency
     1    0.010792    0.041198    0.027034    0.027034 ^ clk (in)
                                                         clk (net)
                      0.041200    0.000000    0.027034 ^ clkbuf_0_clk/A (sky130_fd_sc_hd__clkbuf_16)
     2    0.018457    0.030161    0.086287    0.113321 ^ clkbuf_0_clk/X (sky130_fd_sc_hd__clkbuf_16)
                                                         clknet_0_clk (net)
                      0.030163    0.000527    0.113848 ^ clkbuf_1_1__f_clk/A (sky130_fd_sc_hd__clkbuf_16)
     2    0.005897    0.021612    0.074250    0.188097 ^ clkbuf_1_1__f_clk/X (sky130_fd_sc_hd__clkbuf_16)
                                                         clknet_1_1__leaf_clk (net)
                      0.021613    0.000170    0.188267 ^ _49_/CLK (sky130_fd_sc_hd__dfxtp_1)
     3    0.009520    0.073637    0.214006    0.402273 ^ _49_/Q (sky130_fd_sc_hd__dfxtp_1)
                                                         net7 (net)
                      0.073638    0.000317    0.402590 ^ _43_/B1 (sky130_fd_sc_hd__a31o_1)
     1    0.002809    0.027774    0.056886    0.459476 ^ _43_/X (sky130_fd_sc_hd__a31o_1)
                                                         _21_ (net)
                      0.027774    0.000057    0.459533 ^ _45_/A2 (sky130_fd_sc_hd__a31o_1)
     1    0.003674    0.034425    0.080322    0.539855 ^ _45_/X (sky130_fd_sc_hd__a31o_1)
                                                         _03_ (net)
                      0.034425    0.000115    0.539970 ^ hold4/A (sky130_fd_sc_hd__dlygate4sd3_1)
     1    0.001972    0.032618    0.366210    0.906180 ^ hold4/X (sky130_fd_sc_hd__dlygate4sd3_1)
                                                         net11 (net)
                      0.032618    0.000038    0.906218 ^ _49_/D (sky130_fd_sc_hd__dfxtp_1)
                                              0.906218   data arrival time

                                  0.000000    0.000000   clock clk (rise edge)
                                  0.000000    0.000000   clock source latency
     1    0.010792    0.041198    0.027034    0.027034 ^ clk (in)
                                                         clk (net)
                      0.041200    0.000000    0.027034 ^ clkbuf_0_clk/A (sky130_fd_sc_hd__clkbuf_16)
     2    0.018457    0.030161    0.086287    0.113321 ^ clkbuf_0_clk/X (sky130_fd_sc_hd__clkbuf_16)
                                                         clknet_0_clk (net)
                      0.030163    0.000527    0.113848 ^ clkbuf_1_1__f_clk/A (sky130_fd_sc_hd__clkbuf_16)
     2    0.005897    0.021612    0.074250    0.188097 ^ clkbuf_1_1__f_clk/X (sky130_fd_sc_hd__clkbuf_16)
                                                         clknet_1_1__leaf_clk (net)
                      0.021613    0.000170    0.188267 ^ _49_/CLK (sky130_fd_sc_hd__dfxtp_1)
                                  0.250000    0.438267   clock uncertainty
                                  0.000000    0.438267   clock reconvergence pessimism
                                 -0.017639    0.420629   library hold time
                                              0.420629   data required time
---------------------------------------------------------------------------------------------
                                              0.420629   data required time
                                             -0.906218   data arrival time
---------------------------------------------------------------------------------------------
                                              0.485589   slack (MET)


Startpoint: _49_ (rising edge-triggered flip-flop clocked by clk)
Endpoint: counter[3] (output port clocked by clk)
Path Group: clk
Path Type: min

Fanout         Cap        Slew       Delay        Time   Description
---------------------------------------------------------------------------------------------
                                  0.000000    0.000000   clock clk (rise edge)
                                  0.000000    0.000000   clock source latency
     1    0.010792    0.041198    0.027034    0.027034 ^ clk (in)
                                                         clk (net)
                      0.041200    0.000000    0.027034 ^ clkbuf_0_clk/A (sky130_fd_sc_hd__clkbuf_16)
     2    0.018457    0.030161    0.086287    0.113321 ^ clkbuf_0_clk/X (sky130_fd_sc_hd__clkbuf_16)
                                                         clknet_0_clk (net)
                      0.030163    0.000527    0.113848 ^ clkbuf_1_1__f_clk/A (sky130_fd_sc_hd__clkbuf_16)
     2    0.005897    0.021612    0.074250    0.188097 ^ clkbuf_1_1__f_clk/X (sky130_fd_sc_hd__clkbuf_16)
                                                         clknet_1_1__leaf_clk (net)
                      0.021613    0.000170    0.188267 ^ _49_/CLK (sky130_fd_sc_hd__dfxtp_1)
     3    0.008924    0.036979    0.199029    0.387296 v _49_/Q (sky130_fd_sc_hd__dfxtp_1)
                                                         net7 (net)
                      0.036979    0.000161    0.387457 v output7/A (sky130_fd_sc_hd__buf_2)
     1    0.034184    0.062674    0.119867    0.507324 v output7/X (sky130_fd_sc_hd__buf_2)
                                                         counter[3] (net)
                      0.062682    0.000706    0.508030 v counter[3] (out)
                                              0.508030   data arrival time

                                  0.000000    0.000000   clock clk (rise edge)
                                  0.000000    0.000000   clock network delay (propagated)
                                  0.250000    0.250000   clock uncertainty
                                  0.000000    0.250000   clock reconvergence pessimism
                                 -2.000000   -1.750000   output external delay
                                             -1.750000   data required time
---------------------------------------------------------------------------------------------
                                             -1.750000   data required time
                                             -0.508030   data arrival time
---------------------------------------------------------------------------------------------
                                              2.258030   slack (MET)


Startpoint: _48_ (rising edge-triggered flip-flop clocked by clk)
Endpoint: counter[2] (output port clocked by clk)
Path Group: clk
Path Type: min

Fanout         Cap        Slew       Delay        Time   Description
---------------------------------------------------------------------------------------------
                                  0.000000    0.000000   clock clk (rise edge)
                                  0.000000    0.000000   clock source latency
     1    0.010792    0.041198    0.027034    0.027034 ^ clk (in)
                                                         clk (net)
                      0.041200    0.000000    0.027034 ^ clkbuf_0_clk/A (sky130_fd_sc_hd__clkbuf_16)
     2    0.018457    0.030161    0.086287    0.113321 ^ clkbuf_0_clk/X (sky130_fd_sc_hd__clkbuf_16)
                                                         clknet_0_clk (net)
                      0.030163    0.000490    0.113811 ^ clkbuf_1_0__f_clk/A (sky130_fd_sc_hd__clkbuf_16)
     2    0.006531    0.022048    0.074790    0.188601 ^ clkbuf_1_0__f_clk/X (sky130_fd_sc_hd__clkbuf_16)
                                                         clknet_1_0__leaf_clk (net)
                      0.022048    0.000150    0.188751 ^ _48_/CLK (sky130_fd_sc_hd__dfxtp_1)
     5    0.014438    0.052535    0.212846    0.401597 v _48_/Q (sky130_fd_sc_hd__dfxtp_1)
                                                         net6 (net)
                      0.052537    0.000368    0.401964 v output6/A (sky130_fd_sc_hd__buf_2)
     1    0.034826    0.063657    0.126860    0.528824 v output6/X (sky130_fd_sc_hd__buf_2)
                                                         counter[2] (net)
                      0.063667    0.000785    0.529610 v counter[2] (out)
                                              0.529610   data arrival time

                                  0.000000    0.000000   clock clk (rise edge)
                                  0.000000    0.000000   clock network delay (propagated)
                                  0.250000    0.250000   clock uncertainty
                                  0.000000    0.250000   clock reconvergence pessimism
                                 -2.000000   -1.750000   output external delay
                                             -1.750000   data required time
---------------------------------------------------------------------------------------------
                                             -1.750000   data required time
                                             -0.529610   data arrival time
---------------------------------------------------------------------------------------------
                                              2.279609   slack (MET)


Startpoint: _47_ (rising edge-triggered flip-flop clocked by clk)
Endpoint: counter[1] (output port clocked by clk)
Path Group: clk
Path Type: min

Fanout         Cap        Slew       Delay        Time   Description
---------------------------------------------------------------------------------------------
                                  0.000000    0.000000   clock clk (rise edge)
                                  0.000000    0.000000   clock source latency
     1    0.010792    0.041198    0.027034    0.027034 ^ clk (in)
                                                         clk (net)
                      0.041200    0.000000    0.027034 ^ clkbuf_0_clk/A (sky130_fd_sc_hd__clkbuf_16)
     2    0.018457    0.030161    0.086287    0.113321 ^ clkbuf_0_clk/X (sky130_fd_sc_hd__clkbuf_16)
                                                         clknet_0_clk (net)
                      0.030163    0.000527    0.113848 ^ clkbuf_1_1__f_clk/A (sky130_fd_sc_hd__clkbuf_16)
     2    0.005897    0.021612    0.074250    0.188097 ^ clkbuf_1_1__f_clk/X (sky130_fd_sc_hd__clkbuf_16)
                                                         clknet_1_1__leaf_clk (net)
                      0.021613    0.000156    0.188253 ^ _47_/CLK (sky130_fd_sc_hd__dfxtp_1)
     6    0.022292    0.076406    0.231202    0.419455 v _47_/Q (sky130_fd_sc_hd__dfxtp_1)
                                                         net5 (net)
                      0.076406    0.000226    0.419681 v output5/A (sky130_fd_sc_hd__buf_2)
     1    0.034855    0.063787    0.136542    0.556223 v output5/X (sky130_fd_sc_hd__buf_2)
                                                         counter[1] (net)
                      0.063799    0.000848    0.557071 v counter[1] (out)
                                              0.557071   data arrival time

                                  0.000000    0.000000   clock clk (rise edge)
                                  0.000000    0.000000   clock network delay (propagated)
                                  0.250000    0.250000   clock uncertainty
                                  0.000000    0.250000   clock reconvergence pessimism
                                 -2.000000   -1.750000   output external delay
                                             -1.750000   data required time
---------------------------------------------------------------------------------------------
                                             -1.750000   data required time
                                             -0.557071   data arrival time
---------------------------------------------------------------------------------------------
                                              2.307071   slack (MET)


Startpoint: _46_ (rising edge-triggered flip-flop clocked by clk)
Endpoint: counter[0] (output port clocked by clk)
Path Group: clk
Path Type: min

Fanout         Cap        Slew       Delay        Time   Description
---------------------------------------------------------------------------------------------
                                  0.000000    0.000000   clock clk (rise edge)
                                  0.000000    0.000000   clock source latency
     1    0.010792    0.041198    0.027034    0.027034 ^ clk (in)
                                                         clk (net)
                      0.041200    0.000000    0.027034 ^ clkbuf_0_clk/A (sky130_fd_sc_hd__clkbuf_16)
     2    0.018457    0.030161    0.086287    0.113321 ^ clkbuf_0_clk/X (sky130_fd_sc_hd__clkbuf_16)
                                                         clknet_0_clk (net)
                      0.030163    0.000490    0.113811 ^ clkbuf_1_0__f_clk/A (sky130_fd_sc_hd__clkbuf_16)
     2    0.006531    0.022048    0.074790    0.188601 ^ clkbuf_1_0__f_clk/X (sky130_fd_sc_hd__clkbuf_16)
                                                         clknet_1_0__leaf_clk (net)
                      0.022048    0.000165    0.188766 ^ _46_/CLK (sky130_fd_sc_hd__dfxtp_1)
     7    0.026345    0.088728    0.241018    0.429784 v _46_/Q (sky130_fd_sc_hd__dfxtp_1)
                                                         net4 (net)
                      0.088741    0.001060    0.430844 v output4/A (sky130_fd_sc_hd__buf_2)
     1    0.035254    0.064458    0.141957    0.572801 v output4/X (sky130_fd_sc_hd__buf_2)
                                                         counter[0] (net)
                      0.064474    0.000990    0.573791 v counter[0] (out)
                                              0.573791   data arrival time

                                  0.000000    0.000000   clock clk (rise edge)
                                  0.000000    0.000000   clock network delay (propagated)
                                  0.250000    0.250000   clock uncertainty
                                  0.000000    0.250000   clock reconvergence pessimism
                                 -2.000000   -1.750000   output external delay
                                             -1.750000   data required time
---------------------------------------------------------------------------------------------
                                             -1.750000   data required time
                                             -0.573791   data arrival time
---------------------------------------------------------------------------------------------
                                              2.323791   slack (MET)



