
===========================================================================
report_checks -path_delay min (Hold)
============================================================================
======================= nom_ff_n40C_1v95 Corner ===================================

Startpoint: _46_ (rising edge-triggered flip-flop clocked by clk)
Endpoint: _46_ (rising edge-triggered flip-flop clocked by clk)
Path Group: clk
Path Type: min

Fanout         Cap        Slew       Delay        Time   Description
---------------------------------------------------------------------------------------------
                      0.150000    0.000000    0.000000   clock clk (rise edge)
                                  0.000000    0.000000   clock network delay (ideal)
                      0.150000    0.000000    0.000000 ^ _46_/CLK (sky130_fd_sc_hd__dfxtp_2)
     7    0.018793    0.078147    0.258475    0.258475 ^ _46_/Q (sky130_fd_sc_hd__dfxtp_2)
                                                         net4 (net)
                      0.078147    0.000000    0.258475 ^ _28_/A1 (sky130_fd_sc_hd__o21ai_1)
     1    0.001783    0.018029    0.039962    0.298437 v _28_/Y (sky130_fd_sc_hd__o21ai_1)
                                                         _00_ (net)
                      0.018029    0.000000    0.298437 v _46_/D (sky130_fd_sc_hd__dfxtp_2)
                                              0.298437   data arrival time

                      0.150000    0.000000    0.000000   clock clk (rise edge)
                                  0.000000    0.000000   clock network delay (ideal)
                                  0.250000    0.250000   clock uncertainty
                                  0.000000    0.250000   clock reconvergence pessimism
                                              0.250000 ^ _46_/CLK (sky130_fd_sc_hd__dfxtp_2)
                                 -0.018640    0.231360   library hold time
                                              0.231360   data required time
---------------------------------------------------------------------------------------------
                                              0.231360   data required time
                                             -0.298437   data arrival time
---------------------------------------------------------------------------------------------
                                              0.067077   slack (MET)


Startpoint: _48_ (rising edge-triggered flip-flop clocked by clk)
Endpoint: _48_ (rising edge-triggered flip-flop clocked by clk)
Path Group: clk
Path Type: min

Fanout         Cap        Slew       Delay        Time   Description
---------------------------------------------------------------------------------------------
                      0.150000    0.000000    0.000000   clock clk (rise edge)
                                  0.000000    0.000000   clock network delay (ideal)
                      0.150000    0.000000    0.000000 ^ _48_/CLK (sky130_fd_sc_hd__dfxtp_1)
     5    0.011929    0.091934    0.257067    0.257067 ^ _48_/Q (sky130_fd_sc_hd__dfxtp_1)
                                                         net6 (net)
                      0.091934    0.000000    0.257067 ^ _39_/A1 (sky130_fd_sc_hd__a21oi_1)
     1    0.002019    0.033268    0.036545    0.293613 v _39_/Y (sky130_fd_sc_hd__a21oi_1)
                                                         _18_ (net)
                      0.033268    0.000000    0.293613 v _40_/B1 (sky130_fd_sc_hd__o21ai_1)
     1    0.001748    0.031001    0.039277    0.332890 ^ _40_/Y (sky130_fd_sc_hd__o21ai_1)
                                                         _02_ (net)
                      0.031001    0.000000    0.332890 ^ _48_/D (sky130_fd_sc_hd__dfxtp_1)
                                              0.332890   data arrival time

                      0.150000    0.000000    0.000000   clock clk (rise edge)
                                  0.000000    0.000000   clock network delay (ideal)
                                  0.250000    0.250000   clock uncertainty
                                  0.000000    0.250000   clock reconvergence pessimism
                                              0.250000 ^ _48_/CLK (sky130_fd_sc_hd__dfxtp_1)
                                 -0.014460    0.235540   library hold time
                                              0.235540   data required time
---------------------------------------------------------------------------------------------
                                              0.235540   data required time
                                             -0.332890   data arrival time
---------------------------------------------------------------------------------------------
                                              0.097350   slack (MET)


Startpoint: _49_ (rising edge-triggered flip-flop clocked by clk)
Endpoint: _49_ (rising edge-triggered flip-flop clocked by clk)
Path Group: clk
Path Type: min

Fanout         Cap        Slew       Delay        Time   Description
---------------------------------------------------------------------------------------------
                      0.150000    0.000000    0.000000   clock clk (rise edge)
                                  0.000000    0.000000   clock network delay (ideal)
                      0.150000    0.000000    0.000000 ^ _49_/CLK (sky130_fd_sc_hd__dfxtp_1)
     3    0.006320    0.029999    0.222261    0.222261 v _49_/Q (sky130_fd_sc_hd__dfxtp_1)
                                                         net7 (net)
                      0.029999    0.000000    0.222261 v _44_/B (sky130_fd_sc_hd__nand4_1)
     1    0.002522    0.036944    0.052565    0.274826 ^ _44_/Y (sky130_fd_sc_hd__nand4_1)
                                                         _22_ (net)
                      0.036944    0.000000    0.274826 ^ _45_/A3 (sky130_fd_sc_hd__a31o_1)
     1    0.001748    0.023177    0.074334    0.349160 ^ _45_/X (sky130_fd_sc_hd__a31o_1)
                                                         _03_ (net)
                      0.023177    0.000000    0.349160 ^ _49_/D (sky130_fd_sc_hd__dfxtp_1)
                                              0.349160   data arrival time

                      0.150000    0.000000    0.000000   clock clk (rise edge)
                                  0.000000    0.000000   clock network delay (ideal)
                                  0.250000    0.250000   clock uncertainty
                                  0.000000    0.250000   clock reconvergence pessimism
                                              0.250000 ^ _49_/CLK (sky130_fd_sc_hd__dfxtp_1)
                                 -0.013916    0.236084   library hold time
                                              0.236084   data required time
---------------------------------------------------------------------------------------------
                                              0.236084   data required time
                                             -0.349160   data arrival time
---------------------------------------------------------------------------------------------
                                              0.113076   slack (MET)


Startpoint: _47_ (rising edge-triggered flip-flop clocked by clk)
Endpoint: _47_ (rising edge-triggered flip-flop clocked by clk)
Path Group: clk
Path Type: min

Fanout         Cap        Slew       Delay        Time   Description
---------------------------------------------------------------------------------------------
                      0.150000    0.000000    0.000000   clock clk (rise edge)
                                  0.000000    0.000000   clock network delay (ideal)
                      0.150000    0.000000    0.000000 ^ _47_/CLK (sky130_fd_sc_hd__dfxtp_1)
     6    0.016464    0.123139    0.278761    0.278761 ^ _47_/Q (sky130_fd_sc_hd__dfxtp_1)
                                                         net5 (net)
                      0.123139    0.000000    0.278761 ^ _33_/A1 (sky130_fd_sc_hd__a21o_1)
     1    0.002538    0.026416    0.074088    0.352849 ^ _33_/X (sky130_fd_sc_hd__a21o_1)
                                                         _13_ (net)
                      0.026416    0.000000    0.352849 ^ _34_/B1 (sky130_fd_sc_hd__a31o_1)
     1    0.001748    0.021103    0.044485    0.397334 ^ _34_/X (sky130_fd_sc_hd__a31o_1)
                                                         _01_ (net)
                      0.021103    0.000000    0.397334 ^ _47_/D (sky130_fd_sc_hd__dfxtp_1)
                                              0.397334   data arrival time

                      0.150000    0.000000    0.000000   clock clk (rise edge)
                                  0.000000    0.000000   clock network delay (ideal)
                                  0.250000    0.250000   clock uncertainty
                                  0.000000    0.250000   clock reconvergence pessimism
                                              0.250000 ^ _47_/CLK (sky130_fd_sc_hd__dfxtp_1)
                                 -0.013772    0.236228   library hold time
                                              0.236228   data required time
---------------------------------------------------------------------------------------------
                                              0.236228   data required time
                                             -0.397334   data arrival time
---------------------------------------------------------------------------------------------
                                              0.161106   slack (MET)


Startpoint: _49_ (rising edge-triggered flip-flop clocked by clk)
Endpoint: counter[3] (output port clocked by clk)
Path Group: clk
Path Type: min

Fanout         Cap        Slew       Delay        Time   Description
---------------------------------------------------------------------------------------------
                      0.150000    0.000000    0.000000   clock clk (rise edge)
                                  0.000000    0.000000   clock network delay (ideal)
                      0.150000    0.000000    0.000000 ^ _49_/CLK (sky130_fd_sc_hd__dfxtp_1)
     3    0.006320    0.029999    0.222261    0.222261 v _49_/Q (sky130_fd_sc_hd__dfxtp_1)
                                                         net7 (net)
                      0.029999    0.000000    0.222261 v output7/A (sky130_fd_sc_hd__buf_2)
     1    0.033442    0.061567    0.116661    0.338922 v output7/X (sky130_fd_sc_hd__buf_2)
                                                         counter[3] (net)
                      0.061567    0.000000    0.338922 v counter[3] (out)
                                              0.338922   data arrival time

                      0.150000    0.000000    0.000000   clock clk (rise edge)
                                  0.000000    0.000000   clock network delay (ideal)
                                  0.250000    0.250000   clock uncertainty
                                  0.000000    0.250000   clock reconvergence pessimism
                                 -2.000000   -1.750000   output external delay
                                             -1.750000   data required time
---------------------------------------------------------------------------------------------
                                             -1.750000   data required time
                                             -0.338922   data arrival time
---------------------------------------------------------------------------------------------
                                              2.088922   slack (MET)


Startpoint: _48_ (rising edge-triggered flip-flop clocked by clk)
Endpoint: counter[2] (output port clocked by clk)
Path Group: clk
Path Type: min

Fanout         Cap        Slew       Delay        Time   Description
---------------------------------------------------------------------------------------------
                      0.150000    0.000000    0.000000   clock clk (rise edge)
                                  0.000000    0.000000   clock network delay (ideal)
                      0.150000    0.000000    0.000000 ^ _48_/CLK (sky130_fd_sc_hd__dfxtp_1)
     5    0.010892    0.042866    0.234847    0.234847 v _48_/Q (sky130_fd_sc_hd__dfxtp_1)
                                                         net6 (net)
                      0.042866    0.000000    0.234847 v output6/A (sky130_fd_sc_hd__buf_2)
     1    0.033442    0.061556    0.121816    0.356663 v output6/X (sky130_fd_sc_hd__buf_2)
                                                         counter[2] (net)
                      0.061556    0.000000    0.356663 v counter[2] (out)
                                              0.356663   data arrival time

                      0.150000    0.000000    0.000000   clock clk (rise edge)
                                  0.000000    0.000000   clock network delay (ideal)
                                  0.250000    0.250000   clock uncertainty
                                  0.000000    0.250000   clock reconvergence pessimism
                                 -2.000000   -1.750000   output external delay
                                             -1.750000   data required time
---------------------------------------------------------------------------------------------
                                             -1.750000   data required time
                                             -0.356663   data arrival time
---------------------------------------------------------------------------------------------
                                              2.106663   slack (MET)


Startpoint: _46_ (rising edge-triggered flip-flop clocked by clk)
Endpoint: counter[0] (output port clocked by clk)
Path Group: clk
Path Type: min

Fanout         Cap        Slew       Delay        Time   Description
---------------------------------------------------------------------------------------------
                      0.150000    0.000000    0.000000   clock clk (rise edge)
                                  0.000000    0.000000   clock network delay (ideal)
                      0.150000    0.000000    0.000000 ^ _46_/CLK (sky130_fd_sc_hd__dfxtp_2)
     7    0.017387    0.039331    0.243700    0.243700 v _46_/Q (sky130_fd_sc_hd__dfxtp_2)
                                                         net4 (net)
                      0.039331    0.000000    0.243700 v output4/A (sky130_fd_sc_hd__buf_2)
     1    0.033442    0.061559    0.120400    0.364101 v output4/X (sky130_fd_sc_hd__buf_2)
                                                         counter[0] (net)
                      0.061559    0.000000    0.364101 v counter[0] (out)
                                              0.364101   data arrival time

                      0.150000    0.000000    0.000000   clock clk (rise edge)
                                  0.000000    0.000000   clock network delay (ideal)
                                  0.250000    0.250000   clock uncertainty
                                  0.000000    0.250000   clock reconvergence pessimism
                                 -2.000000   -1.750000   output external delay
                                             -1.750000   data required time
---------------------------------------------------------------------------------------------
                                             -1.750000   data required time
                                             -0.364101   data arrival time
---------------------------------------------------------------------------------------------
                                              2.114100   slack (MET)


Startpoint: _47_ (rising edge-triggered flip-flop clocked by clk)
Endpoint: counter[1] (output port clocked by clk)
Path Group: clk
Path Type: min

Fanout         Cap        Slew       Delay        Time   Description
---------------------------------------------------------------------------------------------
                      0.150000    0.000000    0.000000   clock clk (rise edge)
                                  0.000000    0.000000   clock network delay (ideal)
                      0.150000    0.000000    0.000000 ^ _47_/CLK (sky130_fd_sc_hd__dfxtp_1)
     6    0.015043    0.055018    0.244822    0.244822 v _47_/Q (sky130_fd_sc_hd__dfxtp_1)
                                                         net5 (net)
                      0.055018    0.000000    0.244822 v output5/A (sky130_fd_sc_hd__buf_2)
     1    0.033442    0.061557    0.126695    0.371517 v output5/X (sky130_fd_sc_hd__buf_2)
                                                         counter[1] (net)
                      0.061557    0.000000    0.371517 v counter[1] (out)
                                              0.371517   data arrival time

                      0.150000    0.000000    0.000000   clock clk (rise edge)
                                  0.000000    0.000000   clock network delay (ideal)
                                  0.250000    0.250000   clock uncertainty
                                  0.000000    0.250000   clock reconvergence pessimism
                                 -2.000000   -1.750000   output external delay
                                             -1.750000   data required time
---------------------------------------------------------------------------------------------
                                             -1.750000   data required time
                                             -0.371517   data arrival time
---------------------------------------------------------------------------------------------
                                              2.121517   slack (MET)



