
===========================================================================
 report_power
============================================================================
======================= nom_ss_100C_1v60 Corner ===================================

Group                    Internal    Switching      Leakage        Total
                            Power        Power        Power        Power (Watts)
------------------------------------------------------------------------
Sequential           2.399571e-06 2.239543e-06 5.849735e-08 4.697611e-06  42.1%
Combinational        3.321715e-06 3.022434e-06 1.153307e-07 6.459480e-06  57.9%
Clock                0.000000e+00 0.000000e+00 0.000000e+00 0.000000e+00   0.0%
Macro                0.000000e+00 0.000000e+00 0.000000e+00 0.000000e+00   0.0%
Pad                  0.000000e+00 0.000000e+00 0.000000e+00 0.000000e+00   0.0%
------------------------------------------------------------------------
Total                5.721286e-06 5.261978e-06 1.738281e-07 1.115709e-05 100.0%
                            51.3%        47.2%         1.6%

