
===========================================================================
report_checks -path_delay min (Hold)
============================================================================
======================= max_ff_n40C_1v95 Corner ===================================

Startpoint: _46_ (rising edge-triggered flip-flop clocked by clk)
Endpoint: _46_ (rising edge-triggered flip-flop clocked by clk)
Path Group: clk
Path Type: min

Fanout         Cap        Slew       Delay        Time   Description
---------------------------------------------------------------------------------------------
                                  0.000000    0.000000   clock clk (rise edge)
                                  0.000000    0.000000   clock source latency
     1    0.009687    0.037486    0.024460    0.024460 ^ clk (in)
                                                         clk (net)
                      0.037494    0.000000    0.024460 ^ clkbuf_0_clk/A (sky130_fd_sc_hd__clkbuf_16)
     2    0.018207    0.030005    0.084900    0.109360 ^ clkbuf_0_clk/X (sky130_fd_sc_hd__clkbuf_16)
                                                         clknet_0_clk (net)
                      0.030017    0.000917    0.110277 ^ clkbuf_1_1__f_clk/A (sky130_fd_sc_hd__clkbuf_16)
     2    0.005836    0.021577    0.074125    0.184402 ^ clkbuf_1_1__f_clk/X (sky130_fd_sc_hd__clkbuf_16)
                                                         clknet_1_1__leaf_clk (net)
                      0.021579    0.000327    0.184729 ^ _46_/CLK (sky130_fd_sc_hd__dfxtp_2)
     7    0.026246    0.103404    0.245129    0.429859 ^ _46_/Q (sky130_fd_sc_hd__dfxtp_2)
                                                         net4 (net)
                      0.103434    0.001712    0.431571 ^ _28_/A1 (sky130_fd_sc_hd__o21ai_1)
     1    0.002197    0.021246    0.044551    0.476121 v _28_/Y (sky130_fd_sc_hd__o21ai_1)
                                                         _00_ (net)
                      0.021246    0.000160    0.476281 v _46_/D (sky130_fd_sc_hd__dfxtp_2)
                                              0.476281   data arrival time

                                  0.000000    0.000000   clock clk (rise edge)
                                  0.000000    0.000000   clock source latency
     1    0.009687    0.037486    0.024460    0.024460 ^ clk (in)
                                                         clk (net)
                      0.037494    0.000000    0.024460 ^ clkbuf_0_clk/A (sky130_fd_sc_hd__clkbuf_16)
     2    0.018207    0.030005    0.084900    0.109360 ^ clkbuf_0_clk/X (sky130_fd_sc_hd__clkbuf_16)
                                                         clknet_0_clk (net)
                      0.030017    0.000917    0.110277 ^ clkbuf_1_1__f_clk/A (sky130_fd_sc_hd__clkbuf_16)
     2    0.005836    0.021577    0.074125    0.184402 ^ clkbuf_1_1__f_clk/X (sky130_fd_sc_hd__clkbuf_16)
                                                         clknet_1_1__leaf_clk (net)
                      0.021579    0.000327    0.184729 ^ _46_/CLK (sky130_fd_sc_hd__dfxtp_2)
                                  0.250000    0.434729   clock uncertainty
                                  0.000000    0.434729   clock reconvergence pessimism
                                 -0.032340    0.402389   library hold time
                                              0.402389   data required time
---------------------------------------------------------------------------------------------
                                              0.402389   data required time
                                             -0.476281   data arrival time
---------------------------------------------------------------------------------------------
                                              0.073892   slack (MET)


Startpoint: _48_ (rising edge-triggered flip-flop clocked by clk)
Endpoint: _48_ (rising edge-triggered flip-flop clocked by clk)
Path Group: clk
Path Type: min

Fanout         Cap        Slew       Delay        Time   Description
---------------------------------------------------------------------------------------------
                                  0.000000    0.000000   clock clk (rise edge)
                                  0.000000    0.000000   clock source latency
     1    0.009687    0.037486    0.024460    0.024460 ^ clk (in)
                                                         clk (net)
                      0.037494    0.000000    0.024460 ^ clkbuf_0_clk/A (sky130_fd_sc_hd__clkbuf_16)
     2    0.018207    0.030005    0.084900    0.109360 ^ clkbuf_0_clk/X (sky130_fd_sc_hd__clkbuf_16)
                                                         clknet_0_clk (net)
                      0.030017    0.000917    0.110277 ^ clkbuf_1_1__f_clk/A (sky130_fd_sc_hd__clkbuf_16)
     2    0.005836    0.021577    0.074125    0.184402 ^ clkbuf_1_1__f_clk/X (sky130_fd_sc_hd__clkbuf_16)
                                                         clknet_1_1__leaf_clk (net)
                      0.021579    0.000376    0.184778 ^ _48_/CLK (sky130_fd_sc_hd__dfxtp_1)
     5    0.018138    0.132379    0.254492    0.439270 ^ _48_/Q (sky130_fd_sc_hd__dfxtp_1)
                                                         net6 (net)
                      0.132394    0.001452    0.440721 ^ _39_/A1 (sky130_fd_sc_hd__a21oi_1)
     1    0.002177    0.038880    0.039892    0.480613 v _39_/Y (sky130_fd_sc_hd__a21oi_1)
                                                         _18_ (net)
                      0.038880    0.000100    0.480713 v _40_/B1 (sky130_fd_sc_hd__o21ai_1)
     1    0.002421    0.036309    0.045994    0.526707 ^ _40_/Y (sky130_fd_sc_hd__o21ai_1)
                                                         _02_ (net)
                      0.036309    0.000104    0.526811 ^ _48_/D (sky130_fd_sc_hd__dfxtp_1)
                                              0.526811   data arrival time

                                  0.000000    0.000000   clock clk (rise edge)
                                  0.000000    0.000000   clock source latency
     1    0.009687    0.037486    0.024460    0.024460 ^ clk (in)
                                                         clk (net)
                      0.037494    0.000000    0.024460 ^ clkbuf_0_clk/A (sky130_fd_sc_hd__clkbuf_16)
     2    0.018207    0.030005    0.084900    0.109360 ^ clkbuf_0_clk/X (sky130_fd_sc_hd__clkbuf_16)
                                                         clknet_0_clk (net)
                      0.030017    0.000917    0.110277 ^ clkbuf_1_1__f_clk/A (sky130_fd_sc_hd__clkbuf_16)
     2    0.005836    0.021577    0.074125    0.184402 ^ clkbuf_1_1__f_clk/X (sky130_fd_sc_hd__clkbuf_16)
                                                         clknet_1_1__leaf_clk (net)
                      0.021579    0.000376    0.184778 ^ _48_/CLK (sky130_fd_sc_hd__dfxtp_1)
                                  0.250000    0.434778   clock uncertainty
                                  0.000000    0.434778   clock reconvergence pessimism
                                 -0.017901    0.416877   library hold time
                                              0.416877   data required time
---------------------------------------------------------------------------------------------
                                              0.416877   data required time
                                             -0.526811   data arrival time
---------------------------------------------------------------------------------------------
                                              0.109934   slack (MET)


Startpoint: _49_ (rising edge-triggered flip-flop clocked by clk)
Endpoint: _49_ (rising edge-triggered flip-flop clocked by clk)
Path Group: clk
Path Type: min

Fanout         Cap        Slew       Delay        Time   Description
---------------------------------------------------------------------------------------------
                                  0.000000    0.000000   clock clk (rise edge)
                                  0.000000    0.000000   clock source latency
     1    0.009687    0.037486    0.024460    0.024460 ^ clk (in)
                                                         clk (net)
                      0.037494    0.000000    0.024460 ^ clkbuf_0_clk/A (sky130_fd_sc_hd__clkbuf_16)
     2    0.018207    0.030005    0.084900    0.109360 ^ clkbuf_0_clk/X (sky130_fd_sc_hd__clkbuf_16)
                                                         clknet_0_clk (net)
                      0.030018    0.000938    0.110298 ^ clkbuf_1_0__f_clk/A (sky130_fd_sc_hd__clkbuf_16)
     2    0.005320    0.021217    0.073690    0.183988 ^ clkbuf_1_0__f_clk/X (sky130_fd_sc_hd__clkbuf_16)
                                                         clknet_1_0__leaf_clk (net)
                      0.021218    0.000320    0.184308 ^ _49_/CLK (sky130_fd_sc_hd__dfxtp_1)
     3    0.009239    0.038038    0.199615    0.383924 v _49_/Q (sky130_fd_sc_hd__dfxtp_1)
                                                         net7 (net)
                      0.038046    0.000516    0.384440 v _44_/B (sky130_fd_sc_hd__nand4_1)
     1    0.003676    0.044904    0.062319    0.446758 ^ _44_/Y (sky130_fd_sc_hd__nand4_1)
                                                         _22_ (net)
                      0.044904    0.000249    0.447008 ^ _45_/A3 (sky130_fd_sc_hd__a31o_1)
     1    0.002520    0.028058    0.079925    0.526933 ^ _45_/X (sky130_fd_sc_hd__a31o_1)
                                                         _03_ (net)
                      0.028058    0.000107    0.527039 ^ _49_/D (sky130_fd_sc_hd__dfxtp_1)
                                              0.527039   data arrival time

                                  0.000000    0.000000   clock clk (rise edge)
                                  0.000000    0.000000   clock source latency
     1    0.009687    0.037486    0.024460    0.024460 ^ clk (in)
                                                         clk (net)
                      0.037494    0.000000    0.024460 ^ clkbuf_0_clk/A (sky130_fd_sc_hd__clkbuf_16)
     2    0.018207    0.030005    0.084900    0.109360 ^ clkbuf_0_clk/X (sky130_fd_sc_hd__clkbuf_16)
                                                         clknet_0_clk (net)
                      0.030018    0.000938    0.110298 ^ clkbuf_1_0__f_clk/A (sky130_fd_sc_hd__clkbuf_16)
     2    0.005320    0.021217    0.073690    0.183988 ^ clkbuf_1_0__f_clk/X (sky130_fd_sc_hd__clkbuf_16)
                                                         clknet_1_0__leaf_clk (net)
                      0.021218    0.000320    0.184308 ^ _49_/CLK (sky130_fd_sc_hd__dfxtp_1)
                                  0.250000    0.434308   clock uncertainty
                                  0.000000    0.434308   clock reconvergence pessimism
                                 -0.017325    0.416983   library hold time
                                              0.416983   data required time
---------------------------------------------------------------------------------------------
                                              0.416983   data required time
                                             -0.527039   data arrival time
---------------------------------------------------------------------------------------------
                                              0.110056   slack (MET)


Startpoint: _47_ (rising edge-triggered flip-flop clocked by clk)
Endpoint: _47_ (rising edge-triggered flip-flop clocked by clk)
Path Group: clk
Path Type: min

Fanout         Cap        Slew       Delay        Time   Description
---------------------------------------------------------------------------------------------
                                  0.000000    0.000000   clock clk (rise edge)
                                  0.000000    0.000000   clock source latency
     1    0.009687    0.037486    0.024460    0.024460 ^ clk (in)
                                                         clk (net)
                      0.037494    0.000000    0.024460 ^ clkbuf_0_clk/A (sky130_fd_sc_hd__clkbuf_16)
     2    0.018207    0.030005    0.084900    0.109360 ^ clkbuf_0_clk/X (sky130_fd_sc_hd__clkbuf_16)
                                                         clknet_0_clk (net)
                      0.030018    0.000938    0.110298 ^ clkbuf_1_0__f_clk/A (sky130_fd_sc_hd__clkbuf_16)
     2    0.005320    0.021217    0.073690    0.183988 ^ clkbuf_1_0__f_clk/X (sky130_fd_sc_hd__clkbuf_16)
                                                         clknet_1_0__leaf_clk (net)
                      0.021218    0.000295    0.184283 ^ _47_/CLK (sky130_fd_sc_hd__dfxtp_1)
     6    0.021535    0.155536    0.270926    0.455210 ^ _47_/Q (sky130_fd_sc_hd__dfxtp_1)
                                                         net5 (net)
                      0.155541    0.001078    0.456288 ^ _33_/A1 (sky130_fd_sc_hd__a21o_1)
     1    0.003167    0.029866    0.077840    0.534128 ^ _33_/X (sky130_fd_sc_hd__a21o_1)
                                                         _13_ (net)
                      0.029868    0.000238    0.534366 ^ _34_/B1 (sky130_fd_sc_hd__a31o_1)
     1    0.002583    0.025824    0.049420    0.583786 ^ _34_/X (sky130_fd_sc_hd__a31o_1)
                                                         _01_ (net)
                      0.025825    0.000181    0.583967 ^ _47_/D (sky130_fd_sc_hd__dfxtp_1)
                                              0.583967   data arrival time

                                  0.000000    0.000000   clock clk (rise edge)
                                  0.000000    0.000000   clock source latency
     1    0.009687    0.037486    0.024460    0.024460 ^ clk (in)
                                                         clk (net)
                      0.037494    0.000000    0.024460 ^ clkbuf_0_clk/A (sky130_fd_sc_hd__clkbuf_16)
     2    0.018207    0.030005    0.084900    0.109360 ^ clkbuf_0_clk/X (sky130_fd_sc_hd__clkbuf_16)
                                                         clknet_0_clk (net)
                      0.030018    0.000938    0.110298 ^ clkbuf_1_0__f_clk/A (sky130_fd_sc_hd__clkbuf_16)
     2    0.005320    0.021217    0.073690    0.183988 ^ clkbuf_1_0__f_clk/X (sky130_fd_sc_hd__clkbuf_16)
                                                         clknet_1_0__leaf_clk (net)
                      0.021218    0.000295    0.184283 ^ _47_/CLK (sky130_fd_sc_hd__dfxtp_1)
                                  0.250000    0.434283   clock uncertainty
                                  0.000000    0.434283   clock reconvergence pessimism
                                 -0.017167    0.417116   library hold time
                                              0.417116   data required time
---------------------------------------------------------------------------------------------
                                              0.417116   data required time
                                             -0.583967   data arrival time
---------------------------------------------------------------------------------------------
                                              0.166851   slack (MET)


Startpoint: _49_ (rising edge-triggered flip-flop clocked by clk)
Endpoint: counter[3] (output port clocked by clk)
Path Group: clk
Path Type: min

Fanout         Cap        Slew       Delay        Time   Description
---------------------------------------------------------------------------------------------
                                  0.000000    0.000000   clock clk (rise edge)
                                  0.000000    0.000000   clock source latency
     1    0.009687    0.037486    0.024460    0.024460 ^ clk (in)
                                                         clk (net)
                      0.037494    0.000000    0.024460 ^ clkbuf_0_clk/A (sky130_fd_sc_hd__clkbuf_16)
     2    0.018207    0.030005    0.084900    0.109360 ^ clkbuf_0_clk/X (sky130_fd_sc_hd__clkbuf_16)
                                                         clknet_0_clk (net)
                      0.030018    0.000938    0.110298 ^ clkbuf_1_0__f_clk/A (sky130_fd_sc_hd__clkbuf_16)
     2    0.005320    0.021217    0.073690    0.183988 ^ clkbuf_1_0__f_clk/X (sky130_fd_sc_hd__clkbuf_16)
                                                         clknet_1_0__leaf_clk (net)
                      0.021218    0.000320    0.184308 ^ _49_/CLK (sky130_fd_sc_hd__dfxtp_1)
     3    0.009239    0.038038    0.199615    0.383924 v _49_/Q (sky130_fd_sc_hd__dfxtp_1)
                                                         net7 (net)
                      0.038044    0.000453    0.384376 v output7/A (sky130_fd_sc_hd__buf_2)
     1    0.033824    0.062121    0.119218    0.503594 v output7/X (sky130_fd_sc_hd__buf_2)
                                                         counter[3] (net)
                      0.062170    0.001574    0.505168 v counter[3] (out)
                                              0.505168   data arrival time

                                  0.000000    0.000000   clock clk (rise edge)
                                  0.000000    0.000000   clock network delay (propagated)
                                  0.250000    0.250000   clock uncertainty
                                  0.000000    0.250000   clock reconvergence pessimism
                                 -2.000000   -1.750000   output external delay
                                             -1.750000   data required time
---------------------------------------------------------------------------------------------
                                             -1.750000   data required time
                                             -0.505168   data arrival time
---------------------------------------------------------------------------------------------
                                              2.255168   slack (MET)


Startpoint: _46_ (rising edge-triggered flip-flop clocked by clk)
Endpoint: counter[0] (output port clocked by clk)
Path Group: clk
Path Type: min

Fanout         Cap        Slew       Delay        Time   Description
---------------------------------------------------------------------------------------------
                                  0.000000    0.000000   clock clk (rise edge)
                                  0.000000    0.000000   clock source latency
     1    0.009687    0.037486    0.024460    0.024460 ^ clk (in)
                                                         clk (net)
                      0.037494    0.000000    0.024460 ^ clkbuf_0_clk/A (sky130_fd_sc_hd__clkbuf_16)
     2    0.018207    0.030005    0.084900    0.109360 ^ clkbuf_0_clk/X (sky130_fd_sc_hd__clkbuf_16)
                                                         clknet_0_clk (net)
                      0.030017    0.000917    0.110277 ^ clkbuf_1_1__f_clk/A (sky130_fd_sc_hd__clkbuf_16)
     2    0.005836    0.021577    0.074125    0.184402 ^ clkbuf_1_1__f_clk/X (sky130_fd_sc_hd__clkbuf_16)
                                                         clknet_1_1__leaf_clk (net)
                      0.021579    0.000327    0.184729 ^ _46_/CLK (sky130_fd_sc_hd__dfxtp_2)
     7    0.024840    0.049473    0.221835    0.406564 v _46_/Q (sky130_fd_sc_hd__dfxtp_2)
                                                         net4 (net)
                      0.049538    0.001612    0.408176 v output4/A (sky130_fd_sc_hd__buf_2)
     1    0.033813    0.062106    0.123807    0.531982 v output4/X (sky130_fd_sc_hd__buf_2)
                                                         counter[0] (net)
                      0.062155    0.001574    0.533556 v counter[0] (out)
                                              0.533556   data arrival time

                                  0.000000    0.000000   clock clk (rise edge)
                                  0.000000    0.000000   clock network delay (propagated)
                                  0.250000    0.250000   clock uncertainty
                                  0.000000    0.250000   clock reconvergence pessimism
                                 -2.000000   -1.750000   output external delay
                                             -1.750000   data required time
---------------------------------------------------------------------------------------------
                                             -1.750000   data required time
                                             -0.533556   data arrival time
---------------------------------------------------------------------------------------------
                                              2.283556   slack (MET)


Startpoint: _48_ (rising edge-triggered flip-flop clocked by clk)
Endpoint: counter[2] (output port clocked by clk)
Path Group: clk
Path Type: min

Fanout         Cap        Slew       Delay        Time   Description
---------------------------------------------------------------------------------------------
                                  0.000000    0.000000   clock clk (rise edge)
                                  0.000000    0.000000   clock source latency
     1    0.009687    0.037486    0.024460    0.024460 ^ clk (in)
                                                         clk (net)
                      0.037494    0.000000    0.024460 ^ clkbuf_0_clk/A (sky130_fd_sc_hd__clkbuf_16)
     2    0.018207    0.030005    0.084900    0.109360 ^ clkbuf_0_clk/X (sky130_fd_sc_hd__clkbuf_16)
                                                         clknet_0_clk (net)
                      0.030017    0.000917    0.110277 ^ clkbuf_1_1__f_clk/A (sky130_fd_sc_hd__clkbuf_16)
     2    0.005836    0.021577    0.074125    0.184402 ^ clkbuf_1_1__f_clk/X (sky130_fd_sc_hd__clkbuf_16)
                                                         clknet_1_1__leaf_clk (net)
                      0.021579    0.000376    0.184778 ^ _48_/CLK (sky130_fd_sc_hd__dfxtp_1)
     5    0.017101    0.060494    0.218518    0.403296 v _48_/Q (sky130_fd_sc_hd__dfxtp_1)
                                                         net6 (net)
                      0.060512    0.001007    0.404303 v output6/A (sky130_fd_sc_hd__buf_2)
     1    0.034095    0.062550    0.128586    0.532889 v output6/X (sky130_fd_sc_hd__buf_2)
                                                         counter[2] (net)
                      0.062600    0.001604    0.534493 v counter[2] (out)
                                              0.534493   data arrival time

                                  0.000000    0.000000   clock clk (rise edge)
                                  0.000000    0.000000   clock network delay (propagated)
                                  0.250000    0.250000   clock uncertainty
                                  0.000000    0.250000   clock reconvergence pessimism
                                 -2.000000   -1.750000   output external delay
                                             -1.750000   data required time
---------------------------------------------------------------------------------------------
                                             -1.750000   data required time
                                             -0.534493   data arrival time
---------------------------------------------------------------------------------------------
                                              2.284493   slack (MET)


Startpoint: _47_ (rising edge-triggered flip-flop clocked by clk)
Endpoint: counter[1] (output port clocked by clk)
Path Group: clk
Path Type: min

Fanout         Cap        Slew       Delay        Time   Description
---------------------------------------------------------------------------------------------
                                  0.000000    0.000000   clock clk (rise edge)
                                  0.000000    0.000000   clock source latency
     1    0.009687    0.037486    0.024460    0.024460 ^ clk (in)
                                                         clk (net)
                      0.037494    0.000000    0.024460 ^ clkbuf_0_clk/A (sky130_fd_sc_hd__clkbuf_16)
     2    0.018207    0.030005    0.084900    0.109360 ^ clkbuf_0_clk/X (sky130_fd_sc_hd__clkbuf_16)
                                                         clknet_0_clk (net)
                      0.030018    0.000938    0.110298 ^ clkbuf_1_0__f_clk/A (sky130_fd_sc_hd__clkbuf_16)
     2    0.005320    0.021217    0.073690    0.183988 ^ clkbuf_1_0__f_clk/X (sky130_fd_sc_hd__clkbuf_16)
                                                         clknet_1_0__leaf_clk (net)
                      0.021218    0.000295    0.184283 ^ _47_/CLK (sky130_fd_sc_hd__dfxtp_1)
     6    0.020114    0.069791    0.225903    0.410186 v _47_/Q (sky130_fd_sc_hd__dfxtp_1)
                                                         net5 (net)
                      0.069804    0.000930    0.411116 v output5/A (sky130_fd_sc_hd__buf_2)
     1    0.034000    0.062448    0.132200    0.543316 v output5/X (sky130_fd_sc_hd__buf_2)
                                                         counter[1] (net)
                      0.062502    0.001651    0.544967 v counter[1] (out)
                                              0.544967   data arrival time

                                  0.000000    0.000000   clock clk (rise edge)
                                  0.000000    0.000000   clock network delay (propagated)
                                  0.250000    0.250000   clock uncertainty
                                  0.000000    0.250000   clock reconvergence pessimism
                                 -2.000000   -1.750000   output external delay
                                             -1.750000   data required time
---------------------------------------------------------------------------------------------
                                             -1.750000   data required time
                                             -0.544967   data arrival time
---------------------------------------------------------------------------------------------
                                              2.294967   slack (MET)



