
===========================================================================
report_checks -path_delay min (Hold)
============================================================================
======================= nom_ss_100C_1v60 Corner ===================================

Startpoint: _46_ (rising edge-triggered flip-flop clocked by clk)
Endpoint: _46_ (rising edge-triggered flip-flop clocked by clk)
Path Group: clk
Path Type: min

Fanout         Cap        Slew       Delay        Time   Description
---------------------------------------------------------------------------------------------
                                  0.000000    0.000000   clock clk (rise edge)
                                  0.000000    0.000000   clock source latency
     1    0.010748    0.086241    0.056134    0.056134 ^ clk (in)
                                                         clk (net)
                      0.086241    0.000000    0.056134 ^ clkbuf_0_clk/A (sky130_fd_sc_hd__clkbuf_16)
     2    0.018705    0.065817    0.227036    0.283171 ^ clkbuf_0_clk/X (sky130_fd_sc_hd__clkbuf_16)
                                                         clknet_0_clk (net)
                      0.065817    0.000509    0.283680 ^ clkbuf_1_0__f_clk/A (sky130_fd_sc_hd__clkbuf_16)
     2    0.006196    0.049434    0.198488    0.482168 ^ clkbuf_1_0__f_clk/X (sky130_fd_sc_hd__clkbuf_16)
                                                         clknet_1_0__leaf_clk (net)
                      0.049434    0.000141    0.482309 ^ _46_/CLK (sky130_fd_sc_hd__dfxtp_1)
     7    0.023810    0.218834    0.705483    1.187792 v _46_/Q (sky130_fd_sc_hd__dfxtp_1)
                                                         net4 (net)
                      0.218834    0.000414    1.188206 v _27_/A1 (sky130_fd_sc_hd__a21oi_1)
     1    0.002115    0.126176    0.247994    1.436199 ^ _27_/Y (sky130_fd_sc_hd__a21oi_1)
                                                         _08_ (net)
                      0.126176    0.000040    1.436240 ^ _28_/B1 (sky130_fd_sc_hd__o21ai_1)
     1    0.001975    0.059144    0.130961    1.567201 v _28_/Y (sky130_fd_sc_hd__o21ai_1)
                                                         _00_ (net)
                      0.059144    0.000056    1.567257 v _46_/D (sky130_fd_sc_hd__dfxtp_1)
                                              1.567257   data arrival time

                                  0.000000    0.000000   clock clk (rise edge)
                                  0.000000    0.000000   clock source latency
     1    0.010748    0.086241    0.056134    0.056134 ^ clk (in)
                                                         clk (net)
                      0.086241    0.000000    0.056134 ^ clkbuf_0_clk/A (sky130_fd_sc_hd__clkbuf_16)
     2    0.018705    0.065817    0.227036    0.283171 ^ clkbuf_0_clk/X (sky130_fd_sc_hd__clkbuf_16)
                                                         clknet_0_clk (net)
                      0.065817    0.000509    0.283680 ^ clkbuf_1_0__f_clk/A (sky130_fd_sc_hd__clkbuf_16)
     2    0.006196    0.049434    0.198488    0.482168 ^ clkbuf_1_0__f_clk/X (sky130_fd_sc_hd__clkbuf_16)
                                                         clknet_1_0__leaf_clk (net)
                      0.049434    0.000141    0.482309 ^ _46_/CLK (sky130_fd_sc_hd__dfxtp_1)
                                  0.250000    0.732309   clock uncertainty
                                  0.000000    0.732309   clock reconvergence pessimism
                                 -0.105972    0.626337   library hold time
                                              0.626337   data required time
---------------------------------------------------------------------------------------------
                                              0.626337   data required time
                                             -1.567257   data arrival time
---------------------------------------------------------------------------------------------
                                              0.940920   slack (MET)


Startpoint: _47_ (rising edge-triggered flip-flop clocked by clk)
Endpoint: _47_ (rising edge-triggered flip-flop clocked by clk)
Path Group: clk
Path Type: min

Fanout         Cap        Slew       Delay        Time   Description
---------------------------------------------------------------------------------------------
                                  0.000000    0.000000   clock clk (rise edge)
                                  0.000000    0.000000   clock source latency
     1    0.010748    0.086241    0.056134    0.056134 ^ clk (in)
                                                         clk (net)
                      0.086241    0.000000    0.056134 ^ clkbuf_0_clk/A (sky130_fd_sc_hd__clkbuf_16)
     2    0.018705    0.065817    0.227036    0.283171 ^ clkbuf_0_clk/X (sky130_fd_sc_hd__clkbuf_16)
                                                         clknet_0_clk (net)
                      0.065817    0.000548    0.283718 ^ clkbuf_1_1__f_clk/A (sky130_fd_sc_hd__clkbuf_16)
     2    0.007544    0.051232    0.201038    0.484756 ^ clkbuf_1_1__f_clk/X (sky130_fd_sc_hd__clkbuf_16)
                                                         clknet_1_1__leaf_clk (net)
                      0.051232    0.000204    0.484960 ^ _47_/CLK (sky130_fd_sc_hd__dfxtp_1)
     6    0.024054    0.364758    0.837235    1.322196 ^ _47_/Q (sky130_fd_sc_hd__dfxtp_1)
                                                         net5 (net)
                      0.364758    0.000783    1.322979 ^ _33_/A1 (sky130_fd_sc_hd__a21o_1)
     1    0.002632    0.064201    0.308577    1.631556 ^ _33_/X (sky130_fd_sc_hd__a21o_1)
                                                         _13_ (net)
                      0.064201    0.000051    1.631606 ^ _34_/B1 (sky130_fd_sc_hd__a31o_1)
     1    0.003756    0.083079    0.169674    1.801280 ^ _34_/X (sky130_fd_sc_hd__a31o_1)
                                                         _01_ (net)
                      0.083079    0.000121    1.801401 ^ _47_/D (sky130_fd_sc_hd__dfxtp_1)
                                              1.801401   data arrival time

                                  0.000000    0.000000   clock clk (rise edge)
                                  0.000000    0.000000   clock source latency
     1    0.010748    0.086241    0.056134    0.056134 ^ clk (in)
                                                         clk (net)
                      0.086241    0.000000    0.056134 ^ clkbuf_0_clk/A (sky130_fd_sc_hd__clkbuf_16)
     2    0.018705    0.065817    0.227036    0.283171 ^ clkbuf_0_clk/X (sky130_fd_sc_hd__clkbuf_16)
                                                         clknet_0_clk (net)
                      0.065817    0.000548    0.283718 ^ clkbuf_1_1__f_clk/A (sky130_fd_sc_hd__clkbuf_16)
     2    0.007544    0.051232    0.201038    0.484756 ^ clkbuf_1_1__f_clk/X (sky130_fd_sc_hd__clkbuf_16)
                                                         clknet_1_1__leaf_clk (net)
                      0.051232    0.000204    0.484960 ^ _47_/CLK (sky130_fd_sc_hd__dfxtp_1)
                                  0.250000    0.734960   clock uncertainty
                                  0.000000    0.734960   clock reconvergence pessimism
                                 -0.078048    0.656913   library hold time
                                              0.656913   data required time
---------------------------------------------------------------------------------------------
                                              0.656913   data required time
                                             -1.801401   data arrival time
---------------------------------------------------------------------------------------------
                                              1.144488   slack (MET)


Startpoint: _48_ (rising edge-triggered flip-flop clocked by clk)
Endpoint: _48_ (rising edge-triggered flip-flop clocked by clk)
Path Group: clk
Path Type: min

Fanout         Cap        Slew       Delay        Time   Description
---------------------------------------------------------------------------------------------
                                  0.000000    0.000000   clock clk (rise edge)
                                  0.000000    0.000000   clock source latency
     1    0.010748    0.086241    0.056134    0.056134 ^ clk (in)
                                                         clk (net)
                      0.086241    0.000000    0.056134 ^ clkbuf_0_clk/A (sky130_fd_sc_hd__clkbuf_16)
     2    0.018705    0.065817    0.227036    0.283171 ^ clkbuf_0_clk/X (sky130_fd_sc_hd__clkbuf_16)
                                                         clknet_0_clk (net)
                      0.065817    0.000509    0.283680 ^ clkbuf_1_0__f_clk/A (sky130_fd_sc_hd__clkbuf_16)
     2    0.006196    0.049434    0.198488    0.482168 ^ clkbuf_1_0__f_clk/X (sky130_fd_sc_hd__clkbuf_16)
                                                         clknet_1_0__leaf_clk (net)
                      0.049434    0.000155    0.482324 ^ _48_/CLK (sky130_fd_sc_hd__dfxtp_1)
     5    0.015316    0.147271    0.652270    1.134593 v _48_/Q (sky130_fd_sc_hd__dfxtp_1)
                                                         net6 (net)
                      0.147271    0.000482    1.135075 v _36_/C (sky130_fd_sc_hd__nand3_1)
     2    0.006553    0.138830    0.198145    1.333220 ^ _36_/Y (sky130_fd_sc_hd__nand3_1)
                                                         _15_ (net)
                      0.138830    0.000144    1.333365 ^ _37_/B (sky130_fd_sc_hd__nand2_1)
     1    0.004873    0.099402    0.156473    1.489837 v _37_/Y (sky130_fd_sc_hd__nand2_1)
                                                         _16_ (net)
                      0.099402    0.000101    1.489938 v _38_/B (sky130_fd_sc_hd__xnor2_1)
     1    0.003015    0.076996    0.228653    1.718591 ^ _38_/Y (sky130_fd_sc_hd__xnor2_1)
                                                         _17_ (net)
                      0.076996    0.000086    1.718677 ^ _40_/A2 (sky130_fd_sc_hd__o21ai_1)
     1    0.002970    0.068956    0.117112    1.835789 v _40_/Y (sky130_fd_sc_hd__o21ai_1)
                                                         _02_ (net)
                      0.068956    0.000086    1.835875 v _48_/D (sky130_fd_sc_hd__dfxtp_1)
                                              1.835875   data arrival time

                                  0.000000    0.000000   clock clk (rise edge)
                                  0.000000    0.000000   clock source latency
     1    0.010748    0.086241    0.056134    0.056134 ^ clk (in)
                                                         clk (net)
                      0.086241    0.000000    0.056134 ^ clkbuf_0_clk/A (sky130_fd_sc_hd__clkbuf_16)
     2    0.018705    0.065817    0.227036    0.283171 ^ clkbuf_0_clk/X (sky130_fd_sc_hd__clkbuf_16)
                                                         clknet_0_clk (net)
                      0.065817    0.000509    0.283680 ^ clkbuf_1_0__f_clk/A (sky130_fd_sc_hd__clkbuf_16)
     2    0.006196    0.049434    0.198488    0.482168 ^ clkbuf_1_0__f_clk/X (sky130_fd_sc_hd__clkbuf_16)
                                                         clknet_1_0__leaf_clk (net)
                      0.049434    0.000155    0.482324 ^ _48_/CLK (sky130_fd_sc_hd__dfxtp_1)
                                  0.250000    0.732324   clock uncertainty
                                  0.000000    0.732324   clock reconvergence pessimism
                                 -0.109680    0.622643   library hold time
                                              0.622643   data required time
---------------------------------------------------------------------------------------------
                                              0.622643   data required time
                                             -1.835875   data arrival time
---------------------------------------------------------------------------------------------
                                              1.213232   slack (MET)


Startpoint: _49_ (rising edge-triggered flip-flop clocked by clk)
Endpoint: _49_ (rising edge-triggered flip-flop clocked by clk)
Path Group: clk
Path Type: min

Fanout         Cap        Slew       Delay        Time   Description
---------------------------------------------------------------------------------------------
                                  0.000000    0.000000   clock clk (rise edge)
                                  0.000000    0.000000   clock source latency
     1    0.010748    0.086241    0.056134    0.056134 ^ clk (in)
                                                         clk (net)
                      0.086241    0.000000    0.056134 ^ clkbuf_0_clk/A (sky130_fd_sc_hd__clkbuf_16)
     2    0.018705    0.065817    0.227036    0.283171 ^ clkbuf_0_clk/X (sky130_fd_sc_hd__clkbuf_16)
                                                         clknet_0_clk (net)
                      0.065817    0.000548    0.283718 ^ clkbuf_1_1__f_clk/A (sky130_fd_sc_hd__clkbuf_16)
     2    0.007544    0.051232    0.201038    0.484756 ^ clkbuf_1_1__f_clk/X (sky130_fd_sc_hd__clkbuf_16)
                                                         clknet_1_1__leaf_clk (net)
                      0.051232    0.000165    0.484921 ^ _49_/CLK (sky130_fd_sc_hd__dfxtp_1)
     3    0.007635    0.133414    0.667842    1.152763 ^ _49_/Q (sky130_fd_sc_hd__dfxtp_1)
                                                         net7 (net)
                      0.133414    0.000219    1.152982 ^ _43_/B1 (sky130_fd_sc_hd__a31o_1)
     1    0.002939    0.072901    0.189246    1.342228 ^ _43_/X (sky130_fd_sc_hd__a31o_1)
                                                         _21_ (net)
                      0.072901    0.000085    1.342313 ^ _45_/A2 (sky130_fd_sc_hd__a31o_1)
     1    0.002454    0.075935    0.280399    1.622712 ^ _45_/X (sky130_fd_sc_hd__a31o_1)
                                                         _03_ (net)
                      0.075935    0.000070    1.622782 ^ hold4/A (sky130_fd_sc_hd__dlygate4sd3_1)
     1    0.001758    0.079742    1.027429    2.650211 ^ hold4/X (sky130_fd_sc_hd__dlygate4sd3_1)
                                                         net11 (net)
                      0.079742    0.000033    2.650244 ^ _49_/D (sky130_fd_sc_hd__dfxtp_1)
                                              2.650244   data arrival time

                                  0.000000    0.000000   clock clk (rise edge)
                                  0.000000    0.000000   clock source latency
     1    0.010748    0.086241    0.056134    0.056134 ^ clk (in)
                                                         clk (net)
                      0.086241    0.000000    0.056134 ^ clkbuf_0_clk/A (sky130_fd_sc_hd__clkbuf_16)
     2    0.018705    0.065817    0.227036    0.283171 ^ clkbuf_0_clk/X (sky130_fd_sc_hd__clkbuf_16)
                                                         clknet_0_clk (net)
                      0.065817    0.000548    0.283718 ^ clkbuf_1_1__f_clk/A (sky130_fd_sc_hd__clkbuf_16)
     2    0.007544    0.051232    0.201038    0.484756 ^ clkbuf_1_1__f_clk/X (sky130_fd_sc_hd__clkbuf_16)
                                                         clknet_1_1__leaf_clk (net)
                      0.051232    0.000165    0.484921 ^ _49_/CLK (sky130_fd_sc_hd__dfxtp_1)
                                  0.250000    0.734921   clock uncertainty
                                  0.000000    0.734921   clock reconvergence pessimism
                                 -0.077271    0.657650   library hold time
                                              0.657650   data required time
---------------------------------------------------------------------------------------------
                                              0.657650   data required time
                                             -2.650244   data arrival time
---------------------------------------------------------------------------------------------
                                              1.992594   slack (MET)


Startpoint: _49_ (rising edge-triggered flip-flop clocked by clk)
Endpoint: counter[3] (output port clocked by clk)
Path Group: clk
Path Type: min

Fanout         Cap        Slew       Delay        Time   Description
---------------------------------------------------------------------------------------------
                                  0.000000    0.000000   clock clk (rise edge)
                                  0.000000    0.000000   clock source latency
     1    0.010748    0.086241    0.056134    0.056134 ^ clk (in)
                                                         clk (net)
                      0.086241    0.000000    0.056134 ^ clkbuf_0_clk/A (sky130_fd_sc_hd__clkbuf_16)
     2    0.018705    0.065817    0.227036    0.283171 ^ clkbuf_0_clk/X (sky130_fd_sc_hd__clkbuf_16)
                                                         clknet_0_clk (net)
                      0.065817    0.000548    0.283718 ^ clkbuf_1_1__f_clk/A (sky130_fd_sc_hd__clkbuf_16)
     2    0.007544    0.051232    0.201038    0.484756 ^ clkbuf_1_1__f_clk/X (sky130_fd_sc_hd__clkbuf_16)
                                                         clknet_1_1__leaf_clk (net)
                      0.051232    0.000165    0.484921 ^ _49_/CLK (sky130_fd_sc_hd__dfxtp_1)
     3    0.007122    0.081992    0.597637    1.082558 v _49_/Q (sky130_fd_sc_hd__dfxtp_1)
                                                         net7 (net)
                      0.081992    0.000135    1.082694 v output7/A (sky130_fd_sc_hd__buf_2)
     1    0.034146    0.165400    0.349703    1.432397 v output7/X (sky130_fd_sc_hd__buf_2)
                                                         counter[3] (net)
                      0.165401    0.000716    1.433113 v counter[3] (out)
                                              1.433113   data arrival time

                                  0.000000    0.000000   clock clk (rise edge)
                                  0.000000    0.000000   clock network delay (propagated)
                                  0.250000    0.250000   clock uncertainty
                                  0.000000    0.250000   clock reconvergence pessimism
                                 -2.000000   -1.750000   output external delay
                                             -1.750000   data required time
---------------------------------------------------------------------------------------------
                                             -1.750000   data required time
                                             -1.433113   data arrival time
---------------------------------------------------------------------------------------------
                                              3.183113   slack (MET)


Startpoint: _48_ (rising edge-triggered flip-flop clocked by clk)
Endpoint: counter[2] (output port clocked by clk)
Path Group: clk
Path Type: min

Fanout         Cap        Slew       Delay        Time   Description
---------------------------------------------------------------------------------------------
                                  0.000000    0.000000   clock clk (rise edge)
                                  0.000000    0.000000   clock source latency
     1    0.010748    0.086241    0.056134    0.056134 ^ clk (in)
                                                         clk (net)
                      0.086241    0.000000    0.056134 ^ clkbuf_0_clk/A (sky130_fd_sc_hd__clkbuf_16)
     2    0.018705    0.065817    0.227036    0.283171 ^ clkbuf_0_clk/X (sky130_fd_sc_hd__clkbuf_16)
                                                         clknet_0_clk (net)
                      0.065817    0.000509    0.283680 ^ clkbuf_1_0__f_clk/A (sky130_fd_sc_hd__clkbuf_16)
     2    0.006196    0.049434    0.198488    0.482168 ^ clkbuf_1_0__f_clk/X (sky130_fd_sc_hd__clkbuf_16)
                                                         clknet_1_0__leaf_clk (net)
                      0.049434    0.000155    0.482324 ^ _48_/CLK (sky130_fd_sc_hd__dfxtp_1)
     5    0.015316    0.147271    0.652270    1.134593 v _48_/Q (sky130_fd_sc_hd__dfxtp_1)
                                                         net6 (net)
                      0.147271    0.000264    1.134857 v output6/A (sky130_fd_sc_hd__buf_2)
     1    0.034862    0.168346    0.383427    1.518284 v output6/X (sky130_fd_sc_hd__buf_2)
                                                         counter[2] (net)
                      0.168348    0.000786    1.519070 v counter[2] (out)
                                              1.519070   data arrival time

                                  0.000000    0.000000   clock clk (rise edge)
                                  0.000000    0.000000   clock network delay (propagated)
                                  0.250000    0.250000   clock uncertainty
                                  0.000000    0.250000   clock reconvergence pessimism
                                 -2.000000   -1.750000   output external delay
                                             -1.750000   data required time
---------------------------------------------------------------------------------------------
                                             -1.750000   data required time
                                             -1.519070   data arrival time
---------------------------------------------------------------------------------------------
                                              3.269070   slack (MET)


Startpoint: _47_ (rising edge-triggered flip-flop clocked by clk)
Endpoint: counter[1] (output port clocked by clk)
Path Group: clk
Path Type: min

Fanout         Cap        Slew       Delay        Time   Description
---------------------------------------------------------------------------------------------
                                  0.000000    0.000000   clock clk (rise edge)
                                  0.000000    0.000000   clock source latency
     1    0.010748    0.086241    0.056134    0.056134 ^ clk (in)
                                                         clk (net)
                      0.086241    0.000000    0.056134 ^ clkbuf_0_clk/A (sky130_fd_sc_hd__clkbuf_16)
     2    0.018705    0.065817    0.227036    0.283171 ^ clkbuf_0_clk/X (sky130_fd_sc_hd__clkbuf_16)
                                                         clknet_0_clk (net)
                      0.065817    0.000548    0.283718 ^ clkbuf_1_1__f_clk/A (sky130_fd_sc_hd__clkbuf_16)
     2    0.007544    0.051232    0.201038    0.484756 ^ clkbuf_1_1__f_clk/X (sky130_fd_sc_hd__clkbuf_16)
                                                         clknet_1_1__leaf_clk (net)
                      0.051232    0.000204    0.484960 ^ _47_/CLK (sky130_fd_sc_hd__dfxtp_1)
     6    0.022898    0.211102    0.700639    1.185599 v _47_/Q (sky130_fd_sc_hd__dfxtp_1)
                                                         net5 (net)
                      0.211102    0.000270    1.185869 v output5/A (sky130_fd_sc_hd__buf_2)
     1    0.034982    0.168932    0.414525    1.600394 v output5/X (sky130_fd_sc_hd__buf_2)
                                                         counter[1] (net)
                      0.168934    0.000875    1.601269 v counter[1] (out)
                                              1.601269   data arrival time

                                  0.000000    0.000000   clock clk (rise edge)
                                  0.000000    0.000000   clock network delay (propagated)
                                  0.250000    0.250000   clock uncertainty
                                  0.000000    0.250000   clock reconvergence pessimism
                                 -2.000000   -1.750000   output external delay
                                             -1.750000   data required time
---------------------------------------------------------------------------------------------
                                             -1.750000   data required time
                                             -1.601269   data arrival time
---------------------------------------------------------------------------------------------
                                              3.351269   slack (MET)


Startpoint: _46_ (rising edge-triggered flip-flop clocked by clk)
Endpoint: counter[0] (output port clocked by clk)
Path Group: clk
Path Type: min

Fanout         Cap        Slew       Delay        Time   Description
---------------------------------------------------------------------------------------------
                                  0.000000    0.000000   clock clk (rise edge)
                                  0.000000    0.000000   clock source latency
     1    0.010748    0.086241    0.056134    0.056134 ^ clk (in)
                                                         clk (net)
                      0.086241    0.000000    0.056134 ^ clkbuf_0_clk/A (sky130_fd_sc_hd__clkbuf_16)
     2    0.018705    0.065817    0.227036    0.283171 ^ clkbuf_0_clk/X (sky130_fd_sc_hd__clkbuf_16)
                                                         clknet_0_clk (net)
                      0.065817    0.000509    0.283680 ^ clkbuf_1_0__f_clk/A (sky130_fd_sc_hd__clkbuf_16)
     2    0.006196    0.049434    0.198488    0.482168 ^ clkbuf_1_0__f_clk/X (sky130_fd_sc_hd__clkbuf_16)
                                                         clknet_1_0__leaf_clk (net)
                      0.049434    0.000141    0.482309 ^ _46_/CLK (sky130_fd_sc_hd__dfxtp_1)
     7    0.023810    0.218834    0.705483    1.187792 v _46_/Q (sky130_fd_sc_hd__dfxtp_1)
                                                         net4 (net)
                      0.218834    0.000594    1.188386 v output4/A (sky130_fd_sc_hd__buf_2)
     1    0.034598    0.167396    0.417086    1.605472 v output4/X (sky130_fd_sc_hd__buf_2)
                                                         counter[0] (net)
                      0.167397    0.000788    1.606260 v counter[0] (out)
                                              1.606260   data arrival time

                                  0.000000    0.000000   clock clk (rise edge)
                                  0.000000    0.000000   clock network delay (propagated)
                                  0.250000    0.250000   clock uncertainty
                                  0.000000    0.250000   clock reconvergence pessimism
                                 -2.000000   -1.750000   output external delay
                                             -1.750000   data required time
---------------------------------------------------------------------------------------------
                                             -1.750000   data required time
                                             -1.606260   data arrival time
---------------------------------------------------------------------------------------------
                                              3.356260   slack (MET)



