
===========================================================================
report_checks -path_delay min (Hold)
============================================================================
======================= nom_tt_025C_1v80 Corner ===================================

Startpoint: _46_ (rising edge-triggered flip-flop clocked by clk)
Endpoint: _46_ (rising edge-triggered flip-flop clocked by clk)
Path Group: clk
Path Type: min

Fanout         Cap        Slew       Delay        Time   Description
---------------------------------------------------------------------------------------------
                                  0.000000    0.000000   clock clk (rise edge)
                                  0.000000    0.000000   clock source latency
     4    0.010599    0.054076    0.035934    0.035934 ^ clk (in)
                                                         clk (net)
                      0.054076    0.000000    0.035934 ^ _46_/CLK (sky130_fd_sc_hd__dfxtp_2)
     7    0.064820    0.152054    0.423464    0.459398 v _46_/Q (sky130_fd_sc_hd__dfxtp_2)
                                                         counter[0] (net)
                      0.152054    0.000123    0.459521 v _28_/A1 (sky130_fd_sc_hd__o21ai_2)
     1    0.001793    0.033315    0.151827    0.611348 ^ _28_/Y (sky130_fd_sc_hd__o21ai_2)
                                                         _00_ (net)
                      0.033315    0.000001    0.611349 ^ _46_/D (sky130_fd_sc_hd__dfxtp_2)
                                              0.611349   data arrival time

                                  0.000000    0.000000   clock clk (rise edge)
                                  0.000000    0.000000   clock source latency
     4    0.010599    0.054076    0.035934    0.035934 ^ clk (in)
                                                         clk (net)
                      0.054076    0.000000    0.035934 ^ _46_/CLK (sky130_fd_sc_hd__dfxtp_2)
                                  0.250000    0.285934   clock uncertainty
                                  0.000000    0.285934   clock reconvergence pessimism
                                 -0.027577    0.258357   library hold time
                                              0.258357   data required time
---------------------------------------------------------------------------------------------
                                              0.258357   data required time
                                             -0.611349   data arrival time
---------------------------------------------------------------------------------------------
                                              0.352992   slack (MET)


Startpoint: _48_ (rising edge-triggered flip-flop clocked by clk)
Endpoint: _48_ (rising edge-triggered flip-flop clocked by clk)
Path Group: clk
Path Type: min

Fanout         Cap        Slew       Delay        Time   Description
---------------------------------------------------------------------------------------------
                                  0.000000    0.000000   clock clk (rise edge)
                                  0.000000    0.000000   clock source latency
     4    0.010599    0.054076    0.035946    0.035946 ^ clk (in)
                                                         clk (net)
                      0.054076    0.000000    0.035946 ^ _48_/CLK (sky130_fd_sc_hd__dfxtp_2)
     5    0.050859    0.122097    0.400442    0.436388 v _48_/Q (sky130_fd_sc_hd__dfxtp_2)
                                                         counter[2] (net)
                      0.122097    0.000048    0.436435 v _39_/A1 (sky130_fd_sc_hd__a21oi_2)
     1    0.004717    0.091930    0.152446    0.588882 ^ _39_/Y (sky130_fd_sc_hd__a21oi_2)
                                                         _18_ (net)
                      0.091930    0.000006    0.588888 ^ _40_/B1 (sky130_fd_sc_hd__o21ai_2)
     1    0.001866    0.019382    0.052849    0.641737 v _40_/Y (sky130_fd_sc_hd__o21ai_2)
                                                         _02_ (net)
                      0.019382    0.000002    0.641739 v _48_/D (sky130_fd_sc_hd__dfxtp_2)
                                              0.641739   data arrival time

                                  0.000000    0.000000   clock clk (rise edge)
                                  0.000000    0.000000   clock source latency
     4    0.010599    0.054076    0.035946    0.035946 ^ clk (in)
                                                         clk (net)
                      0.054076    0.000000    0.035946 ^ _48_/CLK (sky130_fd_sc_hd__dfxtp_2)
                                  0.250000    0.285946   clock uncertainty
                                  0.000000    0.285946   clock reconvergence pessimism
                                 -0.033524    0.252422   library hold time
                                              0.252422   data required time
---------------------------------------------------------------------------------------------
                                              0.252422   data required time
                                             -0.641739   data arrival time
---------------------------------------------------------------------------------------------
                                              0.389317   slack (MET)


Startpoint: _49_ (rising edge-triggered flip-flop clocked by clk)
Endpoint: _49_ (rising edge-triggered flip-flop clocked by clk)
Path Group: clk
Path Type: min

Fanout         Cap        Slew       Delay        Time   Description
---------------------------------------------------------------------------------------------
                                  0.000000    0.000000   clock clk (rise edge)
                                  0.000000    0.000000   clock source latency
     4    0.010599    0.054076    0.035901    0.035901 ^ clk (in)
                                                         clk (net)
                      0.054076    0.000000    0.035901 ^ _49_/CLK (sky130_fd_sc_hd__dfxtp_2)
     3    0.041310    0.101721    0.384568    0.420468 v _49_/Q (sky130_fd_sc_hd__dfxtp_2)
                                                         counter[3] (net)
                      0.101721    0.000025    0.420494 v _44_/B (sky130_fd_sc_hd__nand4_2)
     1    0.002656    0.037926    0.097188    0.517682 ^ _44_/Y (sky130_fd_sc_hd__nand4_2)
                                                         _22_ (net)
                      0.037926    0.000002    0.517684 ^ _45_/A3 (sky130_fd_sc_hd__a31o_2)
     1    0.002021    0.032776    0.136251    0.653935 ^ _45_/X (sky130_fd_sc_hd__a31o_2)
                                                         _03_ (net)
                      0.032776    0.000003    0.653938 ^ _49_/D (sky130_fd_sc_hd__dfxtp_2)
                                              0.653938   data arrival time

                                  0.000000    0.000000   clock clk (rise edge)
                                  0.000000    0.000000   clock source latency
     4    0.010599    0.054076    0.035901    0.035901 ^ clk (in)
                                                         clk (net)
                      0.054076    0.000000    0.035901 ^ _49_/CLK (sky130_fd_sc_hd__dfxtp_2)
                                  0.250000    0.285901   clock uncertainty
                                  0.000000    0.285901   clock reconvergence pessimism
                                 -0.027466    0.258435   library hold time
                                              0.258435   data required time
---------------------------------------------------------------------------------------------
                                              0.258435   data required time
                                             -0.653938   data arrival time
---------------------------------------------------------------------------------------------
                                              0.395503   slack (MET)


Startpoint: _47_ (rising edge-triggered flip-flop clocked by clk)
Endpoint: _47_ (rising edge-triggered flip-flop clocked by clk)
Path Group: clk
Path Type: min

Fanout         Cap        Slew       Delay        Time   Description
---------------------------------------------------------------------------------------------
                                  0.000000    0.000000   clock clk (rise edge)
                                  0.000000    0.000000   clock source latency
     4    0.010599    0.054076    0.035929    0.035929 ^ clk (in)
                                                         clk (net)
                      0.054076    0.000000    0.035929 ^ _47_/CLK (sky130_fd_sc_hd__dfxtp_2)
     6    0.059486    0.299373    0.506165    0.542094 ^ _47_/Q (sky130_fd_sc_hd__dfxtp_2)
                                                         counter[1] (net)
                      0.299373    0.000117    0.542211 ^ _33_/A1 (sky130_fd_sc_hd__a21o_2)
     1    0.002581    0.029786    0.171495    0.713707 ^ _33_/X (sky130_fd_sc_hd__a21o_2)
                                                         _13_ (net)
                      0.029786    0.000001    0.713708 ^ _34_/B1 (sky130_fd_sc_hd__a31o_2)
     1    0.002151    0.028991    0.079565    0.793272 ^ _34_/X (sky130_fd_sc_hd__a31o_2)
                                                         _01_ (net)
                      0.028991    0.000004    0.793277 ^ _47_/D (sky130_fd_sc_hd__dfxtp_2)
                                              0.793277   data arrival time

                                  0.000000    0.000000   clock clk (rise edge)
                                  0.000000    0.000000   clock source latency
     4    0.010599    0.054076    0.035929    0.035929 ^ clk (in)
                                                         clk (net)
                      0.054076    0.000000    0.035929 ^ _47_/CLK (sky130_fd_sc_hd__dfxtp_2)
                                  0.250000    0.285929   clock uncertainty
                                  0.000000    0.285929   clock reconvergence pessimism
                                 -0.026682    0.259246   library hold time
                                              0.259246   data required time
---------------------------------------------------------------------------------------------
                                              0.259246   data required time
                                             -0.793277   data arrival time
---------------------------------------------------------------------------------------------
                                              0.534031   slack (MET)


Startpoint: _49_ (rising edge-triggered flip-flop clocked by clk)
Endpoint: counter[3] (output port clocked by clk)
Path Group: clk
Path Type: min

Fanout         Cap        Slew       Delay        Time   Description
---------------------------------------------------------------------------------------------
                                  0.000000    0.000000   clock clk (rise edge)
                                  0.000000    0.000000   clock source latency
     4    0.010599    0.054076    0.035901    0.035901 ^ clk (in)
                                                         clk (net)
                      0.054076    0.000000    0.035901 ^ _49_/CLK (sky130_fd_sc_hd__dfxtp_2)
     3    0.041310    0.101721    0.384568    0.420468 v _49_/Q (sky130_fd_sc_hd__dfxtp_2)
                                                         counter[3] (net)
                      0.101721    0.000185    0.420654 v counter[3] (out)
                                              0.420654   data arrival time

                                  0.000000    0.000000   clock clk (rise edge)
                                  0.000000    0.000000   clock network delay (propagated)
                                  0.250000    0.250000   clock uncertainty
                                  0.000000    0.250000   clock reconvergence pessimism
                                 -2.000000   -1.750000   output external delay
                                             -1.750000   data required time
---------------------------------------------------------------------------------------------
                                             -1.750000   data required time
                                             -0.420654   data arrival time
---------------------------------------------------------------------------------------------
                                              2.170654   slack (MET)


Startpoint: _48_ (rising edge-triggered flip-flop clocked by clk)
Endpoint: counter[2] (output port clocked by clk)
Path Group: clk
Path Type: min

Fanout         Cap        Slew       Delay        Time   Description
---------------------------------------------------------------------------------------------
                                  0.000000    0.000000   clock clk (rise edge)
                                  0.000000    0.000000   clock source latency
     4    0.010599    0.054076    0.035946    0.035946 ^ clk (in)
                                                         clk (net)
                      0.054076    0.000000    0.035946 ^ _48_/CLK (sky130_fd_sc_hd__dfxtp_2)
     5    0.050859    0.122097    0.400442    0.436388 v _48_/Q (sky130_fd_sc_hd__dfxtp_2)
                                                         counter[2] (net)
                      0.122097    0.000066    0.436454 v counter[2] (out)
                                              0.436454   data arrival time

                                  0.000000    0.000000   clock clk (rise edge)
                                  0.000000    0.000000   clock network delay (propagated)
                                  0.250000    0.250000   clock uncertainty
                                  0.000000    0.250000   clock reconvergence pessimism
                                 -2.000000   -1.750000   output external delay
                                             -1.750000   data required time
---------------------------------------------------------------------------------------------
                                             -1.750000   data required time
                                             -0.436454   data arrival time
---------------------------------------------------------------------------------------------
                                              2.186454   slack (MET)


Startpoint: _47_ (rising edge-triggered flip-flop clocked by clk)
Endpoint: counter[1] (output port clocked by clk)
Path Group: clk
Path Type: min

Fanout         Cap        Slew       Delay        Time   Description
---------------------------------------------------------------------------------------------
                                  0.000000    0.000000   clock clk (rise edge)
                                  0.000000    0.000000   clock source latency
     4    0.010599    0.054076    0.035929    0.035929 ^ clk (in)
                                                         clk (net)
                      0.054076    0.000000    0.035929 ^ _47_/CLK (sky130_fd_sc_hd__dfxtp_2)
     6    0.057472    0.136314    0.411262    0.447191 v _47_/Q (sky130_fd_sc_hd__dfxtp_2)
                                                         counter[1] (net)
                      0.136314    0.000232    0.447423 v counter[1] (out)
                                              0.447423   data arrival time

                                  0.000000    0.000000   clock clk (rise edge)
                                  0.000000    0.000000   clock network delay (propagated)
                                  0.250000    0.250000   clock uncertainty
                                  0.000000    0.250000   clock reconvergence pessimism
                                 -2.000000   -1.750000   output external delay
                                             -1.750000   data required time
---------------------------------------------------------------------------------------------
                                             -1.750000   data required time
                                             -0.447423   data arrival time
---------------------------------------------------------------------------------------------
                                              2.197423   slack (MET)


Startpoint: _46_ (rising edge-triggered flip-flop clocked by clk)
Endpoint: counter[0] (output port clocked by clk)
Path Group: clk
Path Type: min

Fanout         Cap        Slew       Delay        Time   Description
---------------------------------------------------------------------------------------------
                                  0.000000    0.000000   clock clk (rise edge)
                                  0.000000    0.000000   clock source latency
     4    0.010599    0.054076    0.035934    0.035934 ^ clk (in)
                                                         clk (net)
                      0.054076    0.000000    0.035934 ^ _46_/CLK (sky130_fd_sc_hd__dfxtp_2)
     7    0.064820    0.152054    0.423464    0.459398 v _46_/Q (sky130_fd_sc_hd__dfxtp_2)
                                                         counter[0] (net)
                      0.152054    0.000126    0.459524 v counter[0] (out)
                                              0.459524   data arrival time

                                  0.000000    0.000000   clock clk (rise edge)
                                  0.000000    0.000000   clock network delay (propagated)
                                  0.250000    0.250000   clock uncertainty
                                  0.000000    0.250000   clock reconvergence pessimism
                                 -2.000000   -1.750000   output external delay
                                             -1.750000   data required time
---------------------------------------------------------------------------------------------
                                             -1.750000   data required time
                                             -0.459524   data arrival time
---------------------------------------------------------------------------------------------
                                              2.209524   slack (MET)



