
===========================================================================
report_checks -path_delay min (Hold)
============================================================================
======================= min_tt_025C_1v80 Corner ===================================

Startpoint: _46_ (rising edge-triggered flip-flop clocked by clk)
Endpoint: _46_ (rising edge-triggered flip-flop clocked by clk)
Path Group: clk
Path Type: min

Fanout         Cap        Slew       Delay        Time   Description
---------------------------------------------------------------------------------------------
                                  0.000000    0.000000   clock clk (rise edge)
                                  0.000000    0.000000   clock source latency
     1    0.010559    0.053898    0.035799    0.035799 ^ clk (in)
                                                         clk (net)
                      0.053898    0.000000    0.035799 ^ clkbuf_0_clk/A (sky130_fd_sc_hd__clkbuf_16)
     2    0.018401    0.040484    0.127116    0.162915 ^ clkbuf_0_clk/X (sky130_fd_sc_hd__clkbuf_16)
                                                         clknet_0_clk (net)
                      0.040485    0.000213    0.163128 ^ clkbuf_1_0__f_clk/A (sky130_fd_sc_hd__clkbuf_16)
     2    0.006235    0.029881    0.110369    0.273498 ^ clkbuf_1_0__f_clk/X (sky130_fd_sc_hd__clkbuf_16)
                                                         clknet_1_0__leaf_clk (net)
                      0.029881    0.000052    0.273550 ^ _46_/CLK (sky130_fd_sc_hd__dfxtp_1)
     7    0.022971    0.111627    0.359548    0.633098 v _46_/Q (sky130_fd_sc_hd__dfxtp_1)
                                                         net4 (net)
                      0.111627    0.000129    0.633227 v _27_/A1 (sky130_fd_sc_hd__a21oi_1)
     1    0.002135    0.077676    0.134680    0.767907 ^ _27_/Y (sky130_fd_sc_hd__a21oi_1)
                                                         _08_ (net)
                      0.077676    0.000008    0.767915 ^ _28_/B1 (sky130_fd_sc_hd__o21ai_1)
     1    0.001999    0.028996    0.060958    0.828874 v _28_/Y (sky130_fd_sc_hd__o21ai_1)
                                                         _00_ (net)
                      0.028996    0.000017    0.828891 v _46_/D (sky130_fd_sc_hd__dfxtp_1)
                                              0.828891   data arrival time

                                  0.000000    0.000000   clock clk (rise edge)
                                  0.000000    0.000000   clock source latency
     1    0.010559    0.053898    0.035799    0.035799 ^ clk (in)
                                                         clk (net)
                      0.053898    0.000000    0.035799 ^ clkbuf_0_clk/A (sky130_fd_sc_hd__clkbuf_16)
     2    0.018401    0.040484    0.127116    0.162915 ^ clkbuf_0_clk/X (sky130_fd_sc_hd__clkbuf_16)
                                                         clknet_0_clk (net)
                      0.040485    0.000213    0.163128 ^ clkbuf_1_0__f_clk/A (sky130_fd_sc_hd__clkbuf_16)
     2    0.006235    0.029881    0.110369    0.273498 ^ clkbuf_1_0__f_clk/X (sky130_fd_sc_hd__clkbuf_16)
                                                         clknet_1_0__leaf_clk (net)
                      0.029881    0.000052    0.273550 ^ _46_/CLK (sky130_fd_sc_hd__dfxtp_1)
                                  0.250000    0.523550   clock uncertainty
                                  0.000000    0.523550   clock reconvergence pessimism
                                 -0.050272    0.473278   library hold time
                                              0.473278   data required time
---------------------------------------------------------------------------------------------
                                              0.473278   data required time
                                             -0.828891   data arrival time
---------------------------------------------------------------------------------------------
                                              0.355613   slack (MET)


Startpoint: _47_ (rising edge-triggered flip-flop clocked by clk)
Endpoint: _47_ (rising edge-triggered flip-flop clocked by clk)
Path Group: clk
Path Type: min

Fanout         Cap        Slew       Delay        Time   Description
---------------------------------------------------------------------------------------------
                                  0.000000    0.000000   clock clk (rise edge)
                                  0.000000    0.000000   clock source latency
     1    0.010559    0.053898    0.035799    0.035799 ^ clk (in)
                                                         clk (net)
                      0.053898    0.000000    0.035799 ^ clkbuf_0_clk/A (sky130_fd_sc_hd__clkbuf_16)
     2    0.018401    0.040484    0.127116    0.162915 ^ clkbuf_0_clk/X (sky130_fd_sc_hd__clkbuf_16)
                                                         clknet_0_clk (net)
                      0.040485    0.000243    0.163158 ^ clkbuf_1_1__f_clk/A (sky130_fd_sc_hd__clkbuf_16)
     2    0.007444    0.031126    0.111774    0.274932 ^ clkbuf_1_1__f_clk/X (sky130_fd_sc_hd__clkbuf_16)
                                                         clknet_1_1__leaf_clk (net)
                      0.031126    0.000096    0.275028 ^ _47_/CLK (sky130_fd_sc_hd__dfxtp_1)
     6    0.023289    0.222249    0.427262    0.702291 ^ _47_/Q (sky130_fd_sc_hd__dfxtp_1)
                                                         net5 (net)
                      0.222249    0.000358    0.702648 ^ _33_/A1 (sky130_fd_sc_hd__a21o_1)
     1    0.002641    0.039067    0.141900    0.844548 ^ _33_/X (sky130_fd_sc_hd__a21o_1)
                                                         _13_ (net)
                      0.039067    0.000010    0.844558 ^ _34_/B1 (sky130_fd_sc_hd__a31o_1)
     1    0.003651    0.047137    0.090891    0.935449 ^ _34_/X (sky130_fd_sc_hd__a31o_1)
                                                         _01_ (net)
                      0.047137    0.000053    0.935502 ^ _47_/D (sky130_fd_sc_hd__dfxtp_1)
                                              0.935502   data arrival time

                                  0.000000    0.000000   clock clk (rise edge)
                                  0.000000    0.000000   clock source latency
     1    0.010559    0.053898    0.035799    0.035799 ^ clk (in)
                                                         clk (net)
                      0.053898    0.000000    0.035799 ^ clkbuf_0_clk/A (sky130_fd_sc_hd__clkbuf_16)
     2    0.018401    0.040484    0.127116    0.162915 ^ clkbuf_0_clk/X (sky130_fd_sc_hd__clkbuf_16)
                                                         clknet_0_clk (net)
                      0.040485    0.000243    0.163158 ^ clkbuf_1_1__f_clk/A (sky130_fd_sc_hd__clkbuf_16)
     2    0.007444    0.031126    0.111774    0.274932 ^ clkbuf_1_1__f_clk/X (sky130_fd_sc_hd__clkbuf_16)
                                                         clknet_1_1__leaf_clk (net)
                      0.031126    0.000096    0.275028 ^ _47_/CLK (sky130_fd_sc_hd__dfxtp_1)
                                  0.250000    0.525028   clock uncertainty
                                  0.000000    0.525028   clock reconvergence pessimism
                                 -0.033548    0.491480   library hold time
                                              0.491480   data required time
---------------------------------------------------------------------------------------------
                                              0.491480   data required time
                                             -0.935502   data arrival time
---------------------------------------------------------------------------------------------
                                              0.444021   slack (MET)


Startpoint: _48_ (rising edge-triggered flip-flop clocked by clk)
Endpoint: _48_ (rising edge-triggered flip-flop clocked by clk)
Path Group: clk
Path Type: min

Fanout         Cap        Slew       Delay        Time   Description
---------------------------------------------------------------------------------------------
                                  0.000000    0.000000   clock clk (rise edge)
                                  0.000000    0.000000   clock source latency
     1    0.010559    0.053898    0.035799    0.035799 ^ clk (in)
                                                         clk (net)
                      0.053898    0.000000    0.035799 ^ clkbuf_0_clk/A (sky130_fd_sc_hd__clkbuf_16)
     2    0.018401    0.040484    0.127116    0.162915 ^ clkbuf_0_clk/X (sky130_fd_sc_hd__clkbuf_16)
                                                         clknet_0_clk (net)
                      0.040485    0.000213    0.163128 ^ clkbuf_1_0__f_clk/A (sky130_fd_sc_hd__clkbuf_16)
     2    0.006235    0.029881    0.110369    0.273498 ^ clkbuf_1_0__f_clk/X (sky130_fd_sc_hd__clkbuf_16)
                                                         clknet_1_0__leaf_clk (net)
                      0.029881    0.000060    0.273558 ^ _48_/CLK (sky130_fd_sc_hd__dfxtp_1)
     5    0.014753    0.076303    0.331148    0.604706 v _48_/Q (sky130_fd_sc_hd__dfxtp_1)
                                                         net6 (net)
                      0.076303    0.000239    0.604945 v _36_/C (sky130_fd_sc_hd__nand3_1)
     2    0.006384    0.083260    0.112999    0.717944 ^ _36_/Y (sky130_fd_sc_hd__nand3_1)
                                                         _15_ (net)
                      0.083260    0.000048    0.717992 ^ _37_/B (sky130_fd_sc_hd__nand2_1)
     1    0.004891    0.043208    0.069573    0.787565 v _37_/Y (sky130_fd_sc_hd__nand2_1)
                                                         _16_ (net)
                      0.043208    0.000024    0.787590 v _38_/B (sky130_fd_sc_hd__xnor2_1)
     1    0.002987    0.050920    0.128377    0.915967 ^ _38_/Y (sky130_fd_sc_hd__xnor2_1)
                                                         _17_ (net)
                      0.050920    0.000026    0.915993 ^ _40_/A2 (sky130_fd_sc_hd__o21ai_1)
     1    0.002874    0.030398    0.054297    0.970290 v _40_/Y (sky130_fd_sc_hd__o21ai_1)
                                                         _02_ (net)
                      0.030398    0.000032    0.970322 v _48_/D (sky130_fd_sc_hd__dfxtp_1)
                                              0.970322   data arrival time

                                  0.000000    0.000000   clock clk (rise edge)
                                  0.000000    0.000000   clock source latency
     1    0.010559    0.053898    0.035799    0.035799 ^ clk (in)
                                                         clk (net)
                      0.053898    0.000000    0.035799 ^ clkbuf_0_clk/A (sky130_fd_sc_hd__clkbuf_16)
     2    0.018401    0.040484    0.127116    0.162915 ^ clkbuf_0_clk/X (sky130_fd_sc_hd__clkbuf_16)
                                                         clknet_0_clk (net)
                      0.040485    0.000213    0.163128 ^ clkbuf_1_0__f_clk/A (sky130_fd_sc_hd__clkbuf_16)
     2    0.006235    0.029881    0.110369    0.273498 ^ clkbuf_1_0__f_clk/X (sky130_fd_sc_hd__clkbuf_16)
                                                         clknet_1_0__leaf_clk (net)
                      0.029881    0.000060    0.273558 ^ _48_/CLK (sky130_fd_sc_hd__dfxtp_1)
                                  0.250000    0.523558   clock uncertainty
                                  0.000000    0.523558   clock reconvergence pessimism
                                 -0.050857    0.472701   library hold time
                                              0.472701   data required time
---------------------------------------------------------------------------------------------
                                              0.472701   data required time
                                             -0.970322   data arrival time
---------------------------------------------------------------------------------------------
                                              0.497622   slack (MET)


Startpoint: _49_ (rising edge-triggered flip-flop clocked by clk)
Endpoint: _49_ (rising edge-triggered flip-flop clocked by clk)
Path Group: clk
Path Type: min

Fanout         Cap        Slew       Delay        Time   Description
---------------------------------------------------------------------------------------------
                                  0.000000    0.000000   clock clk (rise edge)
                                  0.000000    0.000000   clock source latency
     1    0.010559    0.053898    0.035799    0.035799 ^ clk (in)
                                                         clk (net)
                      0.053898    0.000000    0.035799 ^ clkbuf_0_clk/A (sky130_fd_sc_hd__clkbuf_16)
     2    0.018401    0.040484    0.127116    0.162915 ^ clkbuf_0_clk/X (sky130_fd_sc_hd__clkbuf_16)
                                                         clknet_0_clk (net)
                      0.040485    0.000243    0.163158 ^ clkbuf_1_1__f_clk/A (sky130_fd_sc_hd__clkbuf_16)
     2    0.007444    0.031126    0.111774    0.274932 ^ clkbuf_1_1__f_clk/X (sky130_fd_sc_hd__clkbuf_16)
                                                         clknet_1_1__leaf_clk (net)
                      0.031126    0.000072    0.275004 ^ _49_/CLK (sky130_fd_sc_hd__dfxtp_1)
     3    0.007632    0.082103    0.326592    0.601596 ^ _49_/Q (sky130_fd_sc_hd__dfxtp_1)
                                                         net7 (net)
                      0.082103    0.000089    0.601685 ^ _43_/B1 (sky130_fd_sc_hd__a31o_1)
     1    0.002880    0.041398    0.099110    0.700794 ^ _43_/X (sky130_fd_sc_hd__a31o_1)
                                                         _21_ (net)
                      0.041398    0.000025    0.700819 ^ _45_/A2 (sky130_fd_sc_hd__a31o_1)
     1    0.002455    0.041896    0.125614    0.826433 ^ _45_/X (sky130_fd_sc_hd__a31o_1)
                                                         _03_ (net)
                      0.041896    0.000024    0.826457 ^ hold4/A (sky130_fd_sc_hd__dlygate4sd3_1)
     1    0.001879    0.046963    0.525172    1.351629 ^ hold4/X (sky130_fd_sc_hd__dlygate4sd3_1)
                                                         net11 (net)
                      0.046963    0.000008    1.351637 ^ _49_/D (sky130_fd_sc_hd__dfxtp_1)
                                              1.351637   data arrival time

                                  0.000000    0.000000   clock clk (rise edge)
                                  0.000000    0.000000   clock source latency
     1    0.010559    0.053898    0.035799    0.035799 ^ clk (in)
                                                         clk (net)
                      0.053898    0.000000    0.035799 ^ clkbuf_0_clk/A (sky130_fd_sc_hd__clkbuf_16)
     2    0.018401    0.040484    0.127116    0.162915 ^ clkbuf_0_clk/X (sky130_fd_sc_hd__clkbuf_16)
                                                         clknet_0_clk (net)
                      0.040485    0.000243    0.163158 ^ clkbuf_1_1__f_clk/A (sky130_fd_sc_hd__clkbuf_16)
     2    0.007444    0.031126    0.111774    0.274932 ^ clkbuf_1_1__f_clk/X (sky130_fd_sc_hd__clkbuf_16)
                                                         clknet_1_1__leaf_clk (net)
                      0.031126    0.000072    0.275004 ^ _49_/CLK (sky130_fd_sc_hd__dfxtp_1)
                                  0.250000    0.525004   clock uncertainty
                                  0.000000    0.525004   clock reconvergence pessimism
                                 -0.033512    0.491493   library hold time
                                              0.491493   data required time
---------------------------------------------------------------------------------------------
                                              0.491493   data required time
                                             -1.351637   data arrival time
---------------------------------------------------------------------------------------------
                                              0.860145   slack (MET)


Startpoint: _49_ (rising edge-triggered flip-flop clocked by clk)
Endpoint: counter[3] (output port clocked by clk)
Path Group: clk
Path Type: min

Fanout         Cap        Slew       Delay        Time   Description
---------------------------------------------------------------------------------------------
                                  0.000000    0.000000   clock clk (rise edge)
                                  0.000000    0.000000   clock source latency
     1    0.010559    0.053898    0.035799    0.035799 ^ clk (in)
                                                         clk (net)
                      0.053898    0.000000    0.035799 ^ clkbuf_0_clk/A (sky130_fd_sc_hd__clkbuf_16)
     2    0.018401    0.040484    0.127116    0.162915 ^ clkbuf_0_clk/X (sky130_fd_sc_hd__clkbuf_16)
                                                         clknet_0_clk (net)
                      0.040485    0.000243    0.163158 ^ clkbuf_1_1__f_clk/A (sky130_fd_sc_hd__clkbuf_16)
     2    0.007444    0.031126    0.111774    0.274932 ^ clkbuf_1_1__f_clk/X (sky130_fd_sc_hd__clkbuf_16)
                                                         clknet_1_1__leaf_clk (net)
                      0.031126    0.000072    0.275004 ^ _49_/CLK (sky130_fd_sc_hd__dfxtp_1)
     3    0.006969    0.043930    0.303393    0.578397 v _49_/Q (sky130_fd_sc_hd__dfxtp_1)
                                                         net7 (net)
                      0.043930    0.000042    0.578440 v output7/A (sky130_fd_sc_hd__buf_2)
     1    0.034080    0.088934    0.179615    0.758055 v output7/X (sky130_fd_sc_hd__buf_2)
                                                         counter[3] (net)
                      0.088934    0.000251    0.758306 v counter[3] (out)
                                              0.758306   data arrival time

                                  0.000000    0.000000   clock clk (rise edge)
                                  0.000000    0.000000   clock network delay (propagated)
                                  0.250000    0.250000   clock uncertainty
                                  0.000000    0.250000   clock reconvergence pessimism
                                 -2.000000   -1.750000   output external delay
                                             -1.750000   data required time
---------------------------------------------------------------------------------------------
                                             -1.750000   data required time
                                             -0.758306   data arrival time
---------------------------------------------------------------------------------------------
                                              2.508306   slack (MET)


Startpoint: _48_ (rising edge-triggered flip-flop clocked by clk)
Endpoint: counter[2] (output port clocked by clk)
Path Group: clk
Path Type: min

Fanout         Cap        Slew       Delay        Time   Description
---------------------------------------------------------------------------------------------
                                  0.000000    0.000000   clock clk (rise edge)
                                  0.000000    0.000000   clock source latency
     1    0.010559    0.053898    0.035799    0.035799 ^ clk (in)
                                                         clk (net)
                      0.053898    0.000000    0.035799 ^ clkbuf_0_clk/A (sky130_fd_sc_hd__clkbuf_16)
     2    0.018401    0.040484    0.127116    0.162915 ^ clkbuf_0_clk/X (sky130_fd_sc_hd__clkbuf_16)
                                                         clknet_0_clk (net)
                      0.040485    0.000213    0.163128 ^ clkbuf_1_0__f_clk/A (sky130_fd_sc_hd__clkbuf_16)
     2    0.006235    0.029881    0.110369    0.273498 ^ clkbuf_1_0__f_clk/X (sky130_fd_sc_hd__clkbuf_16)
                                                         clknet_1_0__leaf_clk (net)
                      0.029881    0.000060    0.273558 ^ _48_/CLK (sky130_fd_sc_hd__dfxtp_1)
     5    0.014753    0.076303    0.331148    0.604706 v _48_/Q (sky130_fd_sc_hd__dfxtp_1)
                                                         net6 (net)
                      0.076303    0.000091    0.604797 v output6/A (sky130_fd_sc_hd__buf_2)
     1    0.034725    0.090300    0.195284    0.800081 v output6/X (sky130_fd_sc_hd__buf_2)
                                                         counter[2] (net)
                      0.090300    0.000304    0.800385 v counter[2] (out)
                                              0.800385   data arrival time

                                  0.000000    0.000000   clock clk (rise edge)
                                  0.000000    0.000000   clock network delay (propagated)
                                  0.250000    0.250000   clock uncertainty
                                  0.000000    0.250000   clock reconvergence pessimism
                                 -2.000000   -1.750000   output external delay
                                             -1.750000   data required time
---------------------------------------------------------------------------------------------
                                             -1.750000   data required time
                                             -0.800385   data arrival time
---------------------------------------------------------------------------------------------
                                              2.550385   slack (MET)


Startpoint: _47_ (rising edge-triggered flip-flop clocked by clk)
Endpoint: counter[1] (output port clocked by clk)
Path Group: clk
Path Type: min

Fanout         Cap        Slew       Delay        Time   Description
---------------------------------------------------------------------------------------------
                                  0.000000    0.000000   clock clk (rise edge)
                                  0.000000    0.000000   clock source latency
     1    0.010559    0.053898    0.035799    0.035799 ^ clk (in)
                                                         clk (net)
                      0.053898    0.000000    0.035799 ^ clkbuf_0_clk/A (sky130_fd_sc_hd__clkbuf_16)
     2    0.018401    0.040484    0.127116    0.162915 ^ clkbuf_0_clk/X (sky130_fd_sc_hd__clkbuf_16)
                                                         clknet_0_clk (net)
                      0.040485    0.000243    0.163158 ^ clkbuf_1_1__f_clk/A (sky130_fd_sc_hd__clkbuf_16)
     2    0.007444    0.031126    0.111774    0.274932 ^ clkbuf_1_1__f_clk/X (sky130_fd_sc_hd__clkbuf_16)
                                                         clknet_1_1__leaf_clk (net)
                      0.031126    0.000096    0.275028 ^ _47_/CLK (sky130_fd_sc_hd__dfxtp_1)
     6    0.021891    0.107275    0.356318    0.631347 v _47_/Q (sky130_fd_sc_hd__dfxtp_1)
                                                         net5 (net)
                      0.107275    0.000059    0.631406 v output5/A (sky130_fd_sc_hd__buf_2)
     1    0.034852    0.090642    0.209554    0.840960 v output5/X (sky130_fd_sc_hd__buf_2)
                                                         counter[1] (net)
                      0.090642    0.000376    0.841336 v counter[1] (out)
                                              0.841336   data arrival time

                                  0.000000    0.000000   clock clk (rise edge)
                                  0.000000    0.000000   clock network delay (propagated)
                                  0.250000    0.250000   clock uncertainty
                                  0.000000    0.250000   clock reconvergence pessimism
                                 -2.000000   -1.750000   output external delay
                                             -1.750000   data required time
---------------------------------------------------------------------------------------------
                                             -1.750000   data required time
                                             -0.841336   data arrival time
---------------------------------------------------------------------------------------------
                                              2.591336   slack (MET)


Startpoint: _46_ (rising edge-triggered flip-flop clocked by clk)
Endpoint: counter[0] (output port clocked by clk)
Path Group: clk
Path Type: min

Fanout         Cap        Slew       Delay        Time   Description
---------------------------------------------------------------------------------------------
                                  0.000000    0.000000   clock clk (rise edge)
                                  0.000000    0.000000   clock source latency
     1    0.010559    0.053898    0.035799    0.035799 ^ clk (in)
                                                         clk (net)
                      0.053898    0.000000    0.035799 ^ clkbuf_0_clk/A (sky130_fd_sc_hd__clkbuf_16)
     2    0.018401    0.040484    0.127116    0.162915 ^ clkbuf_0_clk/X (sky130_fd_sc_hd__clkbuf_16)
                                                         clknet_0_clk (net)
                      0.040485    0.000213    0.163128 ^ clkbuf_1_0__f_clk/A (sky130_fd_sc_hd__clkbuf_16)
     2    0.006235    0.029881    0.110369    0.273498 ^ clkbuf_1_0__f_clk/X (sky130_fd_sc_hd__clkbuf_16)
                                                         clknet_1_0__leaf_clk (net)
                      0.029881    0.000052    0.273550 ^ _46_/CLK (sky130_fd_sc_hd__dfxtp_1)
     7    0.022971    0.111627    0.359548    0.633098 v _46_/Q (sky130_fd_sc_hd__dfxtp_1)
                                                         net4 (net)
                      0.111627    0.000257    0.633355 v output4/A (sky130_fd_sc_hd__buf_2)
     1    0.034510    0.089877    0.210949    0.844305 v output4/X (sky130_fd_sc_hd__buf_2)
                                                         counter[0] (net)
                      0.089878    0.000307    0.844611 v counter[0] (out)
                                              0.844611   data arrival time

                                  0.000000    0.000000   clock clk (rise edge)
                                  0.000000    0.000000   clock network delay (propagated)
                                  0.250000    0.250000   clock uncertainty
                                  0.000000    0.250000   clock reconvergence pessimism
                                 -2.000000   -1.750000   output external delay
                                             -1.750000   data required time
---------------------------------------------------------------------------------------------
                                             -1.750000   data required time
                                             -0.844611   data arrival time
---------------------------------------------------------------------------------------------
                                              2.594611   slack (MET)



