
===========================================================================
 report_power
============================================================================
======================= nom_tt_025C_1v80 Corner ===================================

Group                    Internal    Switching      Leakage        Total
                            Power        Power        Power        Power (Watts)
------------------------------------------------------------------------
Sequential           1.838145e-05 2.572525e-06 3.377588e-11 2.095400e-05  23.1%
Combinational        5.763285e-06 4.412043e-06 7.147118e-11 1.017540e-05  11.2%
Clock                5.083868e-05 8.546614e-06 8.880989e-11 5.938538e-05  65.6%
Macro                0.000000e+00 0.000000e+00 0.000000e+00 0.000000e+00   0.0%
Pad                  0.000000e+00 0.000000e+00 0.000000e+00 0.000000e+00   0.0%
------------------------------------------------------------------------
Total                7.498341e-05 1.553118e-05 1.940569e-10 9.051480e-05 100.0%
                            82.8%        17.2%         0.0%
Writing metric power__internal__total: 7.498341437894851e-5
Writing metric power__switching__total: 1.5531182725680992e-5
Writing metric power__leakage__total: 1.940569371861045e-10
Writing metric power__total: 9.051479719346389e-5

