
===========================================================================
report_checks -path_delay max (Setup)
============================================================================
======================= nom_ss_100C_1v60 Corner ===================================

Startpoint: up_down (input port clocked by clk)
Endpoint: _49_ (rising edge-triggered flip-flop clocked by clk)
Path Group: clk
Path Type: max

Fanout         Cap        Slew       Delay        Time   Description
---------------------------------------------------------------------------------------------
                                  0.000000    0.000000   clock clk (rise edge)
                                  0.000000    0.000000   clock network delay (propagated)
                                  2.000000    2.000000 v input external delay
     5    0.015389    0.070357    0.047553    2.047553 v up_down (in)
                                                         up_down (net)
                      0.070357    0.000000    2.047553 v _42_/A_N (sky130_fd_sc_hd__nand2b_2)
     2    0.006545    0.108116    0.370439    2.417993 v _42_/Y (sky130_fd_sc_hd__nand2b_2)
                                                         _20_ (net)
                      0.108116    0.000000    2.417993 v _43_/A3 (sky130_fd_sc_hd__a31o_2)
     1    0.002291    0.060966    0.448076    2.866069 v _43_/X (sky130_fd_sc_hd__a31o_2)
                                                         _21_ (net)
                      0.060966    0.000000    2.866069 v _45_/A2 (sky130_fd_sc_hd__a31o_2)
     1    0.001577    0.056465    0.397590    3.263659 v _45_/X (sky130_fd_sc_hd__a31o_2)
                                                         _03_ (net)
                      0.056465    0.000000    3.263659 v _49_/D (sky130_fd_sc_hd__dfxtp_2)
                                              3.263659   data arrival time

                                 10.000000   10.000000   clock clk (rise edge)
                                  0.000000   10.000000   clock source latency
     4    0.006872    0.061889    0.036823   10.036823 ^ clk (in)
                                                         clk (net)
                      0.061889    0.000000   10.036823 ^ _49_/CLK (sky130_fd_sc_hd__dfxtp_2)
                                 -0.250000    9.786823   clock uncertainty
                                  0.000000    9.786823   clock reconvergence pessimism
                                 -0.270955    9.515867   library setup time
                                              9.515867   data required time
---------------------------------------------------------------------------------------------
                                              9.515867   data required time
                                             -3.263659   data arrival time
---------------------------------------------------------------------------------------------
                                              6.252209   slack (MET)


Startpoint: up_down (input port clocked by clk)
Endpoint: _48_ (rising edge-triggered flip-flop clocked by clk)
Path Group: clk
Path Type: max

Fanout         Cap        Slew       Delay        Time   Description
---------------------------------------------------------------------------------------------
                                  0.000000    0.000000   clock clk (rise edge)
                                  0.000000    0.000000   clock network delay (propagated)
                                  2.000000    2.000000 v input external delay
     5    0.015389    0.070357    0.047553    2.047553 v up_down (in)
                                                         up_down (net)
                      0.070357    0.000000    2.047553 v _30_/A (sky130_fd_sc_hd__or2_2)
     2    0.012761    0.166928    0.741076    2.788629 v _30_/X (sky130_fd_sc_hd__or2_2)
                                                         _10_ (net)
                      0.166928    0.000000    2.788629 v _38_/A (sky130_fd_sc_hd__xnor2_2)
     1    0.004691    0.189543    0.284890    3.073519 ^ _38_/Y (sky130_fd_sc_hd__xnor2_2)
                                                         _17_ (net)
                      0.189543    0.000000    3.073519 ^ _40_/A2 (sky130_fd_sc_hd__o21ai_2)
     1    0.001577    0.060537    0.122952    3.196471 v _40_/Y (sky130_fd_sc_hd__o21ai_2)
                                                         _02_ (net)
                      0.060537    0.000000    3.196471 v _48_/D (sky130_fd_sc_hd__dfxtp_2)
                                              3.196471   data arrival time

                                 10.000000   10.000000   clock clk (rise edge)
                                  0.000000   10.000000   clock source latency
     4    0.006872    0.061889    0.036823   10.036823 ^ clk (in)
                                                         clk (net)
                      0.061889    0.000000   10.036823 ^ _48_/CLK (sky130_fd_sc_hd__dfxtp_2)
                                 -0.250000    9.786823   clock uncertainty
                                  0.000000    9.786823   clock reconvergence pessimism
                                 -0.272648    9.514174   library setup time
                                              9.514174   data required time
---------------------------------------------------------------------------------------------
                                              9.514174   data required time
                                             -3.196471   data arrival time
---------------------------------------------------------------------------------------------
                                              6.317703   slack (MET)


Startpoint: up_down (input port clocked by clk)
Endpoint: _47_ (rising edge-triggered flip-flop clocked by clk)
Path Group: clk
Path Type: max

Fanout         Cap        Slew       Delay        Time   Description
---------------------------------------------------------------------------------------------
                                  0.000000    0.000000   clock clk (rise edge)
                                  0.000000    0.000000   clock network delay (propagated)
                                  2.000000    2.000000 v input external delay
     5    0.015389    0.070357    0.047553    2.047553 v up_down (in)
                                                         up_down (net)
                      0.070357    0.000000    2.047553 v _30_/A (sky130_fd_sc_hd__or2_2)
     2    0.012761    0.166928    0.741076    2.788629 v _30_/X (sky130_fd_sc_hd__or2_2)
                                                         _10_ (net)
                      0.166928    0.000000    2.788629 v _32_/A (sky130_fd_sc_hd__nand2_2)
     1    0.002501    0.061651    0.115327    2.903956 ^ _32_/Y (sky130_fd_sc_hd__nand2_2)
                                                         _12_ (net)
                      0.061651    0.000000    2.903956 ^ _34_/A3 (sky130_fd_sc_hd__a31o_2)
     1    0.001537    0.060216    0.302972    3.206928 ^ _34_/X (sky130_fd_sc_hd__a31o_2)
                                                         _01_ (net)
                      0.060216    0.000000    3.206928 ^ _47_/D (sky130_fd_sc_hd__dfxtp_2)
                                              3.206928   data arrival time

                                 10.000000   10.000000   clock clk (rise edge)
                                  0.000000   10.000000   clock source latency
     4    0.006872    0.061889    0.036823   10.036823 ^ clk (in)
                                                         clk (net)
                      0.061889    0.000000   10.036823 ^ _47_/CLK (sky130_fd_sc_hd__dfxtp_2)
                                 -0.250000    9.786823   clock uncertainty
                                  0.000000    9.786823   clock reconvergence pessimism
                                 -0.139887    9.646936   library setup time
                                              9.646936   data required time
---------------------------------------------------------------------------------------------
                                              9.646936   data required time
                                             -3.206928   data arrival time
---------------------------------------------------------------------------------------------
                                              6.440008   slack (MET)


Startpoint: _46_ (rising edge-triggered flip-flop clocked by clk)
Endpoint: counter[0] (output port clocked by clk)
Path Group: clk
Path Type: max

Fanout         Cap        Slew       Delay        Time   Description
---------------------------------------------------------------------------------------------
                                  0.000000    0.000000   clock clk (rise edge)
                                  0.000000    0.000000   clock source latency
     4    0.006872    0.061889    0.036823    0.036823 ^ clk (in)
                                                         clk (net)
                      0.061889    0.000000    0.036823 ^ _46_/CLK (sky130_fd_sc_hd__dfxtp_2)
     7    0.063987    0.513305    0.980143    1.016966 ^ _46_/Q (sky130_fd_sc_hd__dfxtp_2)
                                                         counter[0] (net)
                      0.513305    0.000000    1.016966 ^ counter[0] (out)
                                              1.016966   data arrival time

                                 10.000000   10.000000   clock clk (rise edge)
                                  0.000000   10.000000   clock network delay (propagated)
                                 -0.250000    9.750000   clock uncertainty
                                  0.000000    9.750000   clock reconvergence pessimism
                                 -2.000000    7.750000   output external delay
                                              7.750000   data required time
---------------------------------------------------------------------------------------------
                                              7.750000   data required time
                                             -1.016966   data arrival time
---------------------------------------------------------------------------------------------
                                              6.733034   slack (MET)


Startpoint: _47_ (rising edge-triggered flip-flop clocked by clk)
Endpoint: counter[1] (output port clocked by clk)
Path Group: clk
Path Type: max

Fanout         Cap        Slew       Delay        Time   Description
---------------------------------------------------------------------------------------------
                                  0.000000    0.000000   clock clk (rise edge)
                                  0.000000    0.000000   clock source latency
     4    0.006872    0.061889    0.036823    0.036823 ^ clk (in)
                                                         clk (net)
                      0.061889    0.000000    0.036823 ^ _47_/CLK (sky130_fd_sc_hd__dfxtp_2)
     6    0.056108    0.452749    0.936817    0.973640 ^ _47_/Q (sky130_fd_sc_hd__dfxtp_2)
                                                         counter[1] (net)
                      0.452749    0.000000    0.973640 ^ counter[1] (out)
                                              0.973640   data arrival time

                                 10.000000   10.000000   clock clk (rise edge)
                                  0.000000   10.000000   clock network delay (propagated)
                                 -0.250000    9.750000   clock uncertainty
                                  0.000000    9.750000   clock reconvergence pessimism
                                 -2.000000    7.750000   output external delay
                                              7.750000   data required time
---------------------------------------------------------------------------------------------
                                              7.750000   data required time
                                             -0.973640   data arrival time
---------------------------------------------------------------------------------------------
                                              6.776360   slack (MET)


Startpoint: _48_ (rising edge-triggered flip-flop clocked by clk)
Endpoint: counter[2] (output port clocked by clk)
Path Group: clk
Path Type: max

Fanout         Cap        Slew       Delay        Time   Description
---------------------------------------------------------------------------------------------
                                  0.000000    0.000000   clock clk (rise edge)
                                  0.000000    0.000000   clock source latency
     4    0.006872    0.061889    0.036823    0.036823 ^ clk (in)
                                                         clk (net)
                      0.061889    0.000000    0.036823 ^ _48_/CLK (sky130_fd_sc_hd__dfxtp_2)
     5    0.049860    0.405229    0.902239    0.939062 ^ _48_/Q (sky130_fd_sc_hd__dfxtp_2)
                                                         counter[2] (net)
                      0.405229    0.000000    0.939062 ^ counter[2] (out)
                                              0.939062   data arrival time

                                 10.000000   10.000000   clock clk (rise edge)
                                  0.000000   10.000000   clock network delay (propagated)
                                 -0.250000    9.750000   clock uncertainty
                                  0.000000    9.750000   clock reconvergence pessimism
                                 -2.000000    7.750000   output external delay
                                              7.750000   data required time
---------------------------------------------------------------------------------------------
                                              7.750000   data required time
                                             -0.939062   data arrival time
---------------------------------------------------------------------------------------------
                                              6.810938   slack (MET)


Startpoint: _49_ (rising edge-triggered flip-flop clocked by clk)
Endpoint: counter[3] (output port clocked by clk)
Path Group: clk
Path Type: max

Fanout         Cap        Slew       Delay        Time   Description
---------------------------------------------------------------------------------------------
                                  0.000000    0.000000   clock clk (rise edge)
                                  0.000000    0.000000   clock source latency
     4    0.006872    0.061889    0.036823    0.036823 ^ clk (in)
                                                         clk (net)
                      0.061889    0.000000    0.036823 ^ _49_/CLK (sky130_fd_sc_hd__dfxtp_2)
     3    0.040421    0.333441    0.850002    0.886825 ^ _49_/Q (sky130_fd_sc_hd__dfxtp_2)
                                                         counter[3] (net)
                      0.333441    0.000000    0.886825 ^ counter[3] (out)
                                              0.886825   data arrival time

                                 10.000000   10.000000   clock clk (rise edge)
                                  0.000000   10.000000   clock network delay (propagated)
                                 -0.250000    9.750000   clock uncertainty
                                  0.000000    9.750000   clock reconvergence pessimism
                                 -2.000000    7.750000   output external delay
                                              7.750000   data required time
---------------------------------------------------------------------------------------------
                                              7.750000   data required time
                                             -0.886825   data arrival time
---------------------------------------------------------------------------------------------
                                              6.863175   slack (MET)


Startpoint: enable (input port clocked by clk)
Endpoint: _46_ (rising edge-triggered flip-flop clocked by clk)
Path Group: clk
Path Type: max

Fanout         Cap        Slew       Delay        Time   Description
---------------------------------------------------------------------------------------------
                                  0.000000    0.000000   clock clk (rise edge)
                                  0.000000    0.000000   clock network delay (propagated)
                                  2.000000    2.000000 ^ input external delay
     5    0.018470    0.141729    0.094340    2.094340 ^ enable (in)
                                                         enable (net)
                      0.141729    0.000000    2.094340 ^ _26_/A (sky130_fd_sc_hd__nor2_2)
     3    0.011581    0.074816    0.126617    2.220958 v _26_/Y (sky130_fd_sc_hd__nor2_2)
                                                         _07_ (net)
                      0.074816    0.000000    2.220958 v _27_/A2 (sky130_fd_sc_hd__a21oi_2)
     1    0.004518    0.160081    0.228677    2.449635 ^ _27_/Y (sky130_fd_sc_hd__a21oi_2)
                                                         _08_ (net)
                      0.160081    0.000000    2.449635 ^ _28_/B1 (sky130_fd_sc_hd__o21ai_2)
     1    0.001577    0.084603    0.118723    2.568358 v _28_/Y (sky130_fd_sc_hd__o21ai_2)
                                                         _00_ (net)
                      0.084603    0.000000    2.568358 v _46_/D (sky130_fd_sc_hd__dfxtp_2)
                                              2.568358   data arrival time

                                 10.000000   10.000000   clock clk (rise edge)
                                  0.000000   10.000000   clock source latency
     4    0.006872    0.061889    0.036823   10.036823 ^ clk (in)
                                                         clk (net)
                      0.061889    0.000000   10.036823 ^ _46_/CLK (sky130_fd_sc_hd__dfxtp_2)
                                 -0.250000    9.786823   clock uncertainty
                                  0.000000    9.786823   clock reconvergence pessimism
                                 -0.282653    9.504170   library setup time
                                              9.504170   data required time
---------------------------------------------------------------------------------------------
                                              9.504170   data required time
                                             -2.568358   data arrival time
---------------------------------------------------------------------------------------------
                                              6.935812   slack (MET)



