Clock: clk
Sources: clk 
Generated: no
Virtual: yes
Propagated: no
Period: 10.000000

===========================================================================
report_clock_properties
============================================================================
Clock                   Period          Waveform
----------------------------------------------------
clk                  10.000000    0.000000  5.000000

===========================================================================
report_clock_latency
============================================================================
Clock clk
rise -> rise
    min     max
0.000000 0.000000 source latency
0.182047         network latency _47_/CLK
        0.182444 network latency _48_/CLK
---------------
0.182047 0.182444 latency
        0.000398 skew

fall -> fall
    min     max
0.000000 0.000000 source latency
0.184512         network latency _47_/CLK
        0.184844 network latency _48_/CLK
---------------
0.184512 0.184844 latency
        0.000333 skew



===========================================================================
report_clock_min_period
============================================================================
clk period_min = 0.97 fmax = 1035.73
